D Language File
  DLangDeclDefsImpl(DECL_DEFS)
    DLangDeclDefImpl(DECL_DEF)
      DLangDeclarationImpl(DECLARATION)
        DLangVarDeclarationsImpl(VAR_DECLARATIONS)
          DLangBasicTypeImpl(BASIC_TYPE)
            DLangBasicTypeXImpl(BASIC_TYPE_X)
              PsiElement(DLangTokenType.int)('int')
          DLangDeclaratorsImpl(DECLARATORS)
            DECLARATOR_INITIALIZER
              DLangVarDeclaratorImpl(VAR_DECLARATOR)
                DLangBasicType2Impl(BASIC_TYPE_2)
                  DLangBasicType2XImpl(BASIC_TYPE_2_X)
                    PsiElement(DLangTokenType.[)('[')
                    DLangAssignExpressionImpl(ASSIGN_EXPRESSION)
                      DLangPostfixExpressionImpl(POSTFIX_EXPRESSION)
                        DLangPrimaryExpressionImpl(PRIMARY_EXPRESSION)
                          PsiElement(DLangTokenType.INTEGER_LITERAL)('3')
                    PsiElement(DLangTokenType.])(']')
                IDENTIFIER
                  PsiElement(DLangTokenType.ID)('abc')
          PsiElement(DLangTokenType.;)(';')
    PsiComment(DLangTokenType.LINE_COMMENT)('// static array of 3 ints')
    DLangDeclDefImpl(DECL_DEF)
      DLangDeclarationImpl(DECLARATION)
        DLangVarDeclarationsImpl(VAR_DECLARATIONS)
          DLangBasicTypeImpl(BASIC_TYPE)
            DLangBasicTypeXImpl(BASIC_TYPE_X)
              PsiElement(DLangTokenType.int)('int')
          DLangDeclaratorsImpl(DECLARATORS)
            DECLARATOR_INITIALIZER
              DLangVarDeclaratorImpl(VAR_DECLARATOR)
                DLangBasicType2Impl(BASIC_TYPE_2)
                  DLangBasicType2XImpl(BASIC_TYPE_2_X)
                    PsiElement(DLangTokenType.[)('[')
                    PsiElement(DLangTokenType.])(']')
                IDENTIFIER
                  PsiElement(DLangTokenType.ID)('def')
              PsiElement(DLangTokenType.=)('=')
              DLangInitializerImpl(INITIALIZER)
                DLangNonVoidInitializerImpl(NON_VOID_INITIALIZER)
                  DLangAssignExpressionImpl(ASSIGN_EXPRESSION)
                    DLangPostfixExpressionImpl(POSTFIX_EXPRESSION)
                      DLangPrimaryExpressionImpl(PRIMARY_EXPRESSION)
                        DLangArrayLiteralImpl(ARRAY_LITERAL)
                          PsiElement(DLangTokenType.[)('[')
                          DLangArgumentListImpl(ARGUMENT_LIST)
                            DLangAssignExpressionImpl(ASSIGN_EXPRESSION)
                              DLangPostfixExpressionImpl(POSTFIX_EXPRESSION)
                                DLangPrimaryExpressionImpl(PRIMARY_EXPRESSION)
                                  PsiElement(DLangTokenType.INTEGER_LITERAL)('1')
                            PsiElement(DLangTokenType.,)(',')
                            DLangAssignExpressionImpl(ASSIGN_EXPRESSION)
                              DLangPostfixExpressionImpl(POSTFIX_EXPRESSION)
                                DLangPrimaryExpressionImpl(PRIMARY_EXPRESSION)
                                  PsiElement(DLangTokenType.INTEGER_LITERAL)('2')
                            PsiElement(DLangTokenType.,)(',')
                            DLangAssignExpressionImpl(ASSIGN_EXPRESSION)
                              DLangPostfixExpressionImpl(POSTFIX_EXPRESSION)
                                DLangPrimaryExpressionImpl(PRIMARY_EXPRESSION)
                                  PsiElement(DLangTokenType.INTEGER_LITERAL)('3')
                          PsiElement(DLangTokenType.])(']')
          PsiElement(DLangTokenType.;)(';')
    PsiComment(DLangTokenType.LINE_COMMENT)('// dynamic array of 3 ints')
    DLangDeclDefImpl(DECL_DEF)
      DLangDeclarationImpl(DECLARATION)
        FUNC_DECLARATION
          DLangBasicTypeImpl(BASIC_TYPE)
            DLangBasicTypeXImpl(BASIC_TYPE_X)
              PsiElement(DLangTokenType.void)('void')
          IDENTIFIER
            PsiElement(DLangTokenType.ID)('dibb')
          DLangFuncDeclaratorSuffixImpl(FUNC_DECLARATOR_SUFFIX)
            DLangParametersImpl(PARAMETERS)
              PsiElement(DLangTokenType.()('(')
              DLangParameterListImpl(PARAMETER_LIST)
                DLangParameterImpl(PARAMETER)
                  DLangBasicTypeImpl(BASIC_TYPE)
                    DLangBasicTypeXImpl(BASIC_TYPE_X)
                      PsiElement(DLangTokenType.int)('int')
                  DLangDeclaratorImpl(DECLARATOR)
                    DLangVarDeclaratorImpl(VAR_DECLARATOR)
                      DLangBasicType2Impl(BASIC_TYPE_2)
                        DLangBasicType2XImpl(BASIC_TYPE_2_X)
                          PsiElement(DLangTokenType.*)('*')
                      IDENTIFIER
                        PsiElement(DLangTokenType.ID)('array')
              PsiElement(DLangTokenType.))(')')
          DLangFunctionBodyImpl(FUNCTION_BODY)
            DLangBlockStatementImpl(BLOCK_STATEMENT)
              PsiElement(DLangTokenType.{)('{')
              DLangStatementListImpl(STATEMENT_LIST)
                DLangStatementImpl(STATEMENT)
                  DLangNonEmptyStatementImpl(NON_EMPTY_STATEMENT)
                    DLangNonEmptyStatementNoCaseNoDefaultImpl(NON_EMPTY_STATEMENT_NO_CASE_NO_DEFAULT)
                      DLangExpressionStatementImpl(EXPRESSION_STATEMENT)
                        DLangCommaExpressionImpl(COMMA_EXPRESSION)
                          DLangAssignExpressionImpl(ASSIGN_EXPRESSION)
                            DLangPostfixExpressionImpl(POSTFIX_EXPRESSION)
                              DLangPrimaryExpressionImpl(PRIMARY_EXPRESSION)
                                IDENTIFIER
                                  PsiElement(DLangTokenType.ID)('array')
                            DLangPostfixExpressionImpl(POSTFIX_EXPRESSION)
                              DLangPrimaryExpressionImpl(PRIMARY_EXPRESSION)
                                DLangArrayLiteralImpl(ARRAY_LITERAL)
                                  PsiElement(DLangTokenType.[)('[')
                                  DLangArgumentListImpl(ARGUMENT_LIST)
                                    DLangAssignExpressionImpl(ASSIGN_EXPRESSION)
                                      DLangPostfixExpressionImpl(POSTFIX_EXPRESSION)
                                        DLangPrimaryExpressionImpl(PRIMARY_EXPRESSION)
                                          PsiElement(DLangTokenType.INTEGER_LITERAL)('2')
                                  PsiElement(DLangTokenType.])(']')
                        PsiElement(DLangTokenType.;)(';')
                PsiComment(DLangTokenType.LINE_COMMENT)('// means same thing as *(array + 2)')
                DLangStatementImpl(STATEMENT)
                  DLangNonEmptyStatementImpl(NON_EMPTY_STATEMENT)
                    DLangNonEmptyStatementNoCaseNoDefaultImpl(NON_EMPTY_STATEMENT_NO_CASE_NO_DEFAULT)
                      DLangExpressionStatementImpl(EXPRESSION_STATEMENT)
                        DLangCommaExpressionImpl(COMMA_EXPRESSION)
                          DLangAssignExpressionImpl(ASSIGN_EXPRESSION)
                            PsiElement(DLangTokenType.*)('*')
                            DLangPostfixExpressionImpl(POSTFIX_EXPRESSION)
                              DLangPrimaryExpressionImpl(PRIMARY_EXPRESSION)
                                PsiElement(DLangTokenType.()('(')
                                DLangCommaExpressionImpl(COMMA_EXPRESSION)
                                  DLangAssignExpressionImpl(ASSIGN_EXPRESSION)
                                    DLangPostfixExpressionImpl(POSTFIX_EXPRESSION)
                                      DLangPrimaryExpressionImpl(PRIMARY_EXPRESSION)
                                        IDENTIFIER
                                          PsiElement(DLangTokenType.ID)('array')
                                    DLangAddExpression_Impl(ADD_EXPRESSION_)
                                      PsiElement(DLangTokenType.+)('+')
                                      DLangPostfixExpressionImpl(POSTFIX_EXPRESSION)
                                        DLangPrimaryExpressionImpl(PRIMARY_EXPRESSION)
                                          PsiElement(DLangTokenType.INTEGER_LITERAL)('2')
                                PsiElement(DLangTokenType.))(')')
                        PsiElement(DLangTokenType.;)(';')
              PsiComment(DLangTokenType.LINE_COMMENT)('// get 3rd element')
              PsiElement(DLangTokenType.})('}')
    DLangDeclDefImpl(DECL_DEF)
      DLangDeclarationImpl(DECLARATION)
        FUNC_DECLARATION
          DLangBasicTypeImpl(BASIC_TYPE)
            DLangBasicTypeXImpl(BASIC_TYPE_X)
              PsiElement(DLangTokenType.void)('void')
          IDENTIFIER
            PsiElement(DLangTokenType.ID)('diss')
          DLangFuncDeclaratorSuffixImpl(FUNC_DECLARATOR_SUFFIX)
            DLangParametersImpl(PARAMETERS)
              PsiElement(DLangTokenType.()('(')
              DLangParameterListImpl(PARAMETER_LIST)
                DLangParameterImpl(PARAMETER)
                  DLangBasicTypeImpl(BASIC_TYPE)
                    DLangBasicTypeXImpl(BASIC_TYPE_X)
                      PsiElement(DLangTokenType.int)('int')
                  DLangDeclaratorImpl(DECLARATOR)
                    DLangVarDeclaratorImpl(VAR_DECLARATOR)
                      DLangBasicType2Impl(BASIC_TYPE_2)
                        DLangBasicType2XImpl(BASIC_TYPE_2_X)
                          PsiElement(DLangTokenType.[)('[')
                          PsiElement(DLangTokenType.])(']')
                      IDENTIFIER
                        PsiElement(DLangTokenType.ID)('array')
              PsiElement(DLangTokenType.))(')')
          DLangFunctionBodyImpl(FUNCTION_BODY)
            DLangBlockStatementImpl(BLOCK_STATEMENT)
              PsiElement(DLangTokenType.{)('{')
              DLangStatementListImpl(STATEMENT_LIST)
                DLangStatementImpl(STATEMENT)
                  DLangNonEmptyStatementImpl(NON_EMPTY_STATEMENT)
                    DLangNonEmptyStatementNoCaseNoDefaultImpl(NON_EMPTY_STATEMENT_NO_CASE_NO_DEFAULT)
                      DLangExpressionStatementImpl(EXPRESSION_STATEMENT)
                        DLangCommaExpressionImpl(COMMA_EXPRESSION)
                          DLangAssignExpressionImpl(ASSIGN_EXPRESSION)
                            DLangPostfixExpressionImpl(POSTFIX_EXPRESSION)
                              DLangPrimaryExpressionImpl(PRIMARY_EXPRESSION)
                                IDENTIFIER
                                  PsiElement(DLangTokenType.ID)('array')
                            DLangPostfixExpressionImpl(POSTFIX_EXPRESSION)
                              DLangPrimaryExpressionImpl(PRIMARY_EXPRESSION)
                                DLangArrayLiteralImpl(ARRAY_LITERAL)
                                  PsiElement(DLangTokenType.[)('[')
                                  DLangArgumentListImpl(ARGUMENT_LIST)
                                    DLangAssignExpressionImpl(ASSIGN_EXPRESSION)
                                      DLangPostfixExpressionImpl(POSTFIX_EXPRESSION)
                                        DLangPrimaryExpressionImpl(PRIMARY_EXPRESSION)
                                          PsiElement(DLangTokenType.INTEGER_LITERAL)('2')
                                  PsiElement(DLangTokenType.])(']')
                        PsiElement(DLangTokenType.;)(';')
                PsiComment(DLangTokenType.LINE_COMMENT)('// ok')
                DLangStatementImpl(STATEMENT)
                  DLangNonEmptyStatementImpl(NON_EMPTY_STATEMENT)
                    DLangNonEmptyStatementNoCaseNoDefaultImpl(NON_EMPTY_STATEMENT_NO_CASE_NO_DEFAULT)
                      DLangExpressionStatementImpl(EXPRESSION_STATEMENT)
                        DLangCommaExpressionImpl(COMMA_EXPRESSION)
                          DLangAssignExpressionImpl(ASSIGN_EXPRESSION)
                            PsiElement(DLangTokenType.*)('*')
                            DLangPostfixExpressionImpl(POSTFIX_EXPRESSION)
                              DLangPrimaryExpressionImpl(PRIMARY_EXPRESSION)
                                PsiElement(DLangTokenType.()('(')
                                DLangCommaExpressionImpl(COMMA_EXPRESSION)
                                  DLangAssignExpressionImpl(ASSIGN_EXPRESSION)
                                    DLangPostfixExpressionImpl(POSTFIX_EXPRESSION)
                                      DLangPrimaryExpressionImpl(PRIMARY_EXPRESSION)
                                        IDENTIFIER
                                          PsiElement(DLangTokenType.ID)('array')
                                    DLangAddExpression_Impl(ADD_EXPRESSION_)
                                      PsiElement(DLangTokenType.+)('+')
                                      DLangPostfixExpressionImpl(POSTFIX_EXPRESSION)
                                        DLangPrimaryExpressionImpl(PRIMARY_EXPRESSION)
                                          PsiElement(DLangTokenType.INTEGER_LITERAL)('2')
                                PsiElement(DLangTokenType.))(')')
                        PsiElement(DLangTokenType.;)(';')
              PsiComment(DLangTokenType.LINE_COMMENT)('// error, array is not a pointer')
              PsiElement(DLangTokenType.})('}')
    DLangDeclDefImpl(DECL_DEF)
      DLangDeclarationImpl(DECLARATION)
        FUNC_DECLARATION
          DLangBasicTypeImpl(BASIC_TYPE)
            DLangBasicTypeXImpl(BASIC_TYPE_X)
              PsiElement(DLangTokenType.void)('void')
          IDENTIFIER
            PsiElement(DLangTokenType.ID)('ditt')
          DLangFuncDeclaratorSuffixImpl(FUNC_DECLARATOR_SUFFIX)
            DLangParametersImpl(PARAMETERS)
              PsiElement(DLangTokenType.()('(')
              DLangParameterListImpl(PARAMETER_LIST)
                DLangParameterImpl(PARAMETER)
                  DLangBasicTypeImpl(BASIC_TYPE)
                    DLangBasicTypeXImpl(BASIC_TYPE_X)
                      PsiElement(DLangTokenType.int)('int')
                  DLangDeclaratorImpl(DECLARATOR)
                    DLangVarDeclaratorImpl(VAR_DECLARATOR)
                      DLangBasicType2Impl(BASIC_TYPE_2)
                        DLangBasicType2XImpl(BASIC_TYPE_2_X)
                          PsiElement(DLangTokenType.[)('[')
                          DLangAssignExpressionImpl(ASSIGN_EXPRESSION)
                            DLangPostfixExpressionImpl(POSTFIX_EXPRESSION)
                              DLangPrimaryExpressionImpl(PRIMARY_EXPRESSION)
                                PsiElement(DLangTokenType.INTEGER_LITERAL)('3')
                          PsiElement(DLangTokenType.])(']')
                      IDENTIFIER
                        PsiElement(DLangTokenType.ID)('array')
              PsiElement(DLangTokenType.))(')')
          DLangFunctionBodyImpl(FUNCTION_BODY)
            DLangBlockStatementImpl(BLOCK_STATEMENT)
              PsiElement(DLangTokenType.{)('{')
              DLangStatementListImpl(STATEMENT_LIST)
                DLangStatementImpl(STATEMENT)
                  DLangNonEmptyStatementImpl(NON_EMPTY_STATEMENT)
                    DLangNonEmptyStatementNoCaseNoDefaultImpl(NON_EMPTY_STATEMENT_NO_CASE_NO_DEFAULT)
                      DLangExpressionStatementImpl(EXPRESSION_STATEMENT)
                        DLangCommaExpressionImpl(COMMA_EXPRESSION)
                          DLangAssignExpressionImpl(ASSIGN_EXPRESSION)
                            DLangPostfixExpressionImpl(POSTFIX_EXPRESSION)
                              DLangPrimaryExpressionImpl(PRIMARY_EXPRESSION)
                                IDENTIFIER
                                  PsiElement(DLangTokenType.ID)('array')
                            DLangPostfixExpressionImpl(POSTFIX_EXPRESSION)
                              DLangPrimaryExpressionImpl(PRIMARY_EXPRESSION)
                                DLangArrayLiteralImpl(ARRAY_LITERAL)
                                  PsiElement(DLangTokenType.[)('[')
                                  DLangArgumentListImpl(ARGUMENT_LIST)
                                    DLangAssignExpressionImpl(ASSIGN_EXPRESSION)
                                      DLangPostfixExpressionImpl(POSTFIX_EXPRESSION)
                                        DLangPrimaryExpressionImpl(PRIMARY_EXPRESSION)
                                          PsiElement(DLangTokenType.INTEGER_LITERAL)('2')
                                  PsiElement(DLangTokenType.])(']')
                        PsiElement(DLangTokenType.;)(';')
                PsiComment(DLangTokenType.LINE_COMMENT)('// ok')
                DLangStatementImpl(STATEMENT)
                  DLangNonEmptyStatementImpl(NON_EMPTY_STATEMENT)
                    DLangNonEmptyStatementNoCaseNoDefaultImpl(NON_EMPTY_STATEMENT_NO_CASE_NO_DEFAULT)
                      DLangExpressionStatementImpl(EXPRESSION_STATEMENT)
                        DLangCommaExpressionImpl(COMMA_EXPRESSION)
                          DLangAssignExpressionImpl(ASSIGN_EXPRESSION)
                            PsiElement(DLangTokenType.*)('*')
                            DLangPostfixExpressionImpl(POSTFIX_EXPRESSION)
                              DLangPrimaryExpressionImpl(PRIMARY_EXPRESSION)
                                PsiElement(DLangTokenType.()('(')
                                DLangCommaExpressionImpl(COMMA_EXPRESSION)
                                  DLangAssignExpressionImpl(ASSIGN_EXPRESSION)
                                    DLangPostfixExpressionImpl(POSTFIX_EXPRESSION)
                                      DLangPrimaryExpressionImpl(PRIMARY_EXPRESSION)
                                        IDENTIFIER
                                          PsiElement(DLangTokenType.ID)('array')
                                    DLangAddExpression_Impl(ADD_EXPRESSION_)
                                      PsiElement(DLangTokenType.+)('+')
                                      DLangPostfixExpressionImpl(POSTFIX_EXPRESSION)
                                        DLangPrimaryExpressionImpl(PRIMARY_EXPRESSION)
                                          PsiElement(DLangTokenType.INTEGER_LITERAL)('2')
                                PsiElement(DLangTokenType.))(')')
                        PsiElement(DLangTokenType.;)(';')
              PsiComment(DLangTokenType.LINE_COMMENT)('// error, array is not a pointer')
              PsiElement(DLangTokenType.})('}')
