D Language File
  DLangDeclDefsImpl(DECL_DEFS)
    DLangDeclDefImpl(DECL_DEF)
      DLangDeclarationImpl(DECLARATION)
        DLangVarDeclarationsImpl(VAR_DECLARATIONS)
          DLangBasicTypeImpl(BASIC_TYPE)
            DLangBasicTypeXImpl(BASIC_TYPE_X)
              PsiElement(DLangTokenType.int)('int')
          DLangDeclaratorsImpl(DECLARATORS)
            DECLARATOR_INITIALIZER
              DLangVarDeclaratorImpl(VAR_DECLARATOR)
                DLangBasicType2Impl(BASIC_TYPE_2)
                  DLangBasicType2XImpl(BASIC_TYPE_2_X)
                    PsiElement(DLangTokenType.[)('[')
                    DLangAssignExpressionImpl(ASSIGN_EXPRESSION)
                      DLangPostfixExpressionImpl(POSTFIX_EXPRESSION)
                        DLangPrimaryExpressionImpl(PRIMARY_EXPRESSION)
                          PsiElement(DLangTokenType.INTEGER_LITERAL)('4')
                    PsiElement(DLangTokenType.])(']')
                IDENTIFIER
                  PsiElement(DLangTokenType.ID)('foo')
          PsiElement(DLangTokenType.;)(';')
    DLangDeclDefImpl(DECL_DEF)
      DLangDeclarationImpl(DECLARATION)
        DLangVarDeclarationsImpl(VAR_DECLARATIONS)
          DLangBasicTypeImpl(BASIC_TYPE)
            DLangBasicTypeXImpl(BASIC_TYPE_X)
              PsiElement(DLangTokenType.int)('int')
          DLangDeclaratorsImpl(DECLARATORS)
            DECLARATOR_INITIALIZER
              DLangVarDeclaratorImpl(VAR_DECLARATOR)
                DLangBasicType2Impl(BASIC_TYPE_2)
                  DLangBasicType2XImpl(BASIC_TYPE_2_X)
                    PsiElement(DLangTokenType.[)('[')
                    PsiElement(DLangTokenType.])(']')
                IDENTIFIER
                  PsiElement(DLangTokenType.ID)('bar')
              PsiElement(DLangTokenType.=)('=')
              DLangInitializerImpl(INITIALIZER)
                DLangNonVoidInitializerImpl(NON_VOID_INITIALIZER)
                  DLangAssignExpressionImpl(ASSIGN_EXPRESSION)
                    DLangPostfixExpressionImpl(POSTFIX_EXPRESSION)
                      DLangPrimaryExpressionImpl(PRIMARY_EXPRESSION)
                        IDENTIFIER
                          PsiElement(DLangTokenType.ID)('foo')
          PsiElement(DLangTokenType.;)(';')
    DLangDeclDefImpl(DECL_DEF)
      DLangDeclarationImpl(DECLARATION)
        DLangVarDeclarationsImpl(VAR_DECLARATIONS)
          DLangBasicTypeImpl(BASIC_TYPE)
            DLangBasicTypeXImpl(BASIC_TYPE_X)
              PsiElement(DLangTokenType.int)('int')
          DLangDeclaratorsImpl(DECLARATORS)
            DECLARATOR_INITIALIZER
              DLangVarDeclaratorImpl(VAR_DECLARATOR)
                DLangBasicType2Impl(BASIC_TYPE_2)
                  DLangBasicType2XImpl(BASIC_TYPE_2_X)
                    PsiElement(DLangTokenType.*)('*')
                IDENTIFIER
                  PsiElement(DLangTokenType.ID)('p')
              PsiElement(DLangTokenType.=)('=')
              DLangInitializerImpl(INITIALIZER)
                DLangNonVoidInitializerImpl(NON_VOID_INITIALIZER)
                  DLangAssignExpressionImpl(ASSIGN_EXPRESSION)
                    PsiElement(DLangTokenType.&)('&')
                    DLangPostfixExpressionImpl(POSTFIX_EXPRESSION)
                      DLangPrimaryExpressionImpl(PRIMARY_EXPRESSION)
                        IDENTIFIER
                          PsiElement(DLangTokenType.ID)('foo')
                    DLangPostfixExpressionImpl(POSTFIX_EXPRESSION)
                      DLangPrimaryExpressionImpl(PRIMARY_EXPRESSION)
                        DLangArrayLiteralImpl(ARRAY_LITERAL)
                          PsiElement(DLangTokenType.[)('[')
                          DLangArgumentListImpl(ARGUMENT_LIST)
                            DLangAssignExpressionImpl(ASSIGN_EXPRESSION)
                              DLangPostfixExpressionImpl(POSTFIX_EXPRESSION)
                                DLangPrimaryExpressionImpl(PRIMARY_EXPRESSION)
                                  PsiElement(DLangTokenType.INTEGER_LITERAL)('0')
                          PsiElement(DLangTokenType.])(']')
          PsiElement(DLangTokenType.;)(';')
  PsiComment(DLangTokenType.LINE_COMMENT)('// These expressions are equivalent:')
  DLangStatementImpl(STATEMENT)
    DLangNonEmptyStatementImpl(NON_EMPTY_STATEMENT)
      DLangNonEmptyStatementNoCaseNoDefaultImpl(NON_EMPTY_STATEMENT_NO_CASE_NO_DEFAULT)
        DLangExpressionStatementImpl(EXPRESSION_STATEMENT)
          DLangCommaExpressionImpl(COMMA_EXPRESSION)
            DLangAssignExpressionImpl(ASSIGN_EXPRESSION)
              DLangPostfixExpressionImpl(POSTFIX_EXPRESSION)
                DLangPrimaryExpressionImpl(PRIMARY_EXPRESSION)
                  IDENTIFIER
                    PsiElement(DLangTokenType.ID)('bar')
              DLangPostfixExpressionImpl(POSTFIX_EXPRESSION)
                DLangPrimaryExpressionImpl(PRIMARY_EXPRESSION)
                  DLangArrayLiteralImpl(ARRAY_LITERAL)
                    PsiElement(DLangTokenType.[)('[')
                    PsiElement(DLangTokenType.])(']')
          PsiElement(DLangTokenType.;)(';')
  DLangStatementImpl(STATEMENT)
    DLangNonEmptyStatementImpl(NON_EMPTY_STATEMENT)
      DLangNonEmptyStatementNoCaseNoDefaultImpl(NON_EMPTY_STATEMENT_NO_CASE_NO_DEFAULT)
        DLangExpressionStatementImpl(EXPRESSION_STATEMENT)
          DLangCommaExpressionImpl(COMMA_EXPRESSION)
            DLangAssignExpressionImpl(ASSIGN_EXPRESSION)
              DLangPostfixExpressionImpl(POSTFIX_EXPRESSION)
                DLangPrimaryExpressionImpl(PRIMARY_EXPRESSION)
                  IDENTIFIER
                    PsiElement(DLangTokenType.ID)('bar')
              DLangPostfixExpressionImpl(POSTFIX_EXPRESSION)
                DLangSliceExpressionImpl(SLICE_EXPRESSION)
                  PsiElement(DLangTokenType.[)('[')
                  DLangMultipleAssignImpl(MULTIPLE_ASSIGN)
                    DLangAssignExpressionImpl(ASSIGN_EXPRESSION)
                      DLangPostfixExpressionImpl(POSTFIX_EXPRESSION)
                        DLangPrimaryExpressionImpl(PRIMARY_EXPRESSION)
                          PsiElement(DLangTokenType.INTEGER_LITERAL)('0')
                    PsiElement(DLangTokenType...)('..')
                    DLangAssignExpressionImpl(ASSIGN_EXPRESSION)
                      DLangPostfixExpressionImpl(POSTFIX_EXPRESSION)
                        DLangPrimaryExpressionImpl(PRIMARY_EXPRESSION)
                          PsiElement(DLangTokenType.INTEGER_LITERAL)('4')
                  PsiElement(DLangTokenType.])(']')
          PsiElement(DLangTokenType.;)(';')
  DLangStatementImpl(STATEMENT)
    DLangNonEmptyStatementImpl(NON_EMPTY_STATEMENT)
      DLangNonEmptyStatementNoCaseNoDefaultImpl(NON_EMPTY_STATEMENT_NO_CASE_NO_DEFAULT)
        DLangExpressionStatementImpl(EXPRESSION_STATEMENT)
          DLangCommaExpressionImpl(COMMA_EXPRESSION)
            DLangAssignExpressionImpl(ASSIGN_EXPRESSION)
              DLangPostfixExpressionImpl(POSTFIX_EXPRESSION)
                DLangPrimaryExpressionImpl(PRIMARY_EXPRESSION)
                  IDENTIFIER
                    PsiElement(DLangTokenType.ID)('bar')
              DLangPostfixExpressionImpl(POSTFIX_EXPRESSION)
                DLangSliceExpressionImpl(SLICE_EXPRESSION)
                  PsiElement(DLangTokenType.[)('[')
                  DLangMultipleAssignImpl(MULTIPLE_ASSIGN)
                    DLangAssignExpressionImpl(ASSIGN_EXPRESSION)
                      DLangPostfixExpressionImpl(POSTFIX_EXPRESSION)
                        DLangPrimaryExpressionImpl(PRIMARY_EXPRESSION)
                          PsiElement(DLangTokenType.INTEGER_LITERAL)('0')
                    PsiElement(DLangTokenType...)('..')
                    DLangAssignExpressionImpl(ASSIGN_EXPRESSION)
                      DLangPostfixExpressionImpl(POSTFIX_EXPRESSION)
                        DLangPrimaryExpressionImpl(PRIMARY_EXPRESSION)
                          PsiElement(DLangTokenType.$)('$')
                  PsiElement(DLangTokenType.])(']')
          PsiElement(DLangTokenType.;)(';')
  DLangStatementImpl(STATEMENT)
    DLangNonEmptyStatementImpl(NON_EMPTY_STATEMENT)
      DLangNonEmptyStatementNoCaseNoDefaultImpl(NON_EMPTY_STATEMENT_NO_CASE_NO_DEFAULT)
        DLangExpressionStatementImpl(EXPRESSION_STATEMENT)
          DLangCommaExpressionImpl(COMMA_EXPRESSION)
            DLangAssignExpressionImpl(ASSIGN_EXPRESSION)
              DLangPostfixExpressionImpl(POSTFIX_EXPRESSION)
                DLangPrimaryExpressionImpl(PRIMARY_EXPRESSION)
                  IDENTIFIER
                    PsiElement(DLangTokenType.ID)('bar')
              DLangPostfixExpressionImpl(POSTFIX_EXPRESSION)
                DLangSliceExpressionImpl(SLICE_EXPRESSION)
                  PsiElement(DLangTokenType.[)('[')
                  DLangMultipleAssignImpl(MULTIPLE_ASSIGN)
                    DLangAssignExpressionImpl(ASSIGN_EXPRESSION)
                      DLangPostfixExpressionImpl(POSTFIX_EXPRESSION)
                        DLangPrimaryExpressionImpl(PRIMARY_EXPRESSION)
                          PsiElement(DLangTokenType.INTEGER_LITERAL)('0')
                    PsiElement(DLangTokenType...)('..')
                    DLangAssignExpressionImpl(ASSIGN_EXPRESSION)
                      DLangPostfixExpressionImpl(POSTFIX_EXPRESSION)
                        DLangPrimaryExpressionImpl(PRIMARY_EXPRESSION)
                          IDENTIFIER
                            PsiElement(DLangTokenType.ID)('bar')
                      DLangPostfixExpressionImpl(POSTFIX_EXPRESSION)
                        DLangPrimaryExpressionImpl(PRIMARY_EXPRESSION)
                          PsiElement(DLangTokenType..)('.')
                          IDENTIFIER
                            PsiElement(DLangTokenType.ID)('length')
                  PsiElement(DLangTokenType.])(']')
          PsiElement(DLangTokenType.;)(';')
  DLangStatementImpl(STATEMENT)
    DLangNonEmptyStatementImpl(NON_EMPTY_STATEMENT)
      DLangNonEmptyStatementNoCaseNoDefaultImpl(NON_EMPTY_STATEMENT_NO_CASE_NO_DEFAULT)
        DLangExpressionStatementImpl(EXPRESSION_STATEMENT)
          DLangCommaExpressionImpl(COMMA_EXPRESSION)
            DLangAssignExpressionImpl(ASSIGN_EXPRESSION)
              DLangPostfixExpressionImpl(POSTFIX_EXPRESSION)
                DLangPrimaryExpressionImpl(PRIMARY_EXPRESSION)
                  IDENTIFIER
                    PsiElement(DLangTokenType.ID)('p')
              DLangPostfixExpressionImpl(POSTFIX_EXPRESSION)
                DLangSliceExpressionImpl(SLICE_EXPRESSION)
                  PsiElement(DLangTokenType.[)('[')
                  DLangMultipleAssignImpl(MULTIPLE_ASSIGN)
                    DLangAssignExpressionImpl(ASSIGN_EXPRESSION)
                      DLangPostfixExpressionImpl(POSTFIX_EXPRESSION)
                        DLangPrimaryExpressionImpl(PRIMARY_EXPRESSION)
                          PsiElement(DLangTokenType.INTEGER_LITERAL)('0')
                    PsiElement(DLangTokenType...)('..')
                    DLangAssignExpressionImpl(ASSIGN_EXPRESSION)
                      DLangPostfixExpressionImpl(POSTFIX_EXPRESSION)
                        DLangPrimaryExpressionImpl(PRIMARY_EXPRESSION)
                          PsiElement(DLangTokenType.$)('$')
                  PsiElement(DLangTokenType.])(']')
          PsiElement(DLangTokenType.;)(';')
  PsiComment(DLangTokenType.LINE_COMMENT)('// '$' is not defined, since p is not an array')
  DLangStatementImpl(STATEMENT)
    DLangNonEmptyStatementImpl(NON_EMPTY_STATEMENT)
      DLangNonEmptyStatementNoCaseNoDefaultImpl(NON_EMPTY_STATEMENT_NO_CASE_NO_DEFAULT)
        DLangExpressionStatementImpl(EXPRESSION_STATEMENT)
          DLangCommaExpressionImpl(COMMA_EXPRESSION)
            DLangAssignExpressionImpl(ASSIGN_EXPRESSION)
              DLangPostfixExpressionImpl(POSTFIX_EXPRESSION)
                DLangPrimaryExpressionImpl(PRIMARY_EXPRESSION)
                  IDENTIFIER
                    PsiElement(DLangTokenType.ID)('bar')
              DLangPostfixExpressionImpl(POSTFIX_EXPRESSION)
                DLangPrimaryExpressionImpl(PRIMARY_EXPRESSION)
                  DLangArrayLiteralImpl(ARRAY_LITERAL)
                    PsiElement(DLangTokenType.[)('[')
                    DLangArgumentListImpl(ARGUMENT_LIST)
                      DLangAssignExpressionImpl(ASSIGN_EXPRESSION)
                        DLangPostfixExpressionImpl(POSTFIX_EXPRESSION)
                          DLangPrimaryExpressionImpl(PRIMARY_EXPRESSION)
                            PsiElement(DLangTokenType.INTEGER_LITERAL)('0')
                    PsiElement(DLangTokenType.])(']')
              DLangAddExpression_Impl(ADD_EXPRESSION_)
                PsiElement(DLangTokenType.+)('+')
                DLangPostfixExpressionImpl(POSTFIX_EXPRESSION)
                  DLangPrimaryExpressionImpl(PRIMARY_EXPRESSION)
                    PsiElement(DLangTokenType.$)('$')
          PsiElement(DLangTokenType.;)(';')
  PsiComment(DLangTokenType.LINE_COMMENT)('// '$' is not defined, out of scope of [ ]')
  DLangStatementImpl(STATEMENT)
    DLangNonEmptyStatementImpl(NON_EMPTY_STATEMENT)
      DLangNonEmptyStatementNoCaseNoDefaultImpl(NON_EMPTY_STATEMENT_NO_CASE_NO_DEFAULT)
        DLangExpressionStatementImpl(EXPRESSION_STATEMENT)
          DLangCommaExpressionImpl(COMMA_EXPRESSION)
            DLangAssignExpressionImpl(ASSIGN_EXPRESSION)
              DLangPostfixExpressionImpl(POSTFIX_EXPRESSION)
                DLangPrimaryExpressionImpl(PRIMARY_EXPRESSION)
                  IDENTIFIER
                    PsiElement(DLangTokenType.ID)('bar')
              DLangPostfixExpressionImpl(POSTFIX_EXPRESSION)
                DLangPrimaryExpressionImpl(PRIMARY_EXPRESSION)
                  DLangArrayLiteralImpl(ARRAY_LITERAL)
                    PsiElement(DLangTokenType.[)('[')
                    DLangArgumentListImpl(ARGUMENT_LIST)
                      DLangAssignExpressionImpl(ASSIGN_EXPRESSION)
                        DLangPostfixExpressionImpl(POSTFIX_EXPRESSION)
                          DLangPrimaryExpressionImpl(PRIMARY_EXPRESSION)
                            PsiElement(DLangTokenType.$)('$')
                        DLangAddExpression_Impl(ADD_EXPRESSION_)
                          PsiElement(DLangTokenType.-)('-')
                          DLangPostfixExpressionImpl(POSTFIX_EXPRESSION)
                            DLangPrimaryExpressionImpl(PRIMARY_EXPRESSION)
                              PsiElement(DLangTokenType.INTEGER_LITERAL)('1')
                    PsiElement(DLangTokenType.])(']')
          PsiElement(DLangTokenType.;)(';')
  PsiComment(DLangTokenType.LINE_COMMENT)('// retrieves last element of the array')
