D Language File
  DLangDeclDefsImpl(DECL_DEFS)
    DLangDeclDefImpl(DECL_DEF)
      DLangDeclarationImpl(DECLARATION)
        DLangVarDeclarationsImpl(VAR_DECLARATIONS)
          DLangBasicTypeImpl(BASIC_TYPE)
            DLangBasicTypeXImpl(BASIC_TYPE_X)
              PsiElement(DLangTokenType.int)('int')
          DLangDeclaratorsImpl(DECLARATORS)
            DECLARATOR_INITIALIZER
              DLangVarDeclaratorImpl(VAR_DECLARATOR)
                DLangBasicType2Impl(BASIC_TYPE_2)
                  DLangBasicType2XImpl(BASIC_TYPE_2_X)
                    PsiElement(DLangTokenType.[)('[')
                    PsiElement(DLangTokenType.])(']')
                IDENTIFIER
                  PsiElement(DLangTokenType.ID)('array')
          PsiElement(DLangTokenType.;)(';')
    DLangDeclDefImpl(DECL_DEF)
      DLangDeclarationImpl(DECLARATION)
        FUNC_DECLARATION
          DLangBasicTypeImpl(BASIC_TYPE)
            DLangBasicTypeXImpl(BASIC_TYPE_X)
              PsiElement(DLangTokenType.void)('void')
          IDENTIFIER
            PsiElement(DLangTokenType.ID)('foo')
          DLangFuncDeclaratorSuffixImpl(FUNC_DECLARATOR_SUFFIX)
            DLangParametersImpl(PARAMETERS)
              PsiElement(DLangTokenType.()('(')
              DLangParameterListImpl(PARAMETER_LIST)
                DLangParameterImpl(PARAMETER)
                  DLangBasicTypeImpl(BASIC_TYPE)
                    DLangBasicTypeXImpl(BASIC_TYPE_X)
                      PsiElement(DLangTokenType.int)('int')
                  DLangDeclaratorImpl(DECLARATOR)
                    DLangVarDeclaratorImpl(VAR_DECLARATOR)
                      DLangBasicType2Impl(BASIC_TYPE_2)
                        DLangBasicType2XImpl(BASIC_TYPE_2_X)
                          PsiElement(DLangTokenType.[)('[')
                          PsiElement(DLangTokenType.])(']')
                      IDENTIFIER
                        PsiElement(DLangTokenType.ID)('a')
                PsiElement(DLangTokenType.,)(',')
                DLangParameterImpl(PARAMETER)
                  DLangBasicTypeImpl(BASIC_TYPE)
                    DLangBasicTypeXImpl(BASIC_TYPE_X)
                      PsiElement(DLangTokenType.int)('int')
                  DLangDeclaratorImpl(DECLARATOR)
                    DLangVarDeclaratorImpl(VAR_DECLARATOR)
                      IDENTIFIER
                        PsiElement(DLangTokenType.ID)('x')
              PsiElement(DLangTokenType.))(')')
          PsiElement(DLangTokenType.;)(';')
  DLangStatementImpl(STATEMENT)
    DLangNonEmptyStatementImpl(NON_EMPTY_STATEMENT)
      DLangNonEmptyStatementNoCaseNoDefaultImpl(NON_EMPTY_STATEMENT_NO_CASE_NO_DEFAULT)
        DLangExpressionStatementImpl(EXPRESSION_STATEMENT)
          DLangCommaExpressionImpl(COMMA_EXPRESSION)
            DLangAssignExpressionImpl(ASSIGN_EXPRESSION)
              DLangPostfixExpressionImpl(POSTFIX_EXPRESSION)
                DLangPrimaryExpressionImpl(PRIMARY_EXPRESSION)
                  IDENTIFIER
                    PsiElement(DLangTokenType.ID)('foo')
              DLangPostfixExpressionImpl(POSTFIX_EXPRESSION)
                DLangPrimaryExpressionImpl(PRIMARY_EXPRESSION)
                  PsiElement(DLangTokenType.()('(')
                  DLangCommaExpressionImpl(COMMA_EXPRESSION)
                    DLangAssignExpressionImpl(ASSIGN_EXPRESSION)
                      DLangPostfixExpressionImpl(POSTFIX_EXPRESSION)
                        DLangPrimaryExpressionImpl(PRIMARY_EXPRESSION)
                          IDENTIFIER
                            PsiElement(DLangTokenType.ID)('array')
                    PsiElement(DLangTokenType.,)(',')
                    DLangAssignExpressionImpl(ASSIGN_EXPRESSION)
                      DLangPostfixExpressionImpl(POSTFIX_EXPRESSION)
                        DLangPrimaryExpressionImpl(PRIMARY_EXPRESSION)
                          PsiElement(DLangTokenType.INTEGER_LITERAL)('3')
                  PsiElement(DLangTokenType.))(')')
          PsiElement(DLangTokenType.;)(';')
  DLangStatementImpl(STATEMENT)
    DLangNonEmptyStatementImpl(NON_EMPTY_STATEMENT)
      DLangNonEmptyStatementNoCaseNoDefaultImpl(NON_EMPTY_STATEMENT_NO_CASE_NO_DEFAULT)
        DLangExpressionStatementImpl(EXPRESSION_STATEMENT)
          DLangCommaExpressionImpl(COMMA_EXPRESSION)
            DLangAssignExpressionImpl(ASSIGN_EXPRESSION)
              DLangPostfixExpressionImpl(POSTFIX_EXPRESSION)
                DLangPrimaryExpressionImpl(PRIMARY_EXPRESSION)
                  IDENTIFIER
                    PsiElement(DLangTokenType.ID)('array')
              DLangPostfixExpressionImpl(POSTFIX_EXPRESSION)
                DLangPrimaryExpressionImpl(PRIMARY_EXPRESSION)
                  PsiElement(DLangTokenType..)('.')
                  IDENTIFIER
                    PsiElement(DLangTokenType.ID)('foo')
              DLangPostfixExpressionImpl(POSTFIX_EXPRESSION)
                DLangPrimaryExpressionImpl(PRIMARY_EXPRESSION)
                  PsiElement(DLangTokenType.()('(')
                  DLangCommaExpressionImpl(COMMA_EXPRESSION)
                    DLangAssignExpressionImpl(ASSIGN_EXPRESSION)
                      DLangPostfixExpressionImpl(POSTFIX_EXPRESSION)
                        DLangPrimaryExpressionImpl(PRIMARY_EXPRESSION)
                          PsiElement(DLangTokenType.INTEGER_LITERAL)('3')
                  PsiElement(DLangTokenType.))(')')
          PsiElement(DLangTokenType.;)(';')
  PsiComment(DLangTokenType.LINE_COMMENT)('// means the same thing')
