D Language File
  DLangDeclDefsImpl(DECL_DEFS)
    DLangDeclDefImpl(DECL_DEF)
      DLangDeclarationImpl(DECLARATION)
        DLangVarDeclarationsImpl(VAR_DECLARATIONS)
          DLangBasicTypeImpl(BASIC_TYPE)
            DLangBasicTypeXImpl(BASIC_TYPE_X)
              PsiElement(DLangTokenType.int)('int')
          DLangDeclaratorsImpl(DECLARATORS)
            DECLARATOR_INITIALIZER
              DLangVarDeclaratorImpl(VAR_DECLARATOR)
                DLangBasicType2Impl(BASIC_TYPE_2)
                  DLangBasicType2XImpl(BASIC_TYPE_2_X)
                    PsiElement(DLangTokenType.[)('[')
                    PsiElement(DLangTokenType.])(']')
                IDENTIFIER
                  PsiElement(DLangTokenType.ID)('a')
          PsiElement(DLangTokenType.;)(';')
    PsiComment(DLangTokenType.LINE_COMMENT)('// dynamic array of ints')
    DLangDeclDefImpl(DECL_DEF)
      DLangDeclarationImpl(DECLARATION)
        DLangVarDeclarationsImpl(VAR_DECLARATIONS)
          DLangBasicTypeImpl(BASIC_TYPE)
            DLangBasicTypeXImpl(BASIC_TYPE_X)
              PsiElement(DLangTokenType.int)('int')
          DLangDeclaratorsImpl(DECLARATORS)
            DECLARATOR_INITIALIZER
              DLangVarDeclaratorImpl(VAR_DECLARATOR)
                DLangBasicType2Impl(BASIC_TYPE_2)
                  DLangBasicType2XImpl(BASIC_TYPE_2_X)
                    PsiElement(DLangTokenType.[)('[')
                    DLangAssignExpressionImpl(ASSIGN_EXPRESSION)
                      DLangPostfixExpressionImpl(POSTFIX_EXPRESSION)
                        DLangPrimaryExpressionImpl(PRIMARY_EXPRESSION)
                          PsiElement(DLangTokenType.INTEGER_LITERAL)('4')
                    PsiElement(DLangTokenType.])(']')
                  DLangBasicType2Impl(BASIC_TYPE_2)
                    DLangBasicType2XImpl(BASIC_TYPE_2_X)
                      PsiElement(DLangTokenType.[)('[')
                      DLangAssignExpressionImpl(ASSIGN_EXPRESSION)
                        DLangPostfixExpressionImpl(POSTFIX_EXPRESSION)
                          DLangPrimaryExpressionImpl(PRIMARY_EXPRESSION)
                            PsiElement(DLangTokenType.INTEGER_LITERAL)('3')
                      PsiElement(DLangTokenType.])(']')
                IDENTIFIER
                  PsiElement(DLangTokenType.ID)('b')
          PsiElement(DLangTokenType.;)(';')
    PsiComment(DLangTokenType.LINE_COMMENT)('// array of 3 arrays of 4 ints each')
    DLangDeclDefImpl(DECL_DEF)
      DLangDeclarationImpl(DECLARATION)
        DLangVarDeclarationsImpl(VAR_DECLARATIONS)
          DLangBasicTypeImpl(BASIC_TYPE)
            DLangBasicTypeXImpl(BASIC_TYPE_X)
              PsiElement(DLangTokenType.int)('int')
          DLangDeclaratorsImpl(DECLARATORS)
            DECLARATOR_INITIALIZER
              DLangVarDeclaratorImpl(VAR_DECLARATOR)
                DLangBasicType2Impl(BASIC_TYPE_2)
                  DLangBasicType2XImpl(BASIC_TYPE_2_X)
                    PsiElement(DLangTokenType.[)('[')
                    PsiElement(DLangTokenType.])(']')
                  DLangBasicType2Impl(BASIC_TYPE_2)
                    DLangBasicType2XImpl(BASIC_TYPE_2_X)
                      PsiElement(DLangTokenType.[)('[')
                      DLangAssignExpressionImpl(ASSIGN_EXPRESSION)
                        DLangPostfixExpressionImpl(POSTFIX_EXPRESSION)
                          DLangPrimaryExpressionImpl(PRIMARY_EXPRESSION)
                            PsiElement(DLangTokenType.INTEGER_LITERAL)('5')
                      PsiElement(DLangTokenType.])(']')
                IDENTIFIER
                  PsiElement(DLangTokenType.ID)('c')
          PsiElement(DLangTokenType.;)(';')
    PsiComment(DLangTokenType.LINE_COMMENT)('// array of 5 dynamic arrays of ints.')
    DLangDeclDefImpl(DECL_DEF)
      DLangDeclarationImpl(DECLARATION)
        DLangVarDeclarationsImpl(VAR_DECLARATIONS)
          DLangBasicTypeImpl(BASIC_TYPE)
            DLangBasicTypeXImpl(BASIC_TYPE_X)
              PsiElement(DLangTokenType.int)('int')
          DLangDeclaratorsImpl(DECLARATORS)
            DECLARATOR_INITIALIZER
              DLangVarDeclaratorImpl(VAR_DECLARATOR)
                DLangBasicType2Impl(BASIC_TYPE_2)
                  DLangBasicType2XImpl(BASIC_TYPE_2_X)
                    PsiElement(DLangTokenType.*)('*')
                  DLangBasicType2Impl(BASIC_TYPE_2)
                    DLangBasicType2XImpl(BASIC_TYPE_2_X)
                      PsiElement(DLangTokenType.[)('[')
                      PsiElement(DLangTokenType.])(']')
                    DLangBasicType2Impl(BASIC_TYPE_2)
                      DLangBasicType2XImpl(BASIC_TYPE_2_X)
                        PsiElement(DLangTokenType.*)('*')
                      DLangBasicType2Impl(BASIC_TYPE_2)
                        DLangBasicType2XImpl(BASIC_TYPE_2_X)
                          PsiElement(DLangTokenType.[)('[')
                          DLangAssignExpressionImpl(ASSIGN_EXPRESSION)
                            DLangPostfixExpressionImpl(POSTFIX_EXPRESSION)
                              DLangPrimaryExpressionImpl(PRIMARY_EXPRESSION)
                                PsiElement(DLangTokenType.INTEGER_LITERAL)('3')
                          PsiElement(DLangTokenType.])(']')
                IDENTIFIER
                  PsiElement(DLangTokenType.ID)('d')
          PsiElement(DLangTokenType.;)(';')
    PsiComment(DLangTokenType.LINE_COMMENT)('// array of 3 pointers to dynamic arrays of pointers to ints')
    DLangDeclDefImpl(DECL_DEF)
      DLangDeclarationImpl(DECLARATION)
        DLangVarDeclarationsImpl(VAR_DECLARATIONS)
          DLangBasicTypeImpl(BASIC_TYPE)
            DLangBasicTypeXImpl(BASIC_TYPE_X)
              PsiElement(DLangTokenType.int)('int')
          DLangDeclaratorsImpl(DECLARATORS)
            DECLARATOR_INITIALIZER
              DLangVarDeclaratorImpl(VAR_DECLARATOR)
                DLangBasicType2Impl(BASIC_TYPE_2)
                  DLangBasicType2XImpl(BASIC_TYPE_2_X)
                    PsiElement(DLangTokenType.[)('[')
                    PsiElement(DLangTokenType.])(']')
                  DLangBasicType2Impl(BASIC_TYPE_2)
                    DLangBasicType2XImpl(BASIC_TYPE_2_X)
                      PsiElement(DLangTokenType.*)('*')
                IDENTIFIER
                  PsiElement(DLangTokenType.ID)('e')
          PsiElement(DLangTokenType.;)(';')
  PsiComment(DLangTokenType.LINE_COMMENT)('// pointer to dynamic array of ints')