D Language File
  DLangDeclDefsImpl(DECL_DEFS)
    DLangDeclDefImpl(DECL_DEF)
      DLangAttributeSpecifierImpl(ATTRIBUTE_SPECIFIER)
        DLangAttributeImpl(ATTRIBUTE)
          DLangPropertyImpl(PROPERTY)
            DLangUserDefinedAttributeImpl(USER_DEFINED_ATTRIBUTE)
              PsiElement(DLangTokenType.@)('@')
              PsiElement(DLangTokenType.()('(')
              DLangArgumentListImpl(ARGUMENT_LIST)
                DLangAssignExpressionImpl(ASSIGN_EXPRESSION)
                  DLangPostfixExpressionImpl(POSTFIX_EXPRESSION)
                    DLangPrimaryExpressionImpl(PRIMARY_EXPRESSION)
                      PsiElement(DLangTokenType.CHARACTER_LITERAL)(''c'')
              PsiElement(DLangTokenType.))(')')
        DLangDeclarationBlockImpl(DECLARATION_BLOCK)
          DLangDeclDefImpl(DECL_DEF)
            DLangDeclarationImpl(DECLARATION)
              DLangVarDeclarationsImpl(VAR_DECLARATIONS)
                DLangBasicTypeImpl(BASIC_TYPE)
                  DLangIdentifierListImpl(IDENTIFIER_LIST)
                    IDENTIFIER
                      PsiElement(DLangTokenType.ID)('string')
                DLangDeclaratorsImpl(DECLARATORS)
                  DECLARATOR_INITIALIZER
                    DLangVarDeclaratorImpl(VAR_DECLARATOR)
                      IDENTIFIER
                        PsiElement(DLangTokenType.ID)('s')
                PsiElement(DLangTokenType.;)(';')
    DLangDeclDefImpl(DECL_DEF)
      DLangAttributeSpecifierImpl(ATTRIBUTE_SPECIFIER)
        DLangAttributeImpl(ATTRIBUTE)
          DLangPragmaImpl(PRAGMA)
            PsiElement(DLangTokenType.pragma)('pragma')
            PsiElement(DLangTokenType.()('(')
            IDENTIFIER
              PsiElement(DLangTokenType.ID)('msg')
            PsiElement(DLangTokenType.,)(',')
            DLangArgumentListImpl(ARGUMENT_LIST)
              DLangAssignExpressionImpl(ASSIGN_EXPRESSION)
                DLangPostfixExpressionImpl(POSTFIX_EXPRESSION)
                  DLangPrimaryExpressionImpl(PRIMARY_EXPRESSION)
                    DLangTraitsExpressionImpl(TRAITS_EXPRESSION)
                      PsiElement(DLangTokenType.__traits)('__traits')
                      PsiElement(DLangTokenType.()('(')
                      DLangTraitsKeywordImpl(TRAITS_KEYWORD)
                        PsiElement(DLangTokenType.ID)('getAttributes')
                      PsiElement(DLangTokenType.,)(',')
                      DLangTraitsArgumentsImpl(TRAITS_ARGUMENTS)
                        DLangTraitsArgumentImpl(TRAITS_ARGUMENT)
                          DLangAssignExpressionImpl(ASSIGN_EXPRESSION)
                            DLangPostfixExpressionImpl(POSTFIX_EXPRESSION)
                              DLangPrimaryExpressionImpl(PRIMARY_EXPRESSION)
                                IDENTIFIER
                                  PsiElement(DLangTokenType.ID)('s')
                      PsiElement(DLangTokenType.))(')')
            PsiElement(DLangTokenType.))(')')
        DLangDeclarationBlockImpl(DECLARATION_BLOCK)
          DLangDeclDefImpl(DECL_DEF)
            PsiElement(DLangTokenType.;)(';')
    PsiComment(DLangTokenType.LINE_COMMENT)('// prints tuple('c')')
    DLangDeclDefImpl(DECL_DEF)
      DLangDeclarationImpl(DECLARATION)
        TEMPLATE_DECLARATION
          PsiElement(DLangTokenType.template)('template')
          IDENTIFIER
            PsiElement(DLangTokenType.ID)('Tuple')
          DLangTemplateParametersImpl(TEMPLATE_PARAMETERS)
            PsiElement(DLangTokenType.()('(')
            DLangTemplateParameterListImpl(TEMPLATE_PARAMETER_LIST)
              TEMPLATE_PARAMETER
                DLangTemplateTypeParameterImpl(TEMPLATE_TYPE_PARAMETER)
                  DLangTypeImpl(TYPE)
                    DLangBasicTypeImpl(BASIC_TYPE)
                      DLangIdentifierListImpl(IDENTIFIER_LIST)
                        IDENTIFIER
                          PsiElement(DLangTokenType.ID)('T')
                  PsiElement(DLangTokenType....)('...')
            PsiElement(DLangTokenType.))(')')
          DLangAggregateBodyImpl(AGGREGATE_BODY)
            PsiElement(DLangTokenType.{)('{')
            DLangDeclDefsImpl(DECL_DEFS)
              DLangDeclDefImpl(DECL_DEF)
                DLangDeclarationImpl(DECLARATION)
                  ALIAS_DECLARATION
                    PsiElement(DLangTokenType.alias)('alias')
                    IDENTIFIER
                      PsiElement(DLangTokenType.ID)('Tuple')
                    PsiElement(DLangTokenType.=)('=')
                    DLangTypeImpl(TYPE)
                      DLangBasicTypeImpl(BASIC_TYPE)
                        DLangIdentifierListImpl(IDENTIFIER_LIST)
                          IDENTIFIER
                            PsiElement(DLangTokenType.ID)('T')
                    PsiElement(DLangTokenType.;)(';')
            PsiElement(DLangTokenType.})('}')
    DLangDeclDefImpl(DECL_DEF)
      DLangDeclarationImpl(DECLARATION)
        ENUM_DECLARATION
          DLangAnonymousEnumDeclarationImpl(ANONYMOUS_ENUM_DECLARATION)
            PsiElement(DLangTokenType.enum)('enum')
    DLangDeclDefImpl(DECL_DEF)
      DLangDeclarationImpl(DECLARATION)
        DLangVarDeclarationsImpl(VAR_DECLARATIONS)
          DLangAutoDeclarationImpl(AUTO_DECLARATION)
            DLangAutoDeclarationXImpl(AUTO_DECLARATION_X)
              AUTO_DECLARATION_Y
                IDENTIFIER
                  PsiElement(DLangTokenType.ID)('EEE')
                PsiElement(DLangTokenType.=)('=')
                DLangInitializerImpl(INITIALIZER)
                  DLangNonVoidInitializerImpl(NON_VOID_INITIALIZER)
                    DLangAssignExpressionImpl(ASSIGN_EXPRESSION)
                      DLangPostfixExpressionImpl(POSTFIX_EXPRESSION)
                        DLangPrimaryExpressionImpl(PRIMARY_EXPRESSION)
                          PsiElement(DLangTokenType.INTEGER_LITERAL)('7')
            PsiElement(DLangTokenType.;)(';')
    DLangDeclDefImpl(DECL_DEF)
      DLangAttributeSpecifierImpl(ATTRIBUTE_SPECIFIER)
        DLangAttributeImpl(ATTRIBUTE)
          DLangPropertyImpl(PROPERTY)
            DLangUserDefinedAttributeImpl(USER_DEFINED_ATTRIBUTE)
              PsiElement(DLangTokenType.@)('@')
              PsiElement(DLangTokenType.()('(')
              DLangArgumentListImpl(ARGUMENT_LIST)
                DLangAssignExpressionImpl(ASSIGN_EXPRESSION)
                  DLangPostfixExpressionImpl(POSTFIX_EXPRESSION)
                    DLangPrimaryExpressionImpl(PRIMARY_EXPRESSION)
                      DLangStringLiteralsImpl(STRING_LITERALS)
                        DLangStringLiteralImpl(STRING_LITERAL)
                          PsiElement(DLangTokenType.DOUBLE_QUOTED_STRING)('"hello"')
              PsiElement(DLangTokenType.))(')')
        DLangDeclarationBlockImpl(DECLARATION_BLOCK)
          DLangDeclDefImpl(DECL_DEF)
            DLangDeclarationImpl(DECLARATION)
              DLangAggregateDeclarationImpl(AGGREGATE_DECLARATION)
                STRUCT_DECLARATION
                  PsiElement(DLangTokenType.struct)('struct')
                  IDENTIFIER
                    PsiElement(DLangTokenType.ID)('SSS')
                  DLangAggregateBodyImpl(AGGREGATE_BODY)
                    PsiElement(DLangTokenType.{)('{')
                    PsiElement(DLangTokenType.})('}')
    DLangDeclDefImpl(DECL_DEF)
      DLangAttributeSpecifierImpl(ATTRIBUTE_SPECIFIER)
        DLangAttributeImpl(ATTRIBUTE)
          DLangPropertyImpl(PROPERTY)
            DLangUserDefinedAttributeImpl(USER_DEFINED_ATTRIBUTE)
              PsiElement(DLangTokenType.@)('@')
              PsiElement(DLangTokenType.()('(')
              DLangArgumentListImpl(ARGUMENT_LIST)
                DLangAssignExpressionImpl(ASSIGN_EXPRESSION)
                  DLangPostfixExpressionImpl(POSTFIX_EXPRESSION)
                    DLangPrimaryExpressionImpl(PRIMARY_EXPRESSION)
                      PsiElement(DLangTokenType.INTEGER_LITERAL)('3')
              PsiElement(DLangTokenType.))(')')
        DLangDeclarationBlockImpl(DECLARATION_BLOCK)
          PsiElement(DLangTokenType.{)('{')
          DLangDeclDefsImpl(DECL_DEFS)
            DLangDeclDefImpl(DECL_DEF)
              DLangAttributeSpecifierImpl(ATTRIBUTE_SPECIFIER)
                DLangAttributeImpl(ATTRIBUTE)
                  DLangPropertyImpl(PROPERTY)
                    DLangUserDefinedAttributeImpl(USER_DEFINED_ATTRIBUTE)
                      PsiElement(DLangTokenType.@)('@')
                      PsiElement(DLangTokenType.()('(')
                      DLangArgumentListImpl(ARGUMENT_LIST)
                        DLangAssignExpressionImpl(ASSIGN_EXPRESSION)
                          DLangPostfixExpressionImpl(POSTFIX_EXPRESSION)
                            DLangPrimaryExpressionImpl(PRIMARY_EXPRESSION)
                              PsiElement(DLangTokenType.INTEGER_LITERAL)('4')
                      PsiElement(DLangTokenType.))(')')
                DLangDeclarationBlockImpl(DECLARATION_BLOCK)
                  DLangDeclDefImpl(DECL_DEF)
                    DLangAttributeSpecifierImpl(ATTRIBUTE_SPECIFIER)
                      DLangAttributeImpl(ATTRIBUTE)
                        DLangPropertyImpl(PROPERTY)
                          DLangUserDefinedAttributeImpl(USER_DEFINED_ATTRIBUTE)
                            PsiElement(DLangTokenType.@)('@')
                            IDENTIFIER
                              PsiElement(DLangTokenType.ID)('EEE')
                      DLangDeclarationBlockImpl(DECLARATION_BLOCK)
                        DLangDeclDefImpl(DECL_DEF)
                          DLangAttributeSpecifierImpl(ATTRIBUTE_SPECIFIER)
                            DLangAttributeImpl(ATTRIBUTE)
                              DLangPropertyImpl(PROPERTY)
                                DLangUserDefinedAttributeImpl(USER_DEFINED_ATTRIBUTE)
                                  PsiElement(DLangTokenType.@)('@')
                                  IDENTIFIER
                                    PsiElement(DLangTokenType.ID)('SSS')
                            DLangDeclarationBlockImpl(DECLARATION_BLOCK)
                              DLangDeclDefImpl(DECL_DEF)
                                DLangDeclarationImpl(DECLARATION)
                                  DLangVarDeclarationsImpl(VAR_DECLARATIONS)
                                    DLangBasicTypeImpl(BASIC_TYPE)
                                      DLangBasicTypeXImpl(BASIC_TYPE_X)
                                        PsiElement(DLangTokenType.int)('int')
                                    DLangDeclaratorsImpl(DECLARATORS)
                                      DECLARATOR_INITIALIZER
                                        DLangVarDeclaratorImpl(VAR_DECLARATOR)
                                          IDENTIFIER
                                            PsiElement(DLangTokenType.ID)('foo')
                                    PsiElement(DLangTokenType.;)(';')
          PsiElement(DLangTokenType.})('}')
    DLangDeclDefImpl(DECL_DEF)
      DLangDeclarationImpl(DECLARATION)
        ALIAS_DECLARATION
          PsiElement(DLangTokenType.alias)('alias')
          IDENTIFIER
            PsiElement(DLangTokenType.ID)('TP')
          PsiElement(DLangTokenType.=)('=')
          DLangTypeImpl(TYPE)
            DLangBasicTypeImpl(BASIC_TYPE)
              DLangIdentifierListImpl(IDENTIFIER_LIST)
                IDENTIFIER
                  PsiElement(DLangTokenType.ID)('Tuple')
                DLangTemplateInstanceImpl(TEMPLATE_INSTANCE)
                  DLangTemplateArgumentsImpl(TEMPLATE_ARGUMENTS)
                    PsiElement(DLangTokenType.!)('!')
                    PsiElement(DLangTokenType.()('(')
                    DLangTemplateArgumentListImpl(TEMPLATE_ARGUMENT_LIST)
                      DLangTemplateArgumentImpl(TEMPLATE_ARGUMENT)
                        DLangAssignExpressionImpl(ASSIGN_EXPRESSION)
                          DLangPostfixExpressionImpl(POSTFIX_EXPRESSION)
                            DLangPrimaryExpressionImpl(PRIMARY_EXPRESSION)
                              DLangTraitsExpressionImpl(TRAITS_EXPRESSION)
                                PsiElement(DLangTokenType.__traits)('__traits')
                                PsiElement(DLangTokenType.()('(')
                                DLangTraitsKeywordImpl(TRAITS_KEYWORD)
                                  PsiElement(DLangTokenType.ID)('getAttributes')
                                PsiElement(DLangTokenType.,)(',')
                                DLangTraitsArgumentsImpl(TRAITS_ARGUMENTS)
                                  DLangTraitsArgumentImpl(TRAITS_ARGUMENT)
                                    DLangAssignExpressionImpl(ASSIGN_EXPRESSION)
                                      DLangPostfixExpressionImpl(POSTFIX_EXPRESSION)
                                        DLangPrimaryExpressionImpl(PRIMARY_EXPRESSION)
                                          IDENTIFIER
                                            PsiElement(DLangTokenType.ID)('foo')
                                PsiElement(DLangTokenType.))(')')
                    PsiElement(DLangTokenType.))(')')
          PsiElement(DLangTokenType.;)(';')
    DLangDeclDefImpl(DECL_DEF)
      DLangAttributeSpecifierImpl(ATTRIBUTE_SPECIFIER)
        DLangAttributeImpl(ATTRIBUTE)
          DLangPragmaImpl(PRAGMA)
            PsiElement(DLangTokenType.pragma)('pragma')
            PsiElement(DLangTokenType.()('(')
            IDENTIFIER
              PsiElement(DLangTokenType.ID)('msg')
            PsiElement(DLangTokenType.,)(',')
            DLangArgumentListImpl(ARGUMENT_LIST)
              DLangAssignExpressionImpl(ASSIGN_EXPRESSION)
                DLangPostfixExpressionImpl(POSTFIX_EXPRESSION)
                  DLangPrimaryExpressionImpl(PRIMARY_EXPRESSION)
                    IDENTIFIER
                      PsiElement(DLangTokenType.ID)('TP')
            PsiElement(DLangTokenType.))(')')
        DLangDeclarationBlockImpl(DECLARATION_BLOCK)
          DLangDeclDefImpl(DECL_DEF)
            PsiElement(DLangTokenType.;)(';')
    PsiComment(DLangTokenType.LINE_COMMENT)('// prints tuple(3, 4, 7, (SSS))')
    DLangDeclDefImpl(DECL_DEF)
      DLangAttributeSpecifierImpl(ATTRIBUTE_SPECIFIER)
        DLangAttributeImpl(ATTRIBUTE)
          DLangPragmaImpl(PRAGMA)
            PsiElement(DLangTokenType.pragma)('pragma')
            PsiElement(DLangTokenType.()('(')
            IDENTIFIER
              PsiElement(DLangTokenType.ID)('msg')
            PsiElement(DLangTokenType.,)(',')
            DLangArgumentListImpl(ARGUMENT_LIST)
              DLangAssignExpressionImpl(ASSIGN_EXPRESSION)
                DLangPostfixExpressionImpl(POSTFIX_EXPRESSION)
                  DLangPrimaryExpressionImpl(PRIMARY_EXPRESSION)
                    IDENTIFIER
                      PsiElement(DLangTokenType.ID)('TP')
                DLangPostfixExpressionImpl(POSTFIX_EXPRESSION)
                  DLangPrimaryExpressionImpl(PRIMARY_EXPRESSION)
                    DLangArrayLiteralImpl(ARRAY_LITERAL)
                      PsiElement(DLangTokenType.[)('[')
                      DLangArgumentListImpl(ARGUMENT_LIST)
                        DLangAssignExpressionImpl(ASSIGN_EXPRESSION)
                          DLangPostfixExpressionImpl(POSTFIX_EXPRESSION)
                            DLangPrimaryExpressionImpl(PRIMARY_EXPRESSION)
                              PsiElement(DLangTokenType.INTEGER_LITERAL)('2')
                      PsiElement(DLangTokenType.])(']')
            PsiElement(DLangTokenType.))(')')
        DLangDeclarationBlockImpl(DECLARATION_BLOCK)
          DLangDeclDefImpl(DECL_DEF)
            PsiElement(DLangTokenType.;)(';')
    PsiComment(DLangTokenType.LINE_COMMENT)('// prints 7')
    DLangDeclDefImpl(DECL_DEF)
      DLangDeclarationImpl(DECLARATION)
        DLangVarDeclarationsImpl(VAR_DECLARATIONS)
          DLangBasicTypeImpl(BASIC_TYPE)
            DLangIdentifierListImpl(IDENTIFIER_LIST)
              IDENTIFIER
                PsiElement(DLangTokenType.ID)('TP')
          DLangDeclaratorsImpl(DECLARATORS)
            DECLARATOR_INITIALIZER
              DLangVarDeclaratorImpl(VAR_DECLARATOR)
                DLangBasicType2Impl(BASIC_TYPE_2)
                  DLangBasicType2XImpl(BASIC_TYPE_2_X)
                    PsiElement(DLangTokenType.[)('[')
                    DLangAssignExpressionImpl(ASSIGN_EXPRESSION)
                      DLangPostfixExpressionImpl(POSTFIX_EXPRESSION)
                        DLangPrimaryExpressionImpl(PRIMARY_EXPRESSION)
                          PsiElement(DLangTokenType.INTEGER_LITERAL)('3')
                    PsiElement(DLangTokenType.])(']')
                IDENTIFIER
                  PsiElement(DLangTokenType.ID)('a')
          PsiElement(DLangTokenType.;)(';')
    PsiComment(DLangTokenType.LINE_COMMENT)('// a is declared as an SSS')
    DLangDeclDefImpl(DECL_DEF)
      DLangAttributeSpecifierImpl(ATTRIBUTE_SPECIFIER)
        DLangAttributeImpl(ATTRIBUTE)
          DLangPragmaImpl(PRAGMA)
            PsiElement(DLangTokenType.pragma)('pragma')
            PsiElement(DLangTokenType.()('(')
            IDENTIFIER
              PsiElement(DLangTokenType.ID)('msg')
            PsiElement(DLangTokenType.,)(',')
            DLangArgumentListImpl(ARGUMENT_LIST)
              DLangAssignExpressionImpl(ASSIGN_EXPRESSION)
                DLangPostfixExpressionImpl(POSTFIX_EXPRESSION)
                  DLangPrimaryExpressionImpl(PRIMARY_EXPRESSION)
                    DLangTraitsExpressionImpl(TRAITS_EXPRESSION)
                      PsiElement(DLangTokenType.__traits)('__traits')
                      PsiElement(DLangTokenType.()('(')
                      DLangTraitsKeywordImpl(TRAITS_KEYWORD)
                        PsiElement(DLangTokenType.ID)('getAttributes')
                      PsiElement(DLangTokenType.,)(',')
                      DLangTraitsArgumentsImpl(TRAITS_ARGUMENTS)
                        DLangTraitsArgumentImpl(TRAITS_ARGUMENT)
                          DLangAssignExpressionImpl(ASSIGN_EXPRESSION)
                            DLangPostfixExpressionImpl(POSTFIX_EXPRESSION)
                              DLangPrimaryExpressionImpl(PRIMARY_EXPRESSION)
                                DLangTypeImpl(TYPE)
                                  DLangBasicTypeImpl(BASIC_TYPE)
                                    DLangTypeofImpl(TYPEOF)
                                      PsiElement(DLangTokenType.typeof)('typeof')
                                      PsiElement(DLangTokenType.()('(')
                                      DLangCommaExpressionImpl(COMMA_EXPRESSION)
                                        DLangAssignExpressionImpl(ASSIGN_EXPRESSION)
                                          DLangPostfixExpressionImpl(POSTFIX_EXPRESSION)
                                            DLangPrimaryExpressionImpl(PRIMARY_EXPRESSION)
                                              IDENTIFIER
                                                PsiElement(DLangTokenType.ID)('a')
                                      PsiElement(DLangTokenType.))(')')
                      PsiElement(DLangTokenType.))(')')
            PsiElement(DLangTokenType.))(')')
        DLangDeclarationBlockImpl(DECLARATION_BLOCK)
          DLangDeclDefImpl(DECL_DEF)
            PsiElement(DLangTokenType.;)(';')
  PsiComment(DLangTokenType.LINE_COMMENT)('// prints tuple("hello")')