D Language File
  DLanguageDeclDefsImpl(DECL_DEFS)
    DLanguageDeclDefImpl(DECL_DEF)
      DLanguageAttributeSpecifierImpl(ATTRIBUTE_SPECIFIER)
        DLanguageAttributeImpl(ATTRIBUTE)
          DLanguageLinkageAttributeImpl(LINKAGE_ATTRIBUTE)
            PsiElement(DLanguageTokenType.extern)('extern')
            PsiElement(DLanguageTokenType.()('(')
            IDENTIFIER
              PsiElement(DLanguageTokenType.ID)('C')
            PsiElement(DLanguageTokenType.++)('++')
            PsiElement(DLanguageTokenType.,)(',')
            DLanguageIdentifierListImpl(IDENTIFIER_LIST)
              IDENTIFIER
                PsiElement(DLanguageTokenType.ID)('N')
            PsiElement(DLanguageTokenType.))(')')
        DLanguageDeclarationBlockImpl(DECLARATION_BLOCK)
          PsiElement(DLanguageTokenType.{)('{')
          DLanguageDeclDefsImpl(DECL_DEFS)
            DLanguageDeclDefImpl(DECL_DEF)
              FUNC_DECLARATION
                DLanguageBasicTypeImpl(BASIC_TYPE)
                  DLanguageBasicTypeXImpl(BASIC_TYPE_X)
                    PsiElement(DLanguageTokenType.void)('void')
                IDENTIFIER
                  PsiElement(DLanguageTokenType.ID)('foo')
                DLanguageFuncDeclaratorSuffixImpl(FUNC_DECLARATOR_SUFFIX)
                  DLanguageParametersImpl(PARAMETERS)
                    PsiElement(DLanguageTokenType.()('(')
                    PsiElement(DLanguageTokenType.))(')')
                PsiElement(DLanguageTokenType.;)(';')
          PsiElement(DLanguageTokenType.})('}')
  DLanguageStatementImpl(STATEMENT)
    DLanguageExpressionStatementImpl(EXPRESSION_STATEMENT)
      DLanguageExpressionImpl(EXPRESSION)
        DLanguageCommaExpressionImpl(COMMA_EXPRESSION)
          DLanguageAssignExpressionImpl(ASSIGN_EXPRESSION)
            DLanguageConditionalExpressionImpl(CONDITIONAL_EXPRESSION)
              DLanguageOrOrExpressionImpl(OR_OR_EXPRESSION)
                DLanguageAndAndExpressionImpl(AND_AND_EXPRESSION)
                  DLanguageOrExpressionImpl(OR_EXPRESSION)
                    DLanguageXorExpressionImpl(XOR_EXPRESSION)
                      DLanguageAndExpressionImpl(AND_EXPRESSION)
                        DLanguageShiftExpressionImpl(SHIFT_EXPRESSION)
                          DLanguageAddExpressionImpl(ADD_EXPRESSION)
                            DLanguageMulExpressionImpl(MUL_EXPRESSION)
                              DLanguageUnaryExpressionImpl(UNARY_EXPRESSION)
                                DLanguagePowExpressionImpl(POW_EXPRESSION)
                                  DLanguagePostfixExpressionImpl(POSTFIX_EXPRESSION)
                                    DLanguagePrimaryExpressionImpl(PRIMARY_EXPRESSION)
                                      IDENTIFIER
                                        PsiElement(DLanguageTokenType.ID)('namespace')
                    DLanguageOrExpressionImpl(OR_EXPRESSION)
                      DLanguageXorExpressionImpl(XOR_EXPRESSION)
                        DLanguageAndExpressionImpl(AND_EXPRESSION)
                          DLanguageShiftExpressionImpl(SHIFT_EXPRESSION)
                            DLanguageAddExpressionImpl(ADD_EXPRESSION)
                              DLanguageMulExpressionImpl(MUL_EXPRESSION)
                                DLanguageUnaryExpressionImpl(UNARY_EXPRESSION)
                                  DLanguagePowExpressionImpl(POW_EXPRESSION)
                                    DLanguagePostfixExpressionImpl(POSTFIX_EXPRESSION)
                                      DLanguagePrimaryExpressionImpl(PRIMARY_EXPRESSION)
                                        IDENTIFIER
                                          PsiElement(DLanguageTokenType.ID)('N')
                      DLanguageOrExpressionImpl(OR_EXPRESSION)
                        DLanguageXorExpressionImpl(XOR_EXPRESSION)
                          DLanguageAndExpressionImpl(AND_EXPRESSION)
                            DLanguageShiftExpressionImpl(SHIFT_EXPRESSION)
                              DLanguageAddExpressionImpl(ADD_EXPRESSION)
                                DLanguageMulExpressionImpl(MUL_EXPRESSION)
                                  DLanguageUnaryExpressionImpl(UNARY_EXPRESSION)
                                    DLanguagePowExpressionImpl(POW_EXPRESSION)
                                      DLanguagePostfixExpressionImpl(POSTFIX_EXPRESSION)
                                        DLanguagePrimaryExpressionImpl(PRIMARY_EXPRESSION)
                                          DLanguageFunctionLiteralImpl(FUNCTION_LITERAL)
                                            DLanguageFunctionLiteralBodyImpl(FUNCTION_LITERAL_BODY)
                                              DLanguageBlockStatementImpl(BLOCK_STATEMENT)
                                                PsiElement(DLanguageTokenType.{)('{')
                                                DLanguageStatementListImpl(STATEMENT_LIST)
                                                  DLanguageStatementImpl(STATEMENT)
                                                    FUNC_DECLARATION
                                                      DLanguageBasicTypeImpl(BASIC_TYPE)
                                                        DLanguageBasicTypeXImpl(BASIC_TYPE_X)
                                                          PsiElement(DLanguageTokenType.void)('void')
                                                      IDENTIFIER
                                                        PsiElement(DLanguageTokenType.ID)('foo')
                                                      DLanguageFuncDeclaratorSuffixImpl(FUNC_DECLARATOR_SUFFIX)
                                                        DLanguageParametersImpl(PARAMETERS)
                                                          PsiElement(DLanguageTokenType.()('(')
                                                          PsiElement(DLanguageTokenType.))(')')
                                                      PsiElement(DLanguageTokenType.;)(';')
                                                PsiElement(DLanguageTokenType.})('}')
                        DLanguageOrExpressionImpl(OR_EXPRESSION)
                          DLanguageXorExpressionImpl(XOR_EXPRESSION)
                            DLanguageAndExpressionImpl(AND_EXPRESSION)
                              DLanguageShiftExpressionImpl(SHIFT_EXPRESSION)
                                DLanguageAddExpressionImpl(ADD_EXPRESSION)
                                  DLanguageMulExpressionImpl(MUL_EXPRESSION)
                                    DLanguageUnaryExpressionImpl(UNARY_EXPRESSION)
                                      DLanguagePowExpressionImpl(POW_EXPRESSION)
                                        DLanguagePostfixExpressionImpl(POSTFIX_EXPRESSION)
                                          DLanguagePrimaryExpressionImpl(PRIMARY_EXPRESSION)
                                            IDENTIFIER
                                              PsiElement(DLanguageTokenType.ID)('foo')
                          DLanguageOrExpressionImpl(OR_EXPRESSION)
                            DLanguageXorExpressionImpl(XOR_EXPRESSION)
                              DLanguageAndExpressionImpl(AND_EXPRESSION)
                                DLanguageShiftExpressionImpl(SHIFT_EXPRESSION)
                                  DLanguageAddExpressionImpl(ADD_EXPRESSION)
                                    DLanguageMulExpressionImpl(MUL_EXPRESSION)
                                      DLanguageUnaryExpressionImpl(UNARY_EXPRESSION)
                                        DLanguagePowExpressionImpl(POW_EXPRESSION)
                                          DLanguagePostfixExpressionImpl(POSTFIX_EXPRESSION)
                                            DLanguagePrimaryExpressionImpl(PRIMARY_EXPRESSION)
                                              DLanguageFunctionLiteralImpl(FUNCTION_LITERAL)
                                                DLanguageParameterMemberAttributesImpl(PARAMETER_MEMBER_ATTRIBUTES)
                                                  DLanguageParametersImpl(PARAMETERS)
                                                    PsiElement(DLanguageTokenType.()('(')
                                                    PsiElement(DLanguageTokenType.))(')')
      PsiElement(DLanguageTokenType.;)(';')
  DLanguageStatementImpl(STATEMENT)
    DLanguageExpressionStatementImpl(EXPRESSION_STATEMENT)
      DLanguageExpressionImpl(EXPRESSION)
        DLanguageCommaExpressionImpl(COMMA_EXPRESSION)
          DLanguageAssignExpressionImpl(ASSIGN_EXPRESSION)
            DLanguageConditionalExpressionImpl(CONDITIONAL_EXPRESSION)
              DLanguageOrOrExpressionImpl(OR_OR_EXPRESSION)
                DLanguageAndAndExpressionImpl(AND_AND_EXPRESSION)
                  DLanguageOrExpressionImpl(OR_EXPRESSION)
                    DLanguageXorExpressionImpl(XOR_EXPRESSION)
                      DLanguageAndExpressionImpl(AND_EXPRESSION)
                        DLanguageShiftExpressionImpl(SHIFT_EXPRESSION)
                          DLanguageAddExpressionImpl(ADD_EXPRESSION)
                            DLanguageMulExpressionImpl(MUL_EXPRESSION)
                              DLanguageUnaryExpressionImpl(UNARY_EXPRESSION)
                                DLanguagePowExpressionImpl(POW_EXPRESSION)
                                  DLanguagePostfixExpressionImpl(POSTFIX_EXPRESSION)
                                    DLanguagePrimaryExpressionImpl(PRIMARY_EXPRESSION)
                                      IDENTIFIER
                                        PsiElement(DLanguageTokenType.ID)('N')
                    DLanguageOrExpressionImpl(OR_EXPRESSION)
                      DLanguageXorExpressionImpl(XOR_EXPRESSION)
                        DLanguageAndExpressionImpl(AND_EXPRESSION)
                          DLanguageShiftExpressionImpl(SHIFT_EXPRESSION)
                            DLanguageAddExpressionImpl(ADD_EXPRESSION)
                              DLanguageMulExpressionImpl(MUL_EXPRESSION)
                                DLanguageUnaryExpressionImpl(UNARY_EXPRESSION)
                                  DLanguagePowExpressionImpl(POW_EXPRESSION)
                                    DLanguagePostfixExpressionImpl(POSTFIX_EXPRESSION)
                                      DLanguagePrimaryExpressionImpl(PRIMARY_EXPRESSION)
                                        PsiElement(DLanguageTokenType..)('.')
                                        IDENTIFIER
                                          PsiElement(DLanguageTokenType.ID)('foo')
                      DLanguageOrExpressionImpl(OR_EXPRESSION)
                        DLanguageXorExpressionImpl(XOR_EXPRESSION)
                          DLanguageAndExpressionImpl(AND_EXPRESSION)
                            DLanguageShiftExpressionImpl(SHIFT_EXPRESSION)
                              DLanguageAddExpressionImpl(ADD_EXPRESSION)
                                DLanguageMulExpressionImpl(MUL_EXPRESSION)
                                  DLanguageUnaryExpressionImpl(UNARY_EXPRESSION)
                                    DLanguagePowExpressionImpl(POW_EXPRESSION)
                                      DLanguagePostfixExpressionImpl(POSTFIX_EXPRESSION)
                                        DLanguagePrimaryExpressionImpl(PRIMARY_EXPRESSION)
                                          DLanguageFunctionLiteralImpl(FUNCTION_LITERAL)
                                            DLanguageParameterMemberAttributesImpl(PARAMETER_MEMBER_ATTRIBUTES)
                                              DLanguageParametersImpl(PARAMETERS)
                                                PsiElement(DLanguageTokenType.()('(')
                                                PsiElement(DLanguageTokenType.))(')')
      PsiElement(DLanguageTokenType.;)(';')
  DLanguageDeclDefsImpl(DECL_DEFS)
    DLanguageDeclDefImpl(DECL_DEF)
      DLanguageAttributeSpecifierImpl(ATTRIBUTE_SPECIFIER)
        DLanguageAttributeImpl(ATTRIBUTE)
          DLanguageLinkageAttributeImpl(LINKAGE_ATTRIBUTE)
            PsiElement(DLanguageTokenType.extern)('extern')
            PsiElement(DLanguageTokenType.()('(')
            IDENTIFIER
              PsiElement(DLanguageTokenType.ID)('C')
            PsiElement(DLanguageTokenType.++)('++')
            PsiElement(DLanguageTokenType.,)(',')
            DLanguageIdentifierListImpl(IDENTIFIER_LIST)
              IDENTIFIER
                PsiElement(DLanguageTokenType.ID)('N')
            PsiElement(DLanguageTokenType.))(')')
        DLanguageDeclarationBlockImpl(DECLARATION_BLOCK)
          PsiElement(DLanguageTokenType.{)('{')
          DLanguageDeclDefsImpl(DECL_DEFS)
            DLanguageDeclDefImpl(DECL_DEF)
              FUNC_DECLARATION
                DLanguageBasicTypeImpl(BASIC_TYPE)
                  DLanguageBasicTypeXImpl(BASIC_TYPE_X)
                    PsiElement(DLanguageTokenType.void)('void')
                IDENTIFIER
                  PsiElement(DLanguageTokenType.ID)('foo')
                DLanguageFuncDeclaratorSuffixImpl(FUNC_DECLARATOR_SUFFIX)
                  DLanguageParametersImpl(PARAMETERS)
                    PsiElement(DLanguageTokenType.()('(')
                    PsiElement(DLanguageTokenType.))(')')
                PsiElement(DLanguageTokenType.;)(';')
            DLanguageDeclDefImpl(DECL_DEF)
              FUNC_DECLARATION
                DLanguageBasicTypeImpl(BASIC_TYPE)
                  DLanguageBasicTypeXImpl(BASIC_TYPE_X)
                    PsiElement(DLanguageTokenType.void)('void')
                IDENTIFIER
                  PsiElement(DLanguageTokenType.ID)('bar')
                DLanguageFuncDeclaratorSuffixImpl(FUNC_DECLARATOR_SUFFIX)
                  DLanguageParametersImpl(PARAMETERS)
                    PsiElement(DLanguageTokenType.()('(')
                    PsiElement(DLanguageTokenType.))(')')
                PsiElement(DLanguageTokenType.;)(';')
          PsiElement(DLanguageTokenType.})('}')
    DLanguageDeclDefImpl(DECL_DEF)
      DLanguageAttributeSpecifierImpl(ATTRIBUTE_SPECIFIER)
        DLanguageAttributeImpl(ATTRIBUTE)
          DLanguageLinkageAttributeImpl(LINKAGE_ATTRIBUTE)
            PsiElement(DLanguageTokenType.extern)('extern')
            PsiElement(DLanguageTokenType.()('(')
            IDENTIFIER
              PsiElement(DLanguageTokenType.ID)('C')
            PsiElement(DLanguageTokenType.++)('++')
            PsiElement(DLanguageTokenType.,)(',')
            DLanguageIdentifierListImpl(IDENTIFIER_LIST)
              IDENTIFIER
                PsiElement(DLanguageTokenType.ID)('M')
            PsiElement(DLanguageTokenType.))(')')
        DLanguageDeclarationBlockImpl(DECLARATION_BLOCK)
          PsiElement(DLanguageTokenType.{)('{')
          DLanguageDeclDefsImpl(DECL_DEFS)
            DLanguageDeclDefImpl(DECL_DEF)
              FUNC_DECLARATION
                DLanguageBasicTypeImpl(BASIC_TYPE)
                  DLanguageBasicTypeXImpl(BASIC_TYPE_X)
                    PsiElement(DLanguageTokenType.void)('void')
                IDENTIFIER
                  PsiElement(DLanguageTokenType.ID)('foo')
                DLanguageFuncDeclaratorSuffixImpl(FUNC_DECLARATOR_SUFFIX)
                  DLanguageParametersImpl(PARAMETERS)
                    PsiElement(DLanguageTokenType.()('(')
                    PsiElement(DLanguageTokenType.))(')')
                PsiElement(DLanguageTokenType.;)(';')
          PsiElement(DLanguageTokenType.})('}')
  DLanguageStatementImpl(STATEMENT)
    DLanguageExpressionStatementImpl(EXPRESSION_STATEMENT)
      DLanguageExpressionImpl(EXPRESSION)
        DLanguageCommaExpressionImpl(COMMA_EXPRESSION)
          DLanguageAssignExpressionImpl(ASSIGN_EXPRESSION)
            DLanguageConditionalExpressionImpl(CONDITIONAL_EXPRESSION)
              DLanguageOrOrExpressionImpl(OR_OR_EXPRESSION)
                DLanguageAndAndExpressionImpl(AND_AND_EXPRESSION)
                  DLanguageOrExpressionImpl(OR_EXPRESSION)
                    DLanguageXorExpressionImpl(XOR_EXPRESSION)
                      DLanguageAndExpressionImpl(AND_EXPRESSION)
                        DLanguageShiftExpressionImpl(SHIFT_EXPRESSION)
                          DLanguageAddExpressionImpl(ADD_EXPRESSION)
                            DLanguageMulExpressionImpl(MUL_EXPRESSION)
                              DLanguageUnaryExpressionImpl(UNARY_EXPRESSION)
                                DLanguagePowExpressionImpl(POW_EXPRESSION)
                                  DLanguagePostfixExpressionImpl(POSTFIX_EXPRESSION)
                                    DLanguagePrimaryExpressionImpl(PRIMARY_EXPRESSION)
                                      IDENTIFIER
                                        PsiElement(DLanguageTokenType.ID)('bar')
                    DLanguageOrExpressionImpl(OR_EXPRESSION)
                      DLanguageXorExpressionImpl(XOR_EXPRESSION)
                        DLanguageAndExpressionImpl(AND_EXPRESSION)
                          DLanguageShiftExpressionImpl(SHIFT_EXPRESSION)
                            DLanguageAddExpressionImpl(ADD_EXPRESSION)
                              DLanguageMulExpressionImpl(MUL_EXPRESSION)
                                DLanguageUnaryExpressionImpl(UNARY_EXPRESSION)
                                  DLanguagePowExpressionImpl(POW_EXPRESSION)
                                    DLanguagePostfixExpressionImpl(POSTFIX_EXPRESSION)
                                      DLanguagePrimaryExpressionImpl(PRIMARY_EXPRESSION)
                                        DLanguageFunctionLiteralImpl(FUNCTION_LITERAL)
                                          DLanguageParameterMemberAttributesImpl(PARAMETER_MEMBER_ATTRIBUTES)
                                            DLanguageParametersImpl(PARAMETERS)
                                              PsiElement(DLanguageTokenType.()('(')
                                              PsiElement(DLanguageTokenType.))(')')
      PsiElement(DLanguageTokenType.;)(';')
  PsiComment(DLanguageTokenType.LINE_COMMENT)('// ok')
  DLanguageStatementImpl(STATEMENT)
    DLanguageExpressionStatementImpl(EXPRESSION_STATEMENT)
      DLanguageExpressionImpl(EXPRESSION)
        DLanguageCommaExpressionImpl(COMMA_EXPRESSION)
          DLanguageAssignExpressionImpl(ASSIGN_EXPRESSION)
            DLanguageConditionalExpressionImpl(CONDITIONAL_EXPRESSION)
              DLanguageOrOrExpressionImpl(OR_OR_EXPRESSION)
                DLanguageAndAndExpressionImpl(AND_AND_EXPRESSION)
                  DLanguageOrExpressionImpl(OR_EXPRESSION)
                    DLanguageXorExpressionImpl(XOR_EXPRESSION)
                      DLanguageAndExpressionImpl(AND_EXPRESSION)
                        DLanguageShiftExpressionImpl(SHIFT_EXPRESSION)
                          DLanguageAddExpressionImpl(ADD_EXPRESSION)
                            DLanguageMulExpressionImpl(MUL_EXPRESSION)
                              DLanguageUnaryExpressionImpl(UNARY_EXPRESSION)
                                DLanguagePowExpressionImpl(POW_EXPRESSION)
                                  DLanguagePostfixExpressionImpl(POSTFIX_EXPRESSION)
                                    DLanguagePrimaryExpressionImpl(PRIMARY_EXPRESSION)
                                      IDENTIFIER
                                        PsiElement(DLanguageTokenType.ID)('foo')
                    DLanguageOrExpressionImpl(OR_EXPRESSION)
                      DLanguageXorExpressionImpl(XOR_EXPRESSION)
                        DLanguageAndExpressionImpl(AND_EXPRESSION)
                          DLanguageShiftExpressionImpl(SHIFT_EXPRESSION)
                            DLanguageAddExpressionImpl(ADD_EXPRESSION)
                              DLanguageMulExpressionImpl(MUL_EXPRESSION)
                                DLanguageUnaryExpressionImpl(UNARY_EXPRESSION)
                                  DLanguagePowExpressionImpl(POW_EXPRESSION)
                                    DLanguagePostfixExpressionImpl(POSTFIX_EXPRESSION)
                                      DLanguagePrimaryExpressionImpl(PRIMARY_EXPRESSION)
                                        DLanguageFunctionLiteralImpl(FUNCTION_LITERAL)
                                          DLanguageParameterMemberAttributesImpl(PARAMETER_MEMBER_ATTRIBUTES)
                                            DLanguageParametersImpl(PARAMETERS)
                                              PsiElement(DLanguageTokenType.()('(')
                                              PsiElement(DLanguageTokenType.))(')')
      PsiElement(DLanguageTokenType.;)(';')
  PsiComment(DLanguageTokenType.LINE_COMMENT)('// error - N.foo() or M.foo() ?')
  DLanguageStatementImpl(STATEMENT)
    DLanguageExpressionStatementImpl(EXPRESSION_STATEMENT)
      DLanguageExpressionImpl(EXPRESSION)
        DLanguageCommaExpressionImpl(COMMA_EXPRESSION)
          DLanguageAssignExpressionImpl(ASSIGN_EXPRESSION)
            DLanguageConditionalExpressionImpl(CONDITIONAL_EXPRESSION)
              DLanguageOrOrExpressionImpl(OR_OR_EXPRESSION)
                DLanguageAndAndExpressionImpl(AND_AND_EXPRESSION)
                  DLanguageOrExpressionImpl(OR_EXPRESSION)
                    DLanguageXorExpressionImpl(XOR_EXPRESSION)
                      DLanguageAndExpressionImpl(AND_EXPRESSION)
                        DLanguageShiftExpressionImpl(SHIFT_EXPRESSION)
                          DLanguageAddExpressionImpl(ADD_EXPRESSION)
                            DLanguageMulExpressionImpl(MUL_EXPRESSION)
                              DLanguageUnaryExpressionImpl(UNARY_EXPRESSION)
                                DLanguagePowExpressionImpl(POW_EXPRESSION)
                                  DLanguagePostfixExpressionImpl(POSTFIX_EXPRESSION)
                                    DLanguagePrimaryExpressionImpl(PRIMARY_EXPRESSION)
                                      IDENTIFIER
                                        PsiElement(DLanguageTokenType.ID)('M')
                    DLanguageOrExpressionImpl(OR_EXPRESSION)
                      DLanguageXorExpressionImpl(XOR_EXPRESSION)
                        DLanguageAndExpressionImpl(AND_EXPRESSION)
                          DLanguageShiftExpressionImpl(SHIFT_EXPRESSION)
                            DLanguageAddExpressionImpl(ADD_EXPRESSION)
                              DLanguageMulExpressionImpl(MUL_EXPRESSION)
                                DLanguageUnaryExpressionImpl(UNARY_EXPRESSION)
                                  DLanguagePowExpressionImpl(POW_EXPRESSION)
                                    DLanguagePostfixExpressionImpl(POSTFIX_EXPRESSION)
                                      DLanguagePrimaryExpressionImpl(PRIMARY_EXPRESSION)
                                        PsiElement(DLanguageTokenType..)('.')
                                        IDENTIFIER
                                          PsiElement(DLanguageTokenType.ID)('foo')
                      DLanguageOrExpressionImpl(OR_EXPRESSION)
                        DLanguageXorExpressionImpl(XOR_EXPRESSION)
                          DLanguageAndExpressionImpl(AND_EXPRESSION)
                            DLanguageShiftExpressionImpl(SHIFT_EXPRESSION)
                              DLanguageAddExpressionImpl(ADD_EXPRESSION)
                                DLanguageMulExpressionImpl(MUL_EXPRESSION)
                                  DLanguageUnaryExpressionImpl(UNARY_EXPRESSION)
                                    DLanguagePowExpressionImpl(POW_EXPRESSION)
                                      DLanguagePostfixExpressionImpl(POSTFIX_EXPRESSION)
                                        DLanguagePrimaryExpressionImpl(PRIMARY_EXPRESSION)
                                          DLanguageFunctionLiteralImpl(FUNCTION_LITERAL)
                                            DLanguageParameterMemberAttributesImpl(PARAMETER_MEMBER_ATTRIBUTES)
                                              DLanguageParametersImpl(PARAMETERS)
                                                PsiElement(DLanguageTokenType.()('(')
                                                PsiElement(DLanguageTokenType.))(')')
      PsiElement(DLanguageTokenType.;)(';')
  PsiComment(DLanguageTokenType.LINE_COMMENT)('// ok')