D Language File
  DLangDeclDefsImpl(DECL_DEFS)
    DLangDeclDefImpl(DECL_DEF)
      DLangDeclarationImpl(DECLARATION)
        DLangAggregateDeclarationImpl(AGGREGATE_DECLARATION)
          CLASS_DECLARATION
            PsiElement(DLangTokenType.class)('class')
            IDENTIFIER
              PsiElement(DLangTokenType.ID)('Foo')
            DLangAggregateBodyImpl(AGGREGATE_BODY)
              PsiElement(DLangTokenType.{)('{')
              DLangDeclDefsImpl(DECL_DEFS)
                DLangDeclDefImpl(DECL_DEF)
                  DLangAttributeSpecifierImpl(ATTRIBUTE_SPECIFIER)
                    DLangAttributeImpl(ATTRIBUTE)
                      PsiElement(DLangTokenType.static)('static')
                    DLangDeclarationBlockImpl(DECLARATION_BLOCK)
                      DLangDeclDefImpl(DECL_DEF)
                        DLangDeclarationImpl(DECLARATION)
                          FUNC_DECLARATION
                            DLangBasicTypeImpl(BASIC_TYPE)
                              DLangBasicTypeXImpl(BASIC_TYPE_X)
                                PsiElement(DLangTokenType.int)('int')
                            IDENTIFIER
                              PsiElement(DLangTokenType.ID)('bar')
                            DLangFuncDeclaratorSuffixImpl(FUNC_DECLARATOR_SUFFIX)
                              DLangParametersImpl(PARAMETERS)
                                PsiElement(DLangTokenType.()('(')
                                PsiElement(DLangTokenType.))(')')
                            DLangFunctionBodyImpl(FUNCTION_BODY)
                              DLangBlockStatementImpl(BLOCK_STATEMENT)
                                PsiElement(DLangTokenType.{)('{')
                                DLangStatementListImpl(STATEMENT_LIST)
                                  DLangStatementImpl(STATEMENT)
                                    DLangNonEmptyStatementImpl(NON_EMPTY_STATEMENT)
                                      DLangNonEmptyStatementNoCaseNoDefaultImpl(NON_EMPTY_STATEMENT_NO_CASE_NO_DEFAULT)
                                        DLangReturnStatementImpl(RETURN_STATEMENT)
                                          PsiElement(DLangTokenType.return)('return')
                                          DLangCommaExpressionImpl(COMMA_EXPRESSION)
                                            DLangAssignExpressionImpl(ASSIGN_EXPRESSION)
                                              DLangPostfixExpressionImpl(POSTFIX_EXPRESSION)
                                                DLangPrimaryExpressionImpl(PRIMARY_EXPRESSION)
                                                  PsiElement(DLangTokenType.INTEGER_LITERAL)('6')
                                          PsiElement(DLangTokenType.;)(';')
                                PsiElement(DLangTokenType.})('}')
                DLangDeclDefImpl(DECL_DEF)
                  DLangDeclarationImpl(DECLARATION)
                    FUNC_DECLARATION
                      DLangBasicTypeImpl(BASIC_TYPE)
                        DLangBasicTypeXImpl(BASIC_TYPE_X)
                          PsiElement(DLangTokenType.int)('int')
                      IDENTIFIER
                        PsiElement(DLangTokenType.ID)('foobar')
                      DLangFuncDeclaratorSuffixImpl(FUNC_DECLARATOR_SUFFIX)
                        DLangParametersImpl(PARAMETERS)
                          PsiElement(DLangTokenType.()('(')
                          PsiElement(DLangTokenType.))(')')
                      DLangFunctionBodyImpl(FUNCTION_BODY)
                        DLangBlockStatementImpl(BLOCK_STATEMENT)
                          PsiElement(DLangTokenType.{)('{')
                          DLangStatementListImpl(STATEMENT_LIST)
                            DLangStatementImpl(STATEMENT)
                              DLangNonEmptyStatementImpl(NON_EMPTY_STATEMENT)
                                DLangNonEmptyStatementNoCaseNoDefaultImpl(NON_EMPTY_STATEMENT_NO_CASE_NO_DEFAULT)
                                  DLangReturnStatementImpl(RETURN_STATEMENT)
                                    PsiElement(DLangTokenType.return)('return')
                                    DLangCommaExpressionImpl(COMMA_EXPRESSION)
                                      DLangAssignExpressionImpl(ASSIGN_EXPRESSION)
                                        DLangPostfixExpressionImpl(POSTFIX_EXPRESSION)
                                          DLangPrimaryExpressionImpl(PRIMARY_EXPRESSION)
                                            PsiElement(DLangTokenType.INTEGER_LITERAL)('7')
                                    PsiElement(DLangTokenType.;)(';')
                          PsiElement(DLangTokenType.})('}')
              PsiElement(DLangTokenType.})('}')
    DLangDeclDefImpl(DECL_DEF)
      DLangDeclarationImpl(DECLARATION)
        DLangVarDeclarationsImpl(VAR_DECLARATIONS)
          DLangBasicTypeImpl(BASIC_TYPE)
            DLangIdentifierListImpl(IDENTIFIER_LIST)
              IDENTIFIER
                PsiElement(DLangTokenType.ID)('Foo')
          DLangDeclaratorsImpl(DECLARATORS)
            DECLARATOR_INITIALIZER
              DLangVarDeclaratorImpl(VAR_DECLARATOR)
                IDENTIFIER
                  PsiElement(DLangTokenType.ID)('f')
              PsiElement(DLangTokenType.=)('=')
              DLangInitializerImpl(INITIALIZER)
                DLangNonVoidInitializerImpl(NON_VOID_INITIALIZER)
                  DLangAssignExpressionImpl(ASSIGN_EXPRESSION)
                    DLangPostfixExpressionImpl(POSTFIX_EXPRESSION)
                      DLangPrimaryExpressionImpl(PRIMARY_EXPRESSION)
                        DLangNewExpressionWithArgsImpl(NEW_EXPRESSION_WITH_ARGS)
                          PsiElement(DLangTokenType.new)('new')
                          DLangTypeImpl(TYPE)
                            DLangBasicTypeImpl(BASIC_TYPE)
                              DLangIdentifierListImpl(IDENTIFIER_LIST)
                                IDENTIFIER
                                  PsiElement(DLangTokenType.ID)('Foo')
          PsiElement(DLangTokenType.;)(';')
  DLangStatementImpl(STATEMENT)
    DLangNonEmptyStatementImpl(NON_EMPTY_STATEMENT)
      DLangNonEmptyStatementNoCaseNoDefaultImpl(NON_EMPTY_STATEMENT_NO_CASE_NO_DEFAULT)
        DLangExpressionStatementImpl(EXPRESSION_STATEMENT)
          DLangCommaExpressionImpl(COMMA_EXPRESSION)
            DLangAssignExpressionImpl(ASSIGN_EXPRESSION)
              DLangPostfixExpressionImpl(POSTFIX_EXPRESSION)
                DLangPrimaryExpressionImpl(PRIMARY_EXPRESSION)
                  IDENTIFIER
                    PsiElement(DLangTokenType.ID)('Foo')
              DLangPostfixExpressionImpl(POSTFIX_EXPRESSION)
                DLangPrimaryExpressionImpl(PRIMARY_EXPRESSION)
                  PsiElement(DLangTokenType..)('.')
                  IDENTIFIER
                    PsiElement(DLangTokenType.ID)('bar')
              DLangPostfixExpressionImpl(POSTFIX_EXPRESSION)
                DLangPrimaryExpressionImpl(PRIMARY_EXPRESSION)
                  DLangFunctionLiteralImpl(FUNCTION_LITERAL)
                    DLangParameterMemberAttributesImpl(PARAMETER_MEMBER_ATTRIBUTES)
                      DLangParametersImpl(PARAMETERS)
                        PsiElement(DLangTokenType.()('(')
                        PsiElement(DLangTokenType.))(')')
          PsiElement(DLangTokenType.;)(';')
  PsiComment(DLangTokenType.LINE_COMMENT)('// produces 6')
  DLangStatementImpl(STATEMENT)
    DLangNonEmptyStatementImpl(NON_EMPTY_STATEMENT)
      DLangNonEmptyStatementNoCaseNoDefaultImpl(NON_EMPTY_STATEMENT_NO_CASE_NO_DEFAULT)
        DLangExpressionStatementImpl(EXPRESSION_STATEMENT)
          DLangCommaExpressionImpl(COMMA_EXPRESSION)
            DLangAssignExpressionImpl(ASSIGN_EXPRESSION)
              DLangPostfixExpressionImpl(POSTFIX_EXPRESSION)
                DLangPrimaryExpressionImpl(PRIMARY_EXPRESSION)
                  IDENTIFIER
                    PsiElement(DLangTokenType.ID)('Foo')
              DLangPostfixExpressionImpl(POSTFIX_EXPRESSION)
                DLangPrimaryExpressionImpl(PRIMARY_EXPRESSION)
                  PsiElement(DLangTokenType..)('.')
                  IDENTIFIER
                    PsiElement(DLangTokenType.ID)('foobar')
              DLangPostfixExpressionImpl(POSTFIX_EXPRESSION)
                DLangPrimaryExpressionImpl(PRIMARY_EXPRESSION)
                  DLangFunctionLiteralImpl(FUNCTION_LITERAL)
                    DLangParameterMemberAttributesImpl(PARAMETER_MEMBER_ATTRIBUTES)
                      DLangParametersImpl(PARAMETERS)
                        PsiElement(DLangTokenType.()('(')
                        PsiElement(DLangTokenType.))(')')
          PsiElement(DLangTokenType.;)(';')
  PsiComment(DLangTokenType.LINE_COMMENT)('// error, no instance of Foo')
  DLangStatementImpl(STATEMENT)
    DLangNonEmptyStatementImpl(NON_EMPTY_STATEMENT)
      DLangNonEmptyStatementNoCaseNoDefaultImpl(NON_EMPTY_STATEMENT_NO_CASE_NO_DEFAULT)
        DLangExpressionStatementImpl(EXPRESSION_STATEMENT)
          DLangCommaExpressionImpl(COMMA_EXPRESSION)
            DLangAssignExpressionImpl(ASSIGN_EXPRESSION)
              DLangPostfixExpressionImpl(POSTFIX_EXPRESSION)
                DLangPrimaryExpressionImpl(PRIMARY_EXPRESSION)
                  IDENTIFIER
                    PsiElement(DLangTokenType.ID)('f')
              DLangPostfixExpressionImpl(POSTFIX_EXPRESSION)
                DLangPrimaryExpressionImpl(PRIMARY_EXPRESSION)
                  PsiElement(DLangTokenType..)('.')
                  IDENTIFIER
                    PsiElement(DLangTokenType.ID)('bar')
              DLangPostfixExpressionImpl(POSTFIX_EXPRESSION)
                DLangPrimaryExpressionImpl(PRIMARY_EXPRESSION)
                  DLangFunctionLiteralImpl(FUNCTION_LITERAL)
                    DLangParameterMemberAttributesImpl(PARAMETER_MEMBER_ATTRIBUTES)
                      DLangParametersImpl(PARAMETERS)
                        PsiElement(DLangTokenType.()('(')
                        PsiElement(DLangTokenType.))(')')
          PsiElement(DLangTokenType.;)(';')
  PsiComment(DLangTokenType.LINE_COMMENT)('// produces 6;')
  DLangStatementImpl(STATEMENT)
    DLangNonEmptyStatementImpl(NON_EMPTY_STATEMENT)
      DLangNonEmptyStatementNoCaseNoDefaultImpl(NON_EMPTY_STATEMENT_NO_CASE_NO_DEFAULT)
        DLangExpressionStatementImpl(EXPRESSION_STATEMENT)
          DLangCommaExpressionImpl(COMMA_EXPRESSION)
            DLangAssignExpressionImpl(ASSIGN_EXPRESSION)
              DLangPostfixExpressionImpl(POSTFIX_EXPRESSION)
                DLangPrimaryExpressionImpl(PRIMARY_EXPRESSION)
                  IDENTIFIER
                    PsiElement(DLangTokenType.ID)('f')
              DLangPostfixExpressionImpl(POSTFIX_EXPRESSION)
                DLangPrimaryExpressionImpl(PRIMARY_EXPRESSION)
                  PsiElement(DLangTokenType..)('.')
                  IDENTIFIER
                    PsiElement(DLangTokenType.ID)('foobar')
              DLangPostfixExpressionImpl(POSTFIX_EXPRESSION)
                DLangPrimaryExpressionImpl(PRIMARY_EXPRESSION)
                  DLangFunctionLiteralImpl(FUNCTION_LITERAL)
                    DLangParameterMemberAttributesImpl(PARAMETER_MEMBER_ATTRIBUTES)
                      DLangParametersImpl(PARAMETERS)
                        PsiElement(DLangTokenType.()('(')
                        PsiElement(DLangTokenType.))(')')
          PsiElement(DLangTokenType.;)(';')
  PsiComment(DLangTokenType.LINE_COMMENT)('// produces 7;')
