D Language File
  MODULE_DECLARATION
    PsiElement(DLangTokenType.module)('module')
    DLangModuleFullyQualifiedNameImpl(MODULE_FULLY_QUALIFIED_NAME)
      IDENTIFIER
        PsiElement(DLangTokenType.ID)('foo')
    PsiElement(DLangTokenType.;)(';')
  DLangDeclDefsImpl(DECL_DEFS)
    DLangDeclDefImpl(DECL_DEF)
      DLangDeclarationImpl(DECLARATION)
        DLangVarDeclarationsImpl(VAR_DECLARATIONS)
          DLangBasicTypeImpl(BASIC_TYPE)
            DLangBasicTypeXImpl(BASIC_TYPE_X)
              PsiElement(DLangTokenType.int)('int')
          DLangDeclaratorsImpl(DECLARATORS)
            DECLARATOR_INITIALIZER
              DLangVarDeclaratorImpl(VAR_DECLARATOR)
                IDENTIFIER
                  PsiElement(DLangTokenType.ID)('x')
              PsiElement(DLangTokenType.=)('=')
              DLangInitializerImpl(INITIALIZER)
                DLangNonVoidInitializerImpl(NON_VOID_INITIALIZER)
                  DLangAssignExpressionImpl(ASSIGN_EXPRESSION)
                    DLangPostfixExpressionImpl(POSTFIX_EXPRESSION)
                      DLangPrimaryExpressionImpl(PRIMARY_EXPRESSION)
                        PsiElement(DLangTokenType.INTEGER_LITERAL)('3')
          PsiElement(DLangTokenType.;)(';')
    PsiComment(DLangTokenType.LINE_COMMENT)('// x is global')
    DLangDeclDefImpl(DECL_DEF)
      DLangAttributeSpecifierImpl(ATTRIBUTE_SPECIFIER)
        DLangAttributeImpl(ATTRIBUTE)
          DLangProtectionAttributeImpl(PROTECTION_ATTRIBUTE)
            PsiElement(DLangTokenType.private)('private')
        DLangDeclarationBlockImpl(DECLARATION_BLOCK)
          DLangDeclDefImpl(DECL_DEF)
            DLangDeclarationImpl(DECLARATION)
              DLangVarDeclarationsImpl(VAR_DECLARATIONS)
                DLangBasicTypeImpl(BASIC_TYPE)
                  DLangBasicTypeXImpl(BASIC_TYPE_X)
                    PsiElement(DLangTokenType.int)('int')
                DLangDeclaratorsImpl(DECLARATORS)
                  DECLARATOR_INITIALIZER
                    DLangVarDeclaratorImpl(VAR_DECLARATOR)
                      IDENTIFIER
                        PsiElement(DLangTokenType.ID)('y')
                    PsiElement(DLangTokenType.=)('=')
                    DLangInitializerImpl(INITIALIZER)
                      DLangNonVoidInitializerImpl(NON_VOID_INITIALIZER)
                        DLangAssignExpressionImpl(ASSIGN_EXPRESSION)
                          DLangPostfixExpressionImpl(POSTFIX_EXPRESSION)
                            DLangPrimaryExpressionImpl(PRIMARY_EXPRESSION)
                              PsiElement(DLangTokenType.INTEGER_LITERAL)('4')
                PsiElement(DLangTokenType.;)(';')
  PsiComment(DLangTokenType.LINE_COMMENT)('// y is local to module foo')