D Language File
  PsiComment(DLangTokenType.LINE_COMMENT)('// Test used for fixing the bitwise or bug (the pipe symbol)')
  DLangStatementImpl(STATEMENT)
    DLangNonEmptyStatementImpl(NON_EMPTY_STATEMENT)
      DLangNonEmptyStatementNoCaseNoDefaultImpl(NON_EMPTY_STATEMENT_NO_CASE_NO_DEFAULT)
        DLangExpressionStatementImpl(EXPRESSION_STATEMENT)
          DLangCommaExpressionImpl(COMMA_EXPRESSION)
            DLangAssignExpressionImpl(ASSIGN_EXPRESSION)
              DLangPostfixExpressionImpl(POSTFIX_EXPRESSION)
                DLangPrimaryExpressionImpl(PRIMARY_EXPRESSION)
                  IDENTIFIER
                    PsiElement(DLangTokenType.ID)('assertEquals')
              DLangPostfixExpressionImpl(POSTFIX_EXPRESSION)
                DLangPrimaryExpressionImpl(PRIMARY_EXPRESSION)
                  PsiElement(DLangTokenType.()('(')
                  DLangCommaExpressionImpl(COMMA_EXPRESSION)
                    DLangAssignExpressionImpl(ASSIGN_EXPRESSION)
                      DLangPostfixExpressionImpl(POSTFIX_EXPRESSION)
                        DLangPrimaryExpressionImpl(PRIMARY_EXPRESSION)
                          PsiElement(DLangTokenType.INTEGER_LITERAL)('2')
                      PsiElement(DLangTokenType.|)('|')
                      DLangPostfixExpressionImpl(POSTFIX_EXPRESSION)
                        DLangPrimaryExpressionImpl(PRIMARY_EXPRESSION)
                          PsiElement(DLangTokenType.INTEGER_LITERAL)('4')
                    PsiElement(DLangTokenType.,)(',')
                    DLangAssignExpressionImpl(ASSIGN_EXPRESSION)
                      DLangPostfixExpressionImpl(POSTFIX_EXPRESSION)
                        DLangPrimaryExpressionImpl(PRIMARY_EXPRESSION)
                          PsiElement(DLangTokenType.INTEGER_LITERAL)('2')
                  PsiElement(DLangTokenType.))(')')
          PsiElement(DLangTokenType.;)(';')
  DLangDeclDefsImpl(DECL_DEFS)
    DLangDeclDefImpl(DECL_DEF)
      DLangAttributeSpecifierImpl(ATTRIBUTE_SPECIFIER)
        DLangAttributeImpl(ATTRIBUTE)
          PsiElement(DLangTokenType.auto)('auto')
        DLangDeclarationBlockImpl(DECLARATION_BLOCK)
          DLangDeclDefImpl(DECL_DEF)
            DLangDeclarationImpl(DECLARATION)
              DLangVarDeclarationsImpl(VAR_DECLARATIONS)
                DLangAutoDeclarationImpl(AUTO_DECLARATION)
                  DLangAutoDeclarationXImpl(AUTO_DECLARATION_X)
                    AUTO_DECLARATION_Y
                      IDENTIFIER
                        PsiElement(DLangTokenType.ID)('x')
                      PsiElement(DLangTokenType.=)('=')
                      DLangInitializerImpl(INITIALIZER)
                        DLangNonVoidInitializerImpl(NON_VOID_INITIALIZER)
                          DLangAssignExpressionImpl(ASSIGN_EXPRESSION)
                            DLangPostfixExpressionImpl(POSTFIX_EXPRESSION)
                              DLangPrimaryExpressionImpl(PRIMARY_EXPRESSION)
                                PsiElement(DLangTokenType.true)('true')
                            PsiElement(DLangTokenType.|)('|')
                            DLangPostfixExpressionImpl(POSTFIX_EXPRESSION)
                              DLangPrimaryExpressionImpl(PRIMARY_EXPRESSION)
                                PsiElement(DLangTokenType.false)('false')
                  PsiElement(DLangTokenType.;)(';')