D Language File
  DLanguageDeclDefsImpl(DECL_DEFS)
    DLanguageDeclDefImpl(DECL_DEF)
      DLanguageDeclarationImpl(DECLARATION)
        DLanguageAggregateDeclarationImpl(AGGREGATE_DECLARATION)
          CLASS_DECLARATION
            PsiElement(DLanguageTokenType.class)('class')
            IDENTIFIER
              PsiElement(DLanguageTokenType.ID)('Foo')
            DLanguageAggregateBodyImpl(AGGREGATE_BODY)
              PsiElement(DLanguageTokenType.{)('{')
              DLanguageDeclDefsImpl(DECL_DEFS)
                DLanguageDeclDefImpl(DECL_DEF)
                  DLanguageAttributeSpecifierImpl(ATTRIBUTE_SPECIFIER)
                    DLanguageAttributeImpl(ATTRIBUTE)
                      PsiElement(DLanguageTokenType.static)('static')
                    DLanguageDeclarationBlockImpl(DECLARATION_BLOCK)
                      DLanguageDeclDefImpl(DECL_DEF)
                        DLanguageDeclarationImpl(DECLARATION)
                          DLanguageVarDeclarationsImpl(VAR_DECLARATIONS)
                            DLanguageBasicTypeImpl(BASIC_TYPE)
                              DLanguageBasicTypeXImpl(BASIC_TYPE_X)
                                PsiElement(DLanguageTokenType.int)('int')
                            DLanguageDeclaratorsImpl(DECLARATORS)
                              DLanguageDeclaratorInitializerImpl(DECLARATOR_INITIALIZER)
                                DECLARATOR
                                  DLanguageVarDeclaratorImpl(VAR_DECLARATOR)
                                    IDENTIFIER
                                      PsiElement(DLanguageTokenType.ID)('a')
                                PsiElement(DLanguageTokenType.=)('=')
                                DLanguageInitializerImpl(INITIALIZER)
                                  DLanguageNonVoidInitializerImpl(NON_VOID_INITIALIZER)
                                    DLanguageAssignExpressionImpl(ASSIGN_EXPRESSION)
                                      DLanguagePostfixExpressionImpl(POSTFIX_EXPRESSION)
                                        DLanguagePrimaryExpressionImpl(PRIMARY_EXPRESSION)
                                          IDENTIFIER
                                            PsiElement(DLanguageTokenType.ID)('b')
                                      DLanguageAddExpression_Impl(ADD_EXPRESSION_)
                                        PsiElement(DLanguageTokenType.+)('+')
                                        DLanguagePostfixExpressionImpl(POSTFIX_EXPRESSION)
                                          DLanguagePrimaryExpressionImpl(PRIMARY_EXPRESSION)
                                            PsiElement(DLanguageTokenType.INTEGER_LITERAL)('1')
                            PsiElement(DLanguageTokenType.;)(';')
                DLanguageDeclDefImpl(DECL_DEF)
                  DLanguageAttributeSpecifierImpl(ATTRIBUTE_SPECIFIER)
                    DLanguageAttributeImpl(ATTRIBUTE)
                      PsiElement(DLanguageTokenType.static)('static')
                    DLanguageDeclarationBlockImpl(DECLARATION_BLOCK)
                      DLanguageDeclDefImpl(DECL_DEF)
                        DLanguageDeclarationImpl(DECLARATION)
                          DLanguageVarDeclarationsImpl(VAR_DECLARATIONS)
                            DLanguageBasicTypeImpl(BASIC_TYPE)
                              DLanguageBasicTypeXImpl(BASIC_TYPE_X)
                                PsiElement(DLanguageTokenType.int)('int')
                            DLanguageDeclaratorsImpl(DECLARATORS)
                              DLanguageDeclaratorInitializerImpl(DECLARATOR_INITIALIZER)
                                DECLARATOR
                                  DLanguageVarDeclaratorImpl(VAR_DECLARATOR)
                                    IDENTIFIER
                                      PsiElement(DLanguageTokenType.ID)('b')
                                PsiElement(DLanguageTokenType.=)('=')
                                DLanguageInitializerImpl(INITIALIZER)
                                  DLanguageNonVoidInitializerImpl(NON_VOID_INITIALIZER)
                                    DLanguageAssignExpressionImpl(ASSIGN_EXPRESSION)
                                      DLanguagePostfixExpressionImpl(POSTFIX_EXPRESSION)
                                        DLanguagePrimaryExpressionImpl(PRIMARY_EXPRESSION)
                                          IDENTIFIER
                                            PsiElement(DLanguageTokenType.ID)('a')
                                      DLanguageMulExpression_Impl(MUL_EXPRESSION_)
                                        PsiElement(DLanguageTokenType.*)('*')
                                        DLanguagePostfixExpressionImpl(POSTFIX_EXPRESSION)
                                          DLanguagePrimaryExpressionImpl(PRIMARY_EXPRESSION)
                                            PsiElement(DLanguageTokenType.INTEGER_LITERAL)('2')
                            PsiElement(DLanguageTokenType.;)(';')
              PsiElement(DLanguageTokenType.})('}')
    DLanguageDeclDefImpl(DECL_DEF)
      DLanguageDeclarationImpl(DECLARATION)
        DLanguageAggregateDeclarationImpl(AGGREGATE_DECLARATION)
          CLASS_DECLARATION
            PsiElement(DLanguageTokenType.class)('class')
            IDENTIFIER
              PsiElement(DLanguageTokenType.ID)('Foo')
            DLanguageAggregateBodyImpl(AGGREGATE_BODY)
              PsiElement(DLanguageTokenType.{)('{')
              DLanguageDeclDefsImpl(DECL_DEFS)
                DLanguageDeclDefImpl(DECL_DEF)
                  DLanguageAttributeSpecifierImpl(ATTRIBUTE_SPECIFIER)
                    DLanguageAttributeImpl(ATTRIBUTE)
                      PsiElement(DLanguageTokenType.static)('static')
                    DLanguageDeclarationBlockImpl(DECLARATION_BLOCK)
                      DLanguageDeclDefImpl(DECL_DEF)
                        DLanguageDeclarationImpl(DECLARATION)
                          DLanguageVarDeclarationsImpl(VAR_DECLARATIONS)
                            DLanguageBasicTypeImpl(BASIC_TYPE)
                              DLanguageBasicTypeXImpl(BASIC_TYPE_X)
                                PsiElement(DLanguageTokenType.int)('int')
                            DLanguageDeclaratorsImpl(DECLARATORS)
                              DLanguageDeclaratorInitializerImpl(DECLARATOR_INITIALIZER)
                                DECLARATOR
                                  DLanguageVarDeclaratorImpl(VAR_DECLARATOR)
                                    IDENTIFIER
                                      PsiElement(DLanguageTokenType.ID)('a')
                            PsiElement(DLanguageTokenType.;)(';')
                PsiComment(DLanguageTokenType.LINE_COMMENT)('// default initialized to 0')
                DLanguageDeclDefImpl(DECL_DEF)
                  DLanguageAttributeSpecifierImpl(ATTRIBUTE_SPECIFIER)
                    DLanguageAttributeImpl(ATTRIBUTE)
                      PsiElement(DLanguageTokenType.static)('static')
                    DLanguageDeclarationBlockImpl(DECLARATION_BLOCK)
                      DLanguageDeclDefImpl(DECL_DEF)
                        DLanguageDeclarationImpl(DECLARATION)
                          DLanguageVarDeclarationsImpl(VAR_DECLARATIONS)
                            DLanguageBasicTypeImpl(BASIC_TYPE)
                              DLanguageBasicTypeXImpl(BASIC_TYPE_X)
                                PsiElement(DLanguageTokenType.int)('int')
                            DLanguageDeclaratorsImpl(DECLARATORS)
                              DLanguageDeclaratorInitializerImpl(DECLARATOR_INITIALIZER)
                                DECLARATOR
                                  DLanguageVarDeclaratorImpl(VAR_DECLARATOR)
                                    IDENTIFIER
                                      PsiElement(DLanguageTokenType.ID)('b')
                                PsiElement(DLanguageTokenType.=)('=')
                                DLanguageInitializerImpl(INITIALIZER)
                                  DLanguageNonVoidInitializerImpl(NON_VOID_INITIALIZER)
                                    DLanguageAssignExpressionImpl(ASSIGN_EXPRESSION)
                                      DLanguagePostfixExpressionImpl(POSTFIX_EXPRESSION)
                                        DLanguagePrimaryExpressionImpl(PRIMARY_EXPRESSION)
                                          PsiElement(DLanguageTokenType.INTEGER_LITERAL)('1')
                            PsiElement(DLanguageTokenType.;)(';')
                DLanguageDeclDefImpl(DECL_DEF)
                  DLanguageAttributeSpecifierImpl(ATTRIBUTE_SPECIFIER)
                    DLanguageAttributeImpl(ATTRIBUTE)
                      PsiElement(DLanguageTokenType.static)('static')
                    DLanguageDeclarationBlockImpl(DECLARATION_BLOCK)
                      DLanguageDeclDefImpl(DECL_DEF)
                        DLanguageDeclarationImpl(DECLARATION)
                          DLanguageVarDeclarationsImpl(VAR_DECLARATIONS)
                            DLanguageBasicTypeImpl(BASIC_TYPE)
                              DLanguageBasicTypeXImpl(BASIC_TYPE_X)
                                PsiElement(DLanguageTokenType.int)('int')
                            DLanguageDeclaratorsImpl(DECLARATORS)
                              DLanguageDeclaratorInitializerImpl(DECLARATOR_INITIALIZER)
                                DECLARATOR
                                  DLanguageVarDeclaratorImpl(VAR_DECLARATOR)
                                    IDENTIFIER
                                      PsiElement(DLanguageTokenType.ID)('c')
                                PsiElement(DLanguageTokenType.=)('=')
                                DLanguageInitializerImpl(INITIALIZER)
                                  DLanguageNonVoidInitializerImpl(NON_VOID_INITIALIZER)
                                    DLanguageAssignExpressionImpl(ASSIGN_EXPRESSION)
                                      DLanguagePostfixExpressionImpl(POSTFIX_EXPRESSION)
                                        DLanguagePrimaryExpressionImpl(PRIMARY_EXPRESSION)
                                          IDENTIFIER
                                            PsiElement(DLanguageTokenType.ID)('b')
                                      DLanguageAddExpression_Impl(ADD_EXPRESSION_)
                                        PsiElement(DLanguageTokenType.+)('+')
                                        DLanguagePostfixExpressionImpl(POSTFIX_EXPRESSION)
                                          DLanguagePrimaryExpressionImpl(PRIMARY_EXPRESSION)
                                            IDENTIFIER
                                              PsiElement(DLanguageTokenType.ID)('a')
                            PsiElement(DLanguageTokenType.;)(';')
                PsiComment(DLanguageTokenType.LINE_COMMENT)('// error, not a constant initializer')
                DLanguageDeclDefImpl(DECL_DEF)
                  DLanguageAttributeSpecifierImpl(ATTRIBUTE_SPECIFIER)
                    DLanguageAttributeImpl(ATTRIBUTE)
                      PsiElement(DLanguageTokenType.static)('static')
                    DLanguageDeclarationBlockImpl(DECLARATION_BLOCK)
                      DLanguageDeclDefImpl(DECL_DEF)
                        CONSTRUCTOR
                          PsiElement(DLanguageTokenType.this)('this')
                          DLanguageParametersImpl(PARAMETERS)
                            PsiElement(DLanguageTokenType.()('(')
                            PsiElement(DLanguageTokenType.))(')')
                          PsiComment(DLanguageTokenType.LINE_COMMENT)('// static constructor')
                          DLanguageFunctionBodyImpl(FUNCTION_BODY)
                            DLanguageBlockStatementImpl(BLOCK_STATEMENT)
                              PsiElement(DLanguageTokenType.{)('{')
                              DLanguageStatementListImpl(STATEMENT_LIST)
                                DLanguageStatementImpl(STATEMENT)
                                  DLanguageNonEmptyStatementImpl(NON_EMPTY_STATEMENT)
                                    DLanguageNonEmptyStatementNoCaseNoDefaultImpl(NON_EMPTY_STATEMENT_NO_CASE_NO_DEFAULT)
                                      DLanguageDeclarationStatementImpl(DECLARATION_STATEMENT)
                                        DLanguageDeclarationImpl(DECLARATION)
                                          DLanguageVarDeclarationsImpl(VAR_DECLARATIONS)
                                            DLanguageAutoDeclarationImpl(AUTO_DECLARATION)
                                              DLanguageAutoDeclarationXImpl(AUTO_DECLARATION_X)
                                                AUTO_DECLARATION_Y
                                                  IDENTIFIER
                                                    PsiElement(DLanguageTokenType.ID)('a')
                                                  PsiElement(DLanguageTokenType.=)('=')
                                                  DLanguageInitializerImpl(INITIALIZER)
                                                    DLanguageNonVoidInitializerImpl(NON_VOID_INITIALIZER)
                                                      DLanguageAssignExpressionImpl(ASSIGN_EXPRESSION)
                                                        DLanguagePostfixExpressionImpl(POSTFIX_EXPRESSION)
                                                          DLanguagePrimaryExpressionImpl(PRIMARY_EXPRESSION)
                                                            IDENTIFIER
                                                              PsiElement(DLanguageTokenType.ID)('b')
                                                        DLanguageAddExpression_Impl(ADD_EXPRESSION_)
                                                          PsiElement(DLanguageTokenType.+)('+')
                                                          DLanguagePostfixExpressionImpl(POSTFIX_EXPRESSION)
                                                            DLanguagePrimaryExpressionImpl(PRIMARY_EXPRESSION)
                                                              PsiElement(DLanguageTokenType.INTEGER_LITERAL)('1')
                                              PsiElement(DLanguageTokenType.;)(';')
                                PsiComment(DLanguageTokenType.LINE_COMMENT)('// a is set to 2')
                                DLanguageStatementImpl(STATEMENT)
                                  DLanguageNonEmptyStatementImpl(NON_EMPTY_STATEMENT)
                                    DLanguageNonEmptyStatementNoCaseNoDefaultImpl(NON_EMPTY_STATEMENT_NO_CASE_NO_DEFAULT)
                                      DLanguageDeclarationStatementImpl(DECLARATION_STATEMENT)
                                        DLanguageDeclarationImpl(DECLARATION)
                                          DLanguageVarDeclarationsImpl(VAR_DECLARATIONS)
                                            DLanguageAutoDeclarationImpl(AUTO_DECLARATION)
                                              DLanguageAutoDeclarationXImpl(AUTO_DECLARATION_X)
                                                AUTO_DECLARATION_Y
                                                  IDENTIFIER
                                                    PsiElement(DLanguageTokenType.ID)('b')
                                                  PsiElement(DLanguageTokenType.=)('=')
                                                  DLanguageInitializerImpl(INITIALIZER)
                                                    DLanguageNonVoidInitializerImpl(NON_VOID_INITIALIZER)
                                                      DLanguageAssignExpressionImpl(ASSIGN_EXPRESSION)
                                                        DLanguagePostfixExpressionImpl(POSTFIX_EXPRESSION)
                                                          DLanguagePrimaryExpressionImpl(PRIMARY_EXPRESSION)
                                                            IDENTIFIER
                                                              PsiElement(DLanguageTokenType.ID)('a')
                                                        DLanguageMulExpression_Impl(MUL_EXPRESSION_)
                                                          PsiElement(DLanguageTokenType.*)('*')
                                                          DLanguagePostfixExpressionImpl(POSTFIX_EXPRESSION)
                                                            DLanguagePrimaryExpressionImpl(PRIMARY_EXPRESSION)
                                                              PsiElement(DLanguageTokenType.INTEGER_LITERAL)('2')
                                              PsiElement(DLanguageTokenType.;)(';')
                              PsiComment(DLanguageTokenType.LINE_COMMENT)('// b is set to 4')
                              PsiElement(DLanguageTokenType.})('}')
              PsiElement(DLanguageTokenType.})('}')
    DLanguageDeclDefImpl(DECL_DEF)
      DLanguageDeclarationImpl(DECLARATION)
        DLanguageAggregateDeclarationImpl(AGGREGATE_DECLARATION)
          CLASS_DECLARATION
            PsiElement(DLanguageTokenType.class)('class')
            IDENTIFIER
              PsiElement(DLanguageTokenType.ID)('Foo')
            DLanguageAggregateBodyImpl(AGGREGATE_BODY)
              PsiElement(DLanguageTokenType.{)('{')
              DLanguageDeclDefsImpl(DECL_DEFS)
                DLanguageDeclDefImpl(DECL_DEF)
                  DLanguageAttributeSpecifierImpl(ATTRIBUTE_SPECIFIER)
                    DLanguageAttributeImpl(ATTRIBUTE)
                      PsiElement(DLanguageTokenType.static)('static')
                    DLanguageDeclarationBlockImpl(DECLARATION_BLOCK)
                      DLanguageDeclDefImpl(DECL_DEF)
                        CONSTRUCTOR
                          PsiElement(DLanguageTokenType.this)('this')
                          DLanguageParametersImpl(PARAMETERS)
                            PsiElement(DLanguageTokenType.()('(')
                            PsiElement(DLanguageTokenType.))(')')
                          DLanguageFunctionBodyImpl(FUNCTION_BODY)
                            DLanguageBlockStatementImpl(BLOCK_STATEMENT)
                              PsiElement(DLanguageTokenType.{)('{')
                              PsiElement(DLanguageTokenType.})('}')
                PsiComment(DLanguageTokenType.LINE_COMMENT)('// a static constructor')
                DLanguageDeclDefImpl(DECL_DEF)
                  DLanguageAttributeSpecifierImpl(ATTRIBUTE_SPECIFIER)
                    DLanguageAttributeImpl(ATTRIBUTE)
                      PsiElement(DLanguageTokenType.static)('static')
                    DLanguageDeclarationBlockImpl(DECLARATION_BLOCK)
                      DLanguageDeclDefImpl(DECL_DEF)
                        DLanguageAttributeSpecifierImpl(ATTRIBUTE_SPECIFIER)
                          DLanguageAttributeImpl(ATTRIBUTE)
                            DLanguageProtectionAttributeImpl(PROTECTION_ATTRIBUTE)
                              PsiElement(DLanguageTokenType.private)('private')
                          DLanguageDeclarationBlockImpl(DECLARATION_BLOCK)
                            DLanguageDeclDefImpl(DECL_DEF)
                              CONSTRUCTOR
                                PsiElement(DLanguageTokenType.this)('this')
                                DLanguageParametersImpl(PARAMETERS)
                                  PsiElement(DLanguageTokenType.()('(')
                                  PsiElement(DLanguageTokenType.))(')')
                                DLanguageFunctionBodyImpl(FUNCTION_BODY)
                                  DLanguageBlockStatementImpl(BLOCK_STATEMENT)
                                    PsiElement(DLanguageTokenType.{)('{')
                                    PsiElement(DLanguageTokenType.})('}')
                PsiComment(DLanguageTokenType.LINE_COMMENT)('// not a static constructor')
                DLanguageDeclDefImpl(DECL_DEF)
                  DLanguageAttributeSpecifierImpl(ATTRIBUTE_SPECIFIER)
                    DLanguageAttributeImpl(ATTRIBUTE)
                      PsiElement(DLanguageTokenType.static)('static')
                    DLanguageDeclarationBlockImpl(DECLARATION_BLOCK)
                      PsiElement(DLanguageTokenType.{)('{')
                      DLanguageDeclDefsImpl(DECL_DEFS)
                        DLanguageDeclDefImpl(DECL_DEF)
                          CONSTRUCTOR
                            PsiElement(DLanguageTokenType.this)('this')
                            DLanguageParametersImpl(PARAMETERS)
                              PsiElement(DLanguageTokenType.()('(')
                              PsiElement(DLanguageTokenType.))(')')
                            DLanguageFunctionBodyImpl(FUNCTION_BODY)
                              DLanguageBlockStatementImpl(BLOCK_STATEMENT)
                                PsiElement(DLanguageTokenType.{)('{')
                                PsiElement(DLanguageTokenType.})('}')
                      PsiComment(DLanguageTokenType.LINE_COMMENT)('// not a static constructor')
                      PsiElement(DLanguageTokenType.})('}')
                DLanguageDeclDefImpl(DECL_DEF)
                  DLanguageAttributeSpecifierImpl(ATTRIBUTE_SPECIFIER)
                    DLanguageAttributeImpl(ATTRIBUTE)
                      PsiElement(DLanguageTokenType.static)('static')
                    PsiElement(DLanguageTokenType.:)(':')
                DLanguageDeclDefImpl(DECL_DEF)
                  CONSTRUCTOR
                    PsiElement(DLanguageTokenType.this)('this')
                    DLanguageParametersImpl(PARAMETERS)
                      PsiElement(DLanguageTokenType.()('(')
                      PsiElement(DLanguageTokenType.))(')')
                    DLanguageFunctionBodyImpl(FUNCTION_BODY)
                      DLanguageBlockStatementImpl(BLOCK_STATEMENT)
                        PsiElement(DLanguageTokenType.{)('{')
                        PsiElement(DLanguageTokenType.})('}')
              PsiComment(DLanguageTokenType.LINE_COMMENT)('// not a static constructor')
              PsiElement(DLanguageTokenType.})('}')