D Language File
  DLangDeclDefsImpl(DECL_DEFS)
    DLangDeclDefImpl(DECL_DEF)
      DLangAttributeSpecifierImpl(ATTRIBUTE_SPECIFIER)
        DLangAttributeImpl(ATTRIBUTE)
          PsiElement(DLangTokenType.scope)('scope')
        DLangDeclarationBlockImpl(DECLARATION_BLOCK)
          DLangDeclDefImpl(DECL_DEF)
            DLangDeclarationImpl(DECLARATION)
              DLangAggregateDeclarationImpl(AGGREGATE_DECLARATION)
                CLASS_DECLARATION
                  PsiElement(DLangTokenType.class)('class')
                  IDENTIFIER
                    PsiElement(DLangTokenType.ID)('Foo')
                  DLangAggregateBodyImpl(AGGREGATE_BODY)
                    PsiElement(DLangTokenType.{)('{')
                    PsiElement(DLangTokenType.})('}')
    DLangDeclDefImpl(DECL_DEF)
      DLangDeclarationImpl(DECLARATION)
        FUNC_DECLARATION
          DLangBasicTypeImpl(BASIC_TYPE)
            DLangBasicTypeXImpl(BASIC_TYPE_X)
              PsiElement(DLangTokenType.void)('void')
          IDENTIFIER
            PsiElement(DLangTokenType.ID)('func')
          DLangFuncDeclaratorSuffixImpl(FUNC_DECLARATOR_SUFFIX)
            DLangParametersImpl(PARAMETERS)
              PsiElement(DLangTokenType.()('(')
              PsiElement(DLangTokenType.))(')')
          DLangFunctionBodyImpl(FUNCTION_BODY)
            DLangBlockStatementImpl(BLOCK_STATEMENT)
              PsiElement(DLangTokenType.{)('{')
              DLangStatementListImpl(STATEMENT_LIST)
                DLangStatementImpl(STATEMENT)
                  DLangNonEmptyStatementImpl(NON_EMPTY_STATEMENT)
                    DLangNonEmptyStatementNoCaseNoDefaultImpl(NON_EMPTY_STATEMENT_NO_CASE_NO_DEFAULT)
                      DLangDeclarationStatementImpl(DECLARATION_STATEMENT)
                        DLangDeclarationImpl(DECLARATION)
                          DLangVarDeclarationsImpl(VAR_DECLARATIONS)
                            DLangBasicTypeImpl(BASIC_TYPE)
                              DLangIdentifierListImpl(IDENTIFIER_LIST)
                                IDENTIFIER
                                  PsiElement(DLangTokenType.ID)('Foo')
                            DLangDeclaratorsImpl(DECLARATORS)
                              DECLARATOR_INITIALIZER
                                DLangVarDeclaratorImpl(VAR_DECLARATOR)
                                  IDENTIFIER
                                    PsiElement(DLangTokenType.ID)('f')
                            PsiElement(DLangTokenType.;)(';')
                PsiComment(DLangTokenType.LINE_COMMENT)('// error, reference to scope class must be scope')
                DLangStatementImpl(STATEMENT)
                  DLangNonEmptyStatementImpl(NON_EMPTY_STATEMENT)
                    DLangNonEmptyStatementNoCaseNoDefaultImpl(NON_EMPTY_STATEMENT_NO_CASE_NO_DEFAULT)
                      DLangDeclarationStatementImpl(DECLARATION_STATEMENT)
                        DLangStorageClassesImpl(STORAGE_CLASSES)
                          DLangStorageClassImpl(STORAGE_CLASS)
                            PsiElement(DLangTokenType.scope)('scope')
                        DLangDeclarationImpl(DECLARATION)
                          DLangVarDeclarationsImpl(VAR_DECLARATIONS)
                            DLangBasicTypeImpl(BASIC_TYPE)
                              DLangIdentifierListImpl(IDENTIFIER_LIST)
                                IDENTIFIER
                                  PsiElement(DLangTokenType.ID)('Foo')
                            DLangDeclaratorsImpl(DECLARATORS)
                              DECLARATOR_INITIALIZER
                                DLangVarDeclaratorImpl(VAR_DECLARATOR)
                                  IDENTIFIER
                                    PsiElement(DLangTokenType.ID)('g')
                                PsiElement(DLangTokenType.=)('=')
                                DLangInitializerImpl(INITIALIZER)
                                  DLangNonVoidInitializerImpl(NON_VOID_INITIALIZER)
                                    DLangAssignExpressionImpl(ASSIGN_EXPRESSION)
                                      DLangPostfixExpressionImpl(POSTFIX_EXPRESSION)
                                        DLangPrimaryExpressionImpl(PRIMARY_EXPRESSION)
                                          DLangNewExpressionWithArgsImpl(NEW_EXPRESSION_WITH_ARGS)
                                            PsiElement(DLangTokenType.new)('new')
                                            DLangTypeImpl(TYPE)
                                              DLangBasicTypeImpl(BASIC_TYPE)
                                                DLangIdentifierListImpl(IDENTIFIER_LIST)
                                                  IDENTIFIER
                                                    PsiElement(DLangTokenType.ID)('Foo')
                                            PsiElement(DLangTokenType.()('(')
                                            PsiElement(DLangTokenType.))(')')
                            PsiElement(DLangTokenType.;)(';')
              PsiComment(DLangTokenType.LINE_COMMENT)('// correct')
              PsiElement(DLangTokenType.})('}')