D Language File
  DLanguageDeclDefsImpl(DECL_DEFS)
    DLanguageDeclDefImpl(DECL_DEF)
      DLanguageAttributeSpecifierImpl(ATTRIBUTE_SPECIFIER)
        DLanguageAttributeImpl(ATTRIBUTE)
          PsiElement(DLanguageTokenType.shared)('shared')
        DLanguageDeclarationBlockImpl(DECLARATION_BLOCK)
          DLanguageDeclDefImpl(DECL_DEF)
            DLanguageDeclarationImpl(DECLARATION)
              DLanguageVarDeclarationsImpl(VAR_DECLARATIONS)
                DLanguageBasicTypeImpl(BASIC_TYPE)
                  DLanguageBasicTypeXImpl(BASIC_TYPE_X)
                    PsiElement(DLanguageTokenType.int)('int')
                DLanguageDeclaratorsImpl(DECLARATORS)
                  DLanguageDeclaratorInitializerImpl(DECLARATOR_INITIALIZER)
                    DECLARATOR
                      DLanguageVarDeclaratorImpl(VAR_DECLARATOR)
                        IDENTIFIER
                          PsiElement(DLanguageTokenType.ID)('x')
                PsiElement(DLanguageTokenType.;)(';')
  DLanguageStatementImpl(STATEMENT)
    DLanguageNonEmptyStatementImpl(NON_EMPTY_STATEMENT)
      DLanguageNonEmptyStatementNoCaseNoDefaultImpl(NON_EMPTY_STATEMENT_NO_CASE_NO_DEFAULT)
        DLanguageExpressionStatementImpl(EXPRESSION_STATEMENT)
          DLanguageCommaExpressionImpl(COMMA_EXPRESSION)
            DLanguageAssignExpressionImpl(ASSIGN_EXPRESSION)
              DLanguagePostfixExpressionImpl(POSTFIX_EXPRESSION)
                DLanguagePrimaryExpressionImpl(PRIMARY_EXPRESSION)
                  DLanguageAssertExpressionImpl(ASSERT_EXPRESSION)
                    PsiElement(DLanguageTokenType.assert)('assert')
                    PsiElement(DLanguageTokenType.()('(')
                    DLanguageAssignExpressionImpl(ASSIGN_EXPRESSION)
                      DLanguagePostfixExpressionImpl(POSTFIX_EXPRESSION)
                        DLanguagePrimaryExpressionImpl(PRIMARY_EXPRESSION)
                          DLanguageIsExpressionImpl(IS_EXPRESSION)
                            PsiElement(DLanguageTokenType.is)('is')
                            PsiElement(DLanguageTokenType.()('(')
                            DLanguageTypeImpl(TYPE)
                              DLanguageBasicTypeImpl(BASIC_TYPE)
                                DLanguageTypeofImpl(TYPEOF)
                                  PsiElement(DLanguageTokenType.typeof)('typeof')
                                  PsiElement(DLanguageTokenType.()('(')
                                  DLanguageCommaExpressionImpl(COMMA_EXPRESSION)
                                    DLanguageAssignExpressionImpl(ASSIGN_EXPRESSION)
                                      DLanguageCastExpressionImpl(CAST_EXPRESSION)
                                        PsiElement(DLanguageTokenType.cast)('cast')
                                        PsiElement(DLanguageTokenType.()('(')
                                        DLanguageTypeCtorsImpl(TYPE_CTORS)
                                          DLanguageTypeCtorImpl(TYPE_CTOR)
                                            PsiElement(DLanguageTokenType.const)('const')
                                        PsiElement(DLanguageTokenType.))(')')
                                        DLanguagePostfixExpressionImpl(POSTFIX_EXPRESSION)
                                          DLanguagePrimaryExpressionImpl(PRIMARY_EXPRESSION)
                                            IDENTIFIER
                                              PsiElement(DLanguageTokenType.ID)('x')
                                  PsiElement(DLanguageTokenType.))(')')
                            PsiElement(DLanguageTokenType.==)('==')
                            DLanguageTypeSpecializationImpl(TYPE_SPECIALIZATION)
                              DLanguageTypeImpl(TYPE)
                                DLanguageTypeCtorsImpl(TYPE_CTORS)
                                  DLanguageTypeCtorImpl(TYPE_CTOR)
                                    PsiElement(DLanguageTokenType.const)('const')
                                DLanguageBasicTypeImpl(BASIC_TYPE)
                                  DLanguageBasicTypeXImpl(BASIC_TYPE_X)
                                    PsiElement(DLanguageTokenType.int)('int')
                            PsiElement(DLanguageTokenType.))(')')
                    PsiElement(DLanguageTokenType.))(')')
          PsiElement(DLanguageTokenType.;)(';')
  DLanguageDeclDefsImpl(DECL_DEFS)
    DLanguageDeclDefImpl(DECL_DEF)
      DLanguageAttributeSpecifierImpl(ATTRIBUTE_SPECIFIER)
        DLanguageAttributeImpl(ATTRIBUTE)
          PsiElement(DLanguageTokenType.shared)('shared')
        DLanguageDeclarationBlockImpl(DECLARATION_BLOCK)
          DLanguageDeclDefImpl(DECL_DEF)
            DLanguageDeclarationImpl(DECLARATION)
              DLanguageVarDeclarationsImpl(VAR_DECLARATIONS)
                DLanguageBasicTypeImpl(BASIC_TYPE)
                  DLanguageBasicTypeXImpl(BASIC_TYPE_X)
                    PsiElement(DLanguageTokenType.int)('int')
                DLanguageDeclaratorsImpl(DECLARATORS)
                  DLanguageDeclaratorInitializerImpl(DECLARATOR_INITIALIZER)
                    DECLARATOR
                      DLanguageVarDeclaratorImpl(VAR_DECLARATOR)
                        IDENTIFIER
                          PsiElement(DLanguageTokenType.ID)('x')
                PsiElement(DLanguageTokenType.;)(';')
  DLanguageStatementImpl(STATEMENT)
    DLanguageNonEmptyStatementImpl(NON_EMPTY_STATEMENT)
      DLanguageNonEmptyStatementNoCaseNoDefaultImpl(NON_EMPTY_STATEMENT_NO_CASE_NO_DEFAULT)
        DLanguageExpressionStatementImpl(EXPRESSION_STATEMENT)
          DLanguageCommaExpressionImpl(COMMA_EXPRESSION)
            DLanguageAssignExpressionImpl(ASSIGN_EXPRESSION)
              DLanguagePostfixExpressionImpl(POSTFIX_EXPRESSION)
                DLanguagePrimaryExpressionImpl(PRIMARY_EXPRESSION)
                  DLanguageAssertExpressionImpl(ASSERT_EXPRESSION)
                    PsiElement(DLanguageTokenType.assert)('assert')
                    PsiElement(DLanguageTokenType.()('(')
                    DLanguageAssignExpressionImpl(ASSIGN_EXPRESSION)
                      DLanguagePostfixExpressionImpl(POSTFIX_EXPRESSION)
                        DLanguagePrimaryExpressionImpl(PRIMARY_EXPRESSION)
                          DLanguageIsExpressionImpl(IS_EXPRESSION)
                            PsiElement(DLanguageTokenType.is)('is')
                            PsiElement(DLanguageTokenType.()('(')
                            DLanguageTypeImpl(TYPE)
                              DLanguageBasicTypeImpl(BASIC_TYPE)
                                DLanguageTypeofImpl(TYPEOF)
                                  PsiElement(DLanguageTokenType.typeof)('typeof')
                                  PsiElement(DLanguageTokenType.()('(')
                                  DLanguageCommaExpressionImpl(COMMA_EXPRESSION)
                                    DLanguageAssignExpressionImpl(ASSIGN_EXPRESSION)
                                      DLanguageCastExpressionImpl(CAST_EXPRESSION)
                                        PsiElement(DLanguageTokenType.cast)('cast')
                                        PsiElement(DLanguageTokenType.()('(')
                                        PsiElement(DLanguageTokenType.))(')')
                                        DLanguagePostfixExpressionImpl(POSTFIX_EXPRESSION)
                                          DLanguagePrimaryExpressionImpl(PRIMARY_EXPRESSION)
                                            IDENTIFIER
                                              PsiElement(DLanguageTokenType.ID)('x')
                                  PsiElement(DLanguageTokenType.))(')')
                            PsiElement(DLanguageTokenType.==)('==')
                            DLanguageTypeSpecializationImpl(TYPE_SPECIALIZATION)
                              DLanguageTypeImpl(TYPE)
                                DLanguageBasicTypeImpl(BASIC_TYPE)
                                  DLanguageBasicTypeXImpl(BASIC_TYPE_X)
                                    PsiElement(DLanguageTokenType.int)('int')
                            PsiElement(DLanguageTokenType.))(')')
                    PsiElement(DLanguageTokenType.))(')')
          PsiElement(DLanguageTokenType.;)(';')
  DLanguageDeclDefsImpl(DECL_DEFS)
    DLanguageDeclDefImpl(DECL_DEF)
      DLanguageDeclarationImpl(DECLARATION)
        FUNC_DECLARATION
          DLanguageBasicTypeImpl(BASIC_TYPE)
            DLanguageBasicTypeXImpl(BASIC_TYPE_X)
              PsiElement(DLanguageTokenType.void)('void')
          IDENTIFIER
            PsiElement(DLanguageTokenType.ID)('foo')
          DLanguageFuncDeclaratorSuffixImpl(FUNC_DECLARATOR_SUFFIX)
            DLanguageParametersImpl(PARAMETERS)
              PsiElement(DLanguageTokenType.()('(')
              DLanguageParameterListImpl(PARAMETER_LIST)
                DLanguageParameterImpl(PARAMETER)
                  DLanguageInOutImpl(IN_OUT)
                    DLanguageInOutXImpl(IN_OUT_X)
                      PsiElement(DLanguageTokenType.lazy)('lazy')
                  DLanguageBasicTypeImpl(BASIC_TYPE)
                    DLanguageBasicTypeXImpl(BASIC_TYPE_X)
                      PsiElement(DLanguageTokenType.void)('void')
                  DECLARATOR
                    DLanguageVarDeclaratorImpl(VAR_DECLARATOR)
                      IDENTIFIER
                        PsiElement(DLanguageTokenType.ID)('exp')
              PsiElement(DLanguageTokenType.))(')')
          DLanguageFunctionBodyImpl(FUNCTION_BODY)
            DLanguageBlockStatementImpl(BLOCK_STATEMENT)
              PsiElement(DLanguageTokenType.{)('{')
              PsiElement(DLanguageTokenType.})('}')
    DLanguageDeclDefImpl(DECL_DEF)
      DLanguageDeclarationImpl(DECLARATION)
        FUNC_DECLARATION
          DLanguageBasicTypeImpl(BASIC_TYPE)
            DLanguageBasicTypeXImpl(BASIC_TYPE_X)
              PsiElement(DLanguageTokenType.void)('void')
          IDENTIFIER
            PsiElement(DLanguageTokenType.ID)('main')
          DLanguageFuncDeclaratorSuffixImpl(FUNC_DECLARATOR_SUFFIX)
            DLanguageParametersImpl(PARAMETERS)
              PsiElement(DLanguageTokenType.()('(')
              PsiElement(DLanguageTokenType.))(')')
          DLanguageFunctionBodyImpl(FUNCTION_BODY)
            DLanguageBlockStatementImpl(BLOCK_STATEMENT)
              PsiElement(DLanguageTokenType.{)('{')
              DLanguageStatementListImpl(STATEMENT_LIST)
                DLanguageStatementImpl(STATEMENT)
                  DLanguageNonEmptyStatementImpl(NON_EMPTY_STATEMENT)
                    DLanguageNonEmptyStatementNoCaseNoDefaultImpl(NON_EMPTY_STATEMENT_NO_CASE_NO_DEFAULT)
                      DLanguageExpressionStatementImpl(EXPRESSION_STATEMENT)
                        DLanguageCommaExpressionImpl(COMMA_EXPRESSION)
                          DLanguageAssignExpressionImpl(ASSIGN_EXPRESSION)
                            DLanguagePostfixExpressionImpl(POSTFIX_EXPRESSION)
                              DLanguagePrimaryExpressionImpl(PRIMARY_EXPRESSION)
                                IDENTIFIER
                                  PsiElement(DLanguageTokenType.ID)('foo')
                            DLanguagePostfixExpressionImpl(POSTFIX_EXPRESSION)
                              DLanguagePrimaryExpressionImpl(PRIMARY_EXPRESSION)
                                PsiElement(DLanguageTokenType.()('(')
                                DLanguageCommaExpressionImpl(COMMA_EXPRESSION)
                                  DLanguageAssignExpressionImpl(ASSIGN_EXPRESSION)
                                    DLanguagePostfixExpressionImpl(POSTFIX_EXPRESSION)
                                      DLanguagePrimaryExpressionImpl(PRIMARY_EXPRESSION)
                                        PsiElement(DLanguageTokenType.INTEGER_LITERAL)('10')
                                PsiElement(DLanguageTokenType.))(')')
                        PsiElement(DLanguageTokenType.;)(';')
                PsiComment(DLanguageTokenType.LINE_COMMENT)('// NG - has no effect in expression '10'')
                DLanguageStatementImpl(STATEMENT)
                  DLanguageNonEmptyStatementImpl(NON_EMPTY_STATEMENT)
                    DLanguageNonEmptyStatementNoCaseNoDefaultImpl(NON_EMPTY_STATEMENT_NO_CASE_NO_DEFAULT)
                      DLanguageExpressionStatementImpl(EXPRESSION_STATEMENT)
                        DLanguageCommaExpressionImpl(COMMA_EXPRESSION)
                          DLanguageAssignExpressionImpl(ASSIGN_EXPRESSION)
                            DLanguagePostfixExpressionImpl(POSTFIX_EXPRESSION)
                              DLanguagePrimaryExpressionImpl(PRIMARY_EXPRESSION)
                                IDENTIFIER
                                  PsiElement(DLanguageTokenType.ID)('foo')
                            DLanguagePostfixExpressionImpl(POSTFIX_EXPRESSION)
                              DLanguagePrimaryExpressionImpl(PRIMARY_EXPRESSION)
                                PsiElement(DLanguageTokenType.()('(')
                                DLanguageCommaExpressionImpl(COMMA_EXPRESSION)
                                  DLanguageAssignExpressionImpl(ASSIGN_EXPRESSION)
                                    DLanguageCastExpressionImpl(CAST_EXPRESSION)
                                      PsiElement(DLanguageTokenType.cast)('cast')
                                      PsiElement(DLanguageTokenType.()('(')
                                      DLanguageTypeImpl(TYPE)
                                        DLanguageBasicTypeImpl(BASIC_TYPE)
                                          DLanguageBasicTypeXImpl(BASIC_TYPE_X)
                                            PsiElement(DLanguageTokenType.void)('void')
                                      PsiElement(DLanguageTokenType.))(')')
                                      DLanguagePostfixExpressionImpl(POSTFIX_EXPRESSION)
                                        DLanguagePrimaryExpressionImpl(PRIMARY_EXPRESSION)
                                          PsiElement(DLanguageTokenType.INTEGER_LITERAL)('10')
                                PsiElement(DLanguageTokenType.))(')')
                        PsiElement(DLanguageTokenType.;)(';')
              PsiComment(DLanguageTokenType.LINE_COMMENT)('// OK')
              PsiElement(DLanguageTokenType.})('}')