D Language File
  DLangDeclDefsImpl(DECL_DEFS)
    DLangDeclDefImpl(DECL_DEF)
      DLangDeclarationImpl(DECLARATION)
        DLangImportDeclarationImpl(IMPORT_DECLARATION)
          PsiElement(DLangTokenType.import)('import')
          DLangImportListImpl(IMPORT_LIST)
            IMPORT
              DLangModuleFullyQualifiedNameImpl(MODULE_FULLY_QUALIFIED_NAME)
                IDENTIFIER
                  PsiElement(DLangTokenType.ID)('std')
                PsiElement(DLangTokenType..)('.')
                DLangModuleFullyQualifiedNameImpl(MODULE_FULLY_QUALIFIED_NAME)
                  IDENTIFIER
                    PsiElement(DLangTokenType.ID)('stdio')
          PsiElement(DLangTokenType.;)(';')
    DLangDeclDefImpl(DECL_DEF)
      DLangDeclarationImpl(DECLARATION)
        FUNC_DECLARATION
          DLangBasicTypeImpl(BASIC_TYPE)
            DLangBasicTypeXImpl(BASIC_TYPE_X)
              PsiElement(DLangTokenType.void)('void')
          IDENTIFIER
            PsiElement(DLangTokenType.ID)('main')
          DLangFuncDeclaratorSuffixImpl(FUNC_DECLARATOR_SUFFIX)
            DLangParametersImpl(PARAMETERS)
              PsiElement(DLangTokenType.()('(')
              PsiElement(DLangTokenType.))(')')
          DLangFunctionBodyImpl(FUNCTION_BODY)
            DLangBlockStatementImpl(BLOCK_STATEMENT)
              PsiElement(DLangTokenType.{)('{')
              DLangStatementListImpl(STATEMENT_LIST)
                DLangStatementImpl(STATEMENT)
                  DLangNonEmptyStatementImpl(NON_EMPTY_STATEMENT)
                    DLangNonEmptyStatementNoCaseNoDefaultImpl(NON_EMPTY_STATEMENT_NO_CASE_NO_DEFAULT)
                      DLangDeclarationStatementImpl(DECLARATION_STATEMENT)
                        DLangStorageClassesImpl(STORAGE_CLASSES)
                          DLangStorageClassImpl(STORAGE_CLASS)
                            PsiElement(DLangTokenType.auto)('auto')
                        DLangDeclarationImpl(DECLARATION)
                          DLangVarDeclarationsImpl(VAR_DECLARATIONS)
                            DLangAutoDeclarationImpl(AUTO_DECLARATION)
                              DLangAutoDeclarationXImpl(AUTO_DECLARATION_X)
                                AUTO_DECLARATION_Y
                                  IDENTIFIER
                                    PsiElement(DLangTokenType.ID)('i')
                                  PsiElement(DLangTokenType.=)('=')
                                  DLangInitializerImpl(INITIALIZER)
                                    DLangNonVoidInitializerImpl(NON_VOID_INITIALIZER)
                                      DLangAssignExpressionImpl(ASSIGN_EXPRESSION)
                                        DLangPostfixExpressionImpl(POSTFIX_EXPRESSION)
                                          DLangPrimaryExpressionImpl(PRIMARY_EXPRESSION)
                                            PsiElement(DLangTokenType.INTEGER_LITERAL)('3')
                              PsiElement(DLangTokenType.;)(';')
                DLangStatementImpl(STATEMENT)
                  DLangNonEmptyStatementImpl(NON_EMPTY_STATEMENT)
                    DLangNonEmptyStatementNoCaseNoDefaultImpl(NON_EMPTY_STATEMENT_NO_CASE_NO_DEFAULT)
                      DLangDeclarationStatementImpl(DECLARATION_STATEMENT)
                        DLangStorageClassesImpl(STORAGE_CLASSES)
                          DLangStorageClassImpl(STORAGE_CLASS)
                            PsiElement(DLangTokenType.auto)('auto')
                        DLangDeclarationImpl(DECLARATION)
                          DLangVarDeclarationsImpl(VAR_DECLARATIONS)
                            DLangAutoDeclarationImpl(AUTO_DECLARATION)
                              DLangAutoDeclarationXImpl(AUTO_DECLARATION_X)
                                AUTO_DECLARATION_Y
                                  IDENTIFIER
                                    PsiElement(DLangTokenType.ID)('twice')
                                  PsiElement(DLangTokenType.=)('=')
                                  DLangInitializerImpl(INITIALIZER)
                                    DLangNonVoidInitializerImpl(NON_VOID_INITIALIZER)
                                      DLangAssignExpressionImpl(ASSIGN_EXPRESSION)
                                        DLangPostfixExpressionImpl(POSTFIX_EXPRESSION)
                                          DLangPrimaryExpressionImpl(PRIMARY_EXPRESSION)
                                            DLangFunctionLiteralImpl(FUNCTION_LITERAL)
                                              PsiElement(DLangTokenType.function)('function')
                                              DLangParameterAttributesImpl(PARAMETER_ATTRIBUTES)
                                                DLangParametersImpl(PARAMETERS)
                                                  PsiElement(DLangTokenType.()('(')
                                                  DLangParameterListImpl(PARAMETER_LIST)
                                                    PARAMETER
                                                      DLangBasicTypeImpl(BASIC_TYPE)
                                                        DLangBasicTypeXImpl(BASIC_TYPE_X)
                                                          PsiElement(DLangTokenType.int)('int')
                                                      DLangDeclaratorImpl(DECLARATOR)
                                                        DLangVarDeclaratorImpl(VAR_DECLARATOR)
                                                          IDENTIFIER
                                                            PsiElement(DLangTokenType.ID)('x')
                                                  PsiElement(DLangTokenType.))(')')
                                        DLangPostfixExpressionImpl(POSTFIX_EXPRESSION)
                                          DLangPrimaryExpressionImpl(PRIMARY_EXPRESSION)
                                            DLangFunctionLiteralImpl(FUNCTION_LITERAL)
                                              DLangLambdaImpl(LAMBDA)
                                                PsiElement(DLangTokenType.=>)('=>')
                                                DLangAssignExpressionImpl(ASSIGN_EXPRESSION)
                                                  DLangPostfixExpressionImpl(POSTFIX_EXPRESSION)
                                                    DLangPrimaryExpressionImpl(PRIMARY_EXPRESSION)
                                                      IDENTIFIER
                                                        PsiElement(DLangTokenType.ID)('x')
                                                  DLangMulExpression_Impl(MUL_EXPRESSION_)
                                                    PsiElement(DLangTokenType.*)('*')
                                                    DLangPostfixExpressionImpl(POSTFIX_EXPRESSION)
                                                      DLangPrimaryExpressionImpl(PRIMARY_EXPRESSION)
                                                        PsiElement(DLangTokenType.INTEGER_LITERAL)('2')
                              PsiElement(DLangTokenType.;)(';')
                DLangStatementImpl(STATEMENT)
                  DLangNonEmptyStatementImpl(NON_EMPTY_STATEMENT)
                    DLangNonEmptyStatementNoCaseNoDefaultImpl(NON_EMPTY_STATEMENT_NO_CASE_NO_DEFAULT)
                      DLangDeclarationStatementImpl(DECLARATION_STATEMENT)
                        DLangStorageClassesImpl(STORAGE_CLASSES)
                          DLangStorageClassImpl(STORAGE_CLASS)
                            PsiElement(DLangTokenType.auto)('auto')
                        DLangDeclarationImpl(DECLARATION)
                          DLangVarDeclarationsImpl(VAR_DECLARATIONS)
                            DLangAutoDeclarationImpl(AUTO_DECLARATION)
                              DLangAutoDeclarationXImpl(AUTO_DECLARATION_X)
                                AUTO_DECLARATION_Y
                                  IDENTIFIER
                                    PsiElement(DLangTokenType.ID)('square')
                                  PsiElement(DLangTokenType.=)('=')
                                  DLangInitializerImpl(INITIALIZER)
                                    DLangNonVoidInitializerImpl(NON_VOID_INITIALIZER)
                                      DLangAssignExpressionImpl(ASSIGN_EXPRESSION)
                                        DLangPostfixExpressionImpl(POSTFIX_EXPRESSION)
                                          DLangPrimaryExpressionImpl(PRIMARY_EXPRESSION)
                                            DLangFunctionLiteralImpl(FUNCTION_LITERAL)
                                              PsiElement(DLangTokenType.delegate)('delegate')
                                              DLangParameterMemberAttributesImpl(PARAMETER_MEMBER_ATTRIBUTES)
                                                DLangParametersImpl(PARAMETERS)
                                                  PsiElement(DLangTokenType.()('(')
                                                  DLangParameterListImpl(PARAMETER_LIST)
                                                    PARAMETER
                                                      DLangBasicTypeImpl(BASIC_TYPE)
                                                        DLangBasicTypeXImpl(BASIC_TYPE_X)
                                                          PsiElement(DLangTokenType.int)('int')
                                                      DLangDeclaratorImpl(DECLARATOR)
                                                        DLangVarDeclaratorImpl(VAR_DECLARATOR)
                                                          IDENTIFIER
                                                            PsiElement(DLangTokenType.ID)('x')
                                                  PsiElement(DLangTokenType.))(')')
                                        DLangPostfixExpressionImpl(POSTFIX_EXPRESSION)
                                          DLangPrimaryExpressionImpl(PRIMARY_EXPRESSION)
                                            DLangFunctionLiteralImpl(FUNCTION_LITERAL)
                                              DLangLambdaImpl(LAMBDA)
                                                PsiElement(DLangTokenType.=>)('=>')
                                                DLangAssignExpressionImpl(ASSIGN_EXPRESSION)
                                                  DLangPostfixExpressionImpl(POSTFIX_EXPRESSION)
                                                    DLangPrimaryExpressionImpl(PRIMARY_EXPRESSION)
                                                      IDENTIFIER
                                                        PsiElement(DLangTokenType.ID)('x')
                                                  DLangMulExpression_Impl(MUL_EXPRESSION_)
                                                    PsiElement(DLangTokenType.*)('*')
                                                    DLangPostfixExpressionImpl(POSTFIX_EXPRESSION)
                                                      DLangPrimaryExpressionImpl(PRIMARY_EXPRESSION)
                                                        IDENTIFIER
                                                          PsiElement(DLangTokenType.ID)('x')
                              PsiElement(DLangTokenType.;)(';')
                DLangStatementImpl(STATEMENT)
                  DLangNonEmptyStatementImpl(NON_EMPTY_STATEMENT)
                    DLangNonEmptyStatementNoCaseNoDefaultImpl(NON_EMPTY_STATEMENT_NO_CASE_NO_DEFAULT)
                      DLangDeclarationStatementImpl(DECLARATION_STATEMENT)
                        DLangStorageClassesImpl(STORAGE_CLASSES)
                          DLangStorageClassImpl(STORAGE_CLASS)
                            PsiElement(DLangTokenType.auto)('auto')
                        DLangDeclarationImpl(DECLARATION)
                          DLangVarDeclarationsImpl(VAR_DECLARATIONS)
                            DLangAutoDeclarationImpl(AUTO_DECLARATION)
                              DLangAutoDeclarationXImpl(AUTO_DECLARATION_X)
                                AUTO_DECLARATION_Y
                                  IDENTIFIER
                                    PsiElement(DLangTokenType.ID)('n')
                                  PsiElement(DLangTokenType.=)('=')
                                  DLangInitializerImpl(INITIALIZER)
                                    DLangNonVoidInitializerImpl(NON_VOID_INITIALIZER)
                                      DLangAssignExpressionImpl(ASSIGN_EXPRESSION)
                                        DLangPostfixExpressionImpl(POSTFIX_EXPRESSION)
                                          DLangPrimaryExpressionImpl(PRIMARY_EXPRESSION)
                                            PsiElement(DLangTokenType.INTEGER_LITERAL)('5')
                              PsiElement(DLangTokenType.;)(';')
                DLangStatementImpl(STATEMENT)
                  DLangNonEmptyStatementImpl(NON_EMPTY_STATEMENT)
                    DLangNonEmptyStatementNoCaseNoDefaultImpl(NON_EMPTY_STATEMENT_NO_CASE_NO_DEFAULT)
                      DLangDeclarationStatementImpl(DECLARATION_STATEMENT)
                        DLangStorageClassesImpl(STORAGE_CLASSES)
                          DLangStorageClassImpl(STORAGE_CLASS)
                            PsiElement(DLangTokenType.auto)('auto')
                        DLangDeclarationImpl(DECLARATION)
                          DLangVarDeclarationsImpl(VAR_DECLARATIONS)
                            DLangAutoDeclarationImpl(AUTO_DECLARATION)
                              DLangAutoDeclarationXImpl(AUTO_DECLARATION_X)
                                AUTO_DECLARATION_Y
                                  IDENTIFIER
                                    PsiElement(DLangTokenType.ID)('mul_n')
                                  PsiElement(DLangTokenType.=)('=')
                                  DLangInitializerImpl(INITIALIZER)
                                    DLangNonVoidInitializerImpl(NON_VOID_INITIALIZER)
                                      DLangAssignExpressionImpl(ASSIGN_EXPRESSION)
                                        DLangPostfixExpressionImpl(POSTFIX_EXPRESSION)
                                          DLangPrimaryExpressionImpl(PRIMARY_EXPRESSION)
                                            DLangFunctionLiteralImpl(FUNCTION_LITERAL)
                                              DLangParameterMemberAttributesImpl(PARAMETER_MEMBER_ATTRIBUTES)
                                                DLangParametersImpl(PARAMETERS)
                                                  PsiElement(DLangTokenType.()('(')
                                                  DLangParameterListImpl(PARAMETER_LIST)
                                                    PARAMETER
                                                      DLangBasicTypeImpl(BASIC_TYPE)
                                                        DLangBasicTypeXImpl(BASIC_TYPE_X)
                                                          PsiElement(DLangTokenType.int)('int')
                                                      DLangDeclaratorImpl(DECLARATOR)
                                                        DLangVarDeclaratorImpl(VAR_DECLARATOR)
                                                          IDENTIFIER
                                                            PsiElement(DLangTokenType.ID)('x')
                                                  PsiElement(DLangTokenType.))(')')
                                        DLangPostfixExpressionImpl(POSTFIX_EXPRESSION)
                                          DLangPrimaryExpressionImpl(PRIMARY_EXPRESSION)
                                            DLangFunctionLiteralImpl(FUNCTION_LITERAL)
                                              DLangLambdaImpl(LAMBDA)
                                                PsiElement(DLangTokenType.=>)('=>')
                                                DLangAssignExpressionImpl(ASSIGN_EXPRESSION)
                                                  DLangPostfixExpressionImpl(POSTFIX_EXPRESSION)
                                                    DLangPrimaryExpressionImpl(PRIMARY_EXPRESSION)
                                                      IDENTIFIER
                                                        PsiElement(DLangTokenType.ID)('x')
                                                  DLangMulExpression_Impl(MUL_EXPRESSION_)
                                                    PsiElement(DLangTokenType.*)('*')
                                                    DLangPostfixExpressionImpl(POSTFIX_EXPRESSION)
                                                      DLangPrimaryExpressionImpl(PRIMARY_EXPRESSION)
                                                        IDENTIFIER
                                                          PsiElement(DLangTokenType.ID)('n')
                              PsiElement(DLangTokenType.;)(';')
                DLangStatementImpl(STATEMENT)
                  DLangNonEmptyStatementImpl(NON_EMPTY_STATEMENT)
                    DLangNonEmptyStatementNoCaseNoDefaultImpl(NON_EMPTY_STATEMENT_NO_CASE_NO_DEFAULT)
                      DLangDeclarationStatementImpl(DECLARATION_STATEMENT)
                        DLangDeclarationImpl(DECLARATION)
                          DLangVarDeclarationsImpl(VAR_DECLARATIONS)
                            DLangBasicTypeImpl(BASIC_TYPE)
                              DLangIdentifierListImpl(IDENTIFIER_LIST)
                                IDENTIFIER
                                  PsiElement(DLangTokenType.ID)('writeln')
                            DLangDeclaratorsImpl(DECLARATORS)
                              DECLARATOR_INITIALIZER
                                DLangAltDeclaratorImpl(ALT_DECLARATOR)
                                  PsiElement(DLangTokenType.()('(')
                                  DLangAltDeclaratorXImpl(ALT_DECLARATOR_X)
                                    IDENTIFIER
                                      PsiElement(DLangTokenType.ID)('twice')
                                    DLangAltFuncDeclaratorSuffixImpl(ALT_FUNC_DECLARATOR_SUFFIX)
                                      DLangParametersImpl(PARAMETERS)
                                        PsiElement(DLangTokenType.()('(')
                                        DLangParameterListImpl(PARAMETER_LIST)
                                          PARAMETER
                                            DLangTypeImpl(TYPE)
                                              DLangBasicTypeImpl(BASIC_TYPE)
                                                DLangIdentifierListImpl(IDENTIFIER_LIST)
                                                  IDENTIFIER
                                                    PsiElement(DLangTokenType.ID)('i')
                                        PsiElement(DLangTokenType.))(')')
                                  PsiElement(DLangTokenType.))(')')
                            PsiElement(DLangTokenType.;)(';')
                PsiComment(DLangTokenType.LINE_COMMENT)('// prints 6')
                DLangStatementImpl(STATEMENT)
                  DLangNonEmptyStatementImpl(NON_EMPTY_STATEMENT)
                    DLangNonEmptyStatementNoCaseNoDefaultImpl(NON_EMPTY_STATEMENT_NO_CASE_NO_DEFAULT)
                      DLangDeclarationStatementImpl(DECLARATION_STATEMENT)
                        DLangDeclarationImpl(DECLARATION)
                          DLangVarDeclarationsImpl(VAR_DECLARATIONS)
                            DLangBasicTypeImpl(BASIC_TYPE)
                              DLangIdentifierListImpl(IDENTIFIER_LIST)
                                IDENTIFIER
                                  PsiElement(DLangTokenType.ID)('writeln')
                            DLangDeclaratorsImpl(DECLARATORS)
                              DECLARATOR_INITIALIZER
                                DLangAltDeclaratorImpl(ALT_DECLARATOR)
                                  PsiElement(DLangTokenType.()('(')
                                  DLangAltDeclaratorXImpl(ALT_DECLARATOR_X)
                                    IDENTIFIER
                                      PsiElement(DLangTokenType.ID)('square')
                                    DLangAltFuncDeclaratorSuffixImpl(ALT_FUNC_DECLARATOR_SUFFIX)
                                      DLangParametersImpl(PARAMETERS)
                                        PsiElement(DLangTokenType.()('(')
                                        DLangParameterListImpl(PARAMETER_LIST)
                                          PARAMETER
                                            DLangTypeImpl(TYPE)
                                              DLangBasicTypeImpl(BASIC_TYPE)
                                                DLangIdentifierListImpl(IDENTIFIER_LIST)
                                                  IDENTIFIER
                                                    PsiElement(DLangTokenType.ID)('i')
                                        PsiElement(DLangTokenType.))(')')
                                  PsiElement(DLangTokenType.))(')')
                            PsiElement(DLangTokenType.;)(';')
                PsiComment(DLangTokenType.LINE_COMMENT)('// prints 9')
                DLangStatementImpl(STATEMENT)
                  DLangNonEmptyStatementImpl(NON_EMPTY_STATEMENT)
                    DLangNonEmptyStatementNoCaseNoDefaultImpl(NON_EMPTY_STATEMENT_NO_CASE_NO_DEFAULT)
                      DLangDeclarationStatementImpl(DECLARATION_STATEMENT)
                        DLangDeclarationImpl(DECLARATION)
                          DLangVarDeclarationsImpl(VAR_DECLARATIONS)
                            DLangBasicTypeImpl(BASIC_TYPE)
                              DLangIdentifierListImpl(IDENTIFIER_LIST)
                                IDENTIFIER
                                  PsiElement(DLangTokenType.ID)('writeln')
                            DLangDeclaratorsImpl(DECLARATORS)
                              DECLARATOR_INITIALIZER
                                DLangAltDeclaratorImpl(ALT_DECLARATOR)
                                  PsiElement(DLangTokenType.()('(')
                                  DLangAltDeclaratorXImpl(ALT_DECLARATOR_X)
                                    IDENTIFIER
                                      PsiElement(DLangTokenType.ID)('mul_n')
                                    DLangAltFuncDeclaratorSuffixImpl(ALT_FUNC_DECLARATOR_SUFFIX)
                                      DLangParametersImpl(PARAMETERS)
                                        PsiElement(DLangTokenType.()('(')
                                        DLangParameterListImpl(PARAMETER_LIST)
                                          PARAMETER
                                            DLangTypeImpl(TYPE)
                                              DLangBasicTypeImpl(BASIC_TYPE)
                                                DLangIdentifierListImpl(IDENTIFIER_LIST)
                                                  IDENTIFIER
                                                    PsiElement(DLangTokenType.ID)('i')
                                        PsiElement(DLangTokenType.))(')')
                                  PsiElement(DLangTokenType.))(')')
                            PsiElement(DLangTokenType.;)(';')
              PsiComment(DLangTokenType.LINE_COMMENT)('// prints 15')
              PsiElement(DLangTokenType.})('}')