D Language File
  DLangDeclDefsImpl(DECL_DEFS)
    DLangDeclDefImpl(DECL_DEF)
      DLangDeclarationImpl(DECLARATION)
        DLangVarDeclarationsImpl(VAR_DECLARATIONS)
          DLangBasicTypeImpl(BASIC_TYPE)
            DLangBasicTypeXImpl(BASIC_TYPE_X)
              PsiElement(DLangTokenType.char)('char')
          DLangDeclaratorsImpl(DECLARATORS)
            DECLARATOR_INITIALIZER
              DLangVarDeclaratorImpl(VAR_DECLARATOR)
                DLangBasicType2Impl(BASIC_TYPE_2)
                  DLangBasicType2XImpl(BASIC_TYPE_2_X)
                    PsiElement(DLangTokenType.[)('[')
                    PsiElement(DLangTokenType.])(']')
                  DLangBasicType2Impl(BASIC_TYPE_2)
                    DLangBasicType2XImpl(BASIC_TYPE_2_X)
                      PsiElement(DLangTokenType.[)('[')
                      PsiElement(DLangTokenType.])(']')
                IDENTIFIER
                  PsiElement(DLangTokenType.ID)('foo')
          PsiElement(DLangTokenType.;)(';')
    DLangDeclDefImpl(DECL_DEF)
      DLangDeclarationImpl(DECLARATION)
        DLangVarDeclarationsImpl(VAR_DECLARATIONS)
          DLangAutoDeclarationImpl(AUTO_DECLARATION)
            DLangAutoDeclarationXImpl(AUTO_DECLARATION_X)
              AUTO_DECLARATION_Y
                IDENTIFIER
                  PsiElement(DLangTokenType.ID)('foo')
                PsiElement(DLangTokenType.=)('=')
                DLangInitializerImpl(INITIALIZER)
                  DLangNonVoidInitializerImpl(NON_VOID_INITIALIZER)
                    DLangAssignExpressionImpl(ASSIGN_EXPRESSION)
                      DLangPostfixExpressionImpl(POSTFIX_EXPRESSION)
                        DLangPrimaryExpressionImpl(PRIMARY_EXPRESSION)
                          DLangNewExpressionWithArgsImpl(NEW_EXPRESSION_WITH_ARGS)
                            PsiElement(DLangTokenType.new)('new')
                            DLangTypeImpl(TYPE)
                              DLangBasicTypeImpl(BASIC_TYPE)
                                DLangBasicTypeXImpl(BASIC_TYPE_X)
                                  PsiElement(DLangTokenType.char)('char')
                              DLangBasicType2Impl(BASIC_TYPE_2)
                                DLangBasicType2XImpl(BASIC_TYPE_2_X)
                                  PsiElement(DLangTokenType.[)('[')
                                  PsiElement(DLangTokenType.])(']')
                                DLangBasicType2Impl(BASIC_TYPE_2)
                                  DLangBasicType2XImpl(BASIC_TYPE_2_X)
                                    PsiElement(DLangTokenType.[)('[')
                                    DLangAssignExpressionImpl(ASSIGN_EXPRESSION)
                                      DLangPostfixExpressionImpl(POSTFIX_EXPRESSION)
                                        DLangPrimaryExpressionImpl(PRIMARY_EXPRESSION)
                                          PsiElement(DLangTokenType.INTEGER_LITERAL)('30')
                                    PsiElement(DLangTokenType.])(']')
            PsiElement(DLangTokenType.;)(';')
    DLangDeclDefImpl(DECL_DEF)
      DLangDeclarationImpl(DECLARATION)
        DLangVarDeclarationsImpl(VAR_DECLARATIONS)
          DLangAutoDeclarationImpl(AUTO_DECLARATION)
            DLangAutoDeclarationXImpl(AUTO_DECLARATION_X)
              AUTO_DECLARATION_Y
                IDENTIFIER
                  PsiElement(DLangTokenType.ID)('foo')
                PsiElement(DLangTokenType.=)('=')
                DLangInitializerImpl(INITIALIZER)
                  DLangNonVoidInitializerImpl(NON_VOID_INITIALIZER)
                    DLangAssignExpressionImpl(ASSIGN_EXPRESSION)
                      DLangPostfixExpressionImpl(POSTFIX_EXPRESSION)
                        DLangPrimaryExpressionImpl(PRIMARY_EXPRESSION)
                          DLangNewExpressionWithArgsImpl(NEW_EXPRESSION_WITH_ARGS)
                            PsiElement(DLangTokenType.new)('new')
                            DLangTypeImpl(TYPE)
                              DLangBasicTypeImpl(BASIC_TYPE)
                                DLangBasicTypeXImpl(BASIC_TYPE_X)
                                  PsiElement(DLangTokenType.char)('char')
                              DLangBasicType2Impl(BASIC_TYPE_2)
                                DLangBasicType2XImpl(BASIC_TYPE_2_X)
                                  PsiElement(DLangTokenType.[)('[')
                                  PsiElement(DLangTokenType.])(']')
                                DLangBasicType2Impl(BASIC_TYPE_2)
                                  DLangBasicType2XImpl(BASIC_TYPE_2_X)
                                    PsiElement(DLangTokenType.[)('[')
                                    PsiElement(DLangTokenType.])(']')
                            PsiElement(DLangTokenType.()('(')
                            DLangArgumentListImpl(ARGUMENT_LIST)
                              DLangAssignExpressionImpl(ASSIGN_EXPRESSION)
                                DLangPostfixExpressionImpl(POSTFIX_EXPRESSION)
                                  DLangPrimaryExpressionImpl(PRIMARY_EXPRESSION)
                                    PsiElement(DLangTokenType.INTEGER_LITERAL)('30')
                            PsiElement(DLangTokenType.))(')')
            PsiElement(DLangTokenType.;)(';')
    DLangDeclDefImpl(DECL_DEF)
      DLangDeclarationImpl(DECLARATION)
        DLangVarDeclarationsImpl(VAR_DECLARATIONS)
          DLangBasicTypeImpl(BASIC_TYPE)
            DLangBasicTypeXImpl(BASIC_TYPE_X)
              PsiElement(DLangTokenType.int)('int')
          DLangDeclaratorsImpl(DECLARATORS)
            DECLARATOR_INITIALIZER
              DLangVarDeclaratorImpl(VAR_DECLARATOR)
                DLangBasicType2Impl(BASIC_TYPE_2)
                  DLangBasicType2XImpl(BASIC_TYPE_2_X)
                    PsiElement(DLangTokenType.[)('[')
                    PsiElement(DLangTokenType.])(']')
                  DLangBasicType2Impl(BASIC_TYPE_2)
                    DLangBasicType2XImpl(BASIC_TYPE_2_X)
                      PsiElement(DLangTokenType.[)('[')
                      PsiElement(DLangTokenType.])(']')
                    DLangBasicType2Impl(BASIC_TYPE_2)
                      DLangBasicType2XImpl(BASIC_TYPE_2_X)
                        PsiElement(DLangTokenType.[)('[')
                        PsiElement(DLangTokenType.])(']')
                IDENTIFIER
                  PsiElement(DLangTokenType.ID)('bar')
          PsiElement(DLangTokenType.;)(';')
    DLangDeclDefImpl(DECL_DEF)
      DLangDeclarationImpl(DECLARATION)
        DLangVarDeclarationsImpl(VAR_DECLARATIONS)
          DLangAutoDeclarationImpl(AUTO_DECLARATION)
            DLangAutoDeclarationXImpl(AUTO_DECLARATION_X)
              AUTO_DECLARATION_Y
                IDENTIFIER
                  PsiElement(DLangTokenType.ID)('bar')
                PsiElement(DLangTokenType.=)('=')
                DLangInitializerImpl(INITIALIZER)
                  DLangNonVoidInitializerImpl(NON_VOID_INITIALIZER)
                    DLangAssignExpressionImpl(ASSIGN_EXPRESSION)
                      DLangPostfixExpressionImpl(POSTFIX_EXPRESSION)
                        DLangPrimaryExpressionImpl(PRIMARY_EXPRESSION)
                          DLangNewExpressionWithArgsImpl(NEW_EXPRESSION_WITH_ARGS)
                            PsiElement(DLangTokenType.new)('new')
                            DLangTypeImpl(TYPE)
                              DLangBasicTypeImpl(BASIC_TYPE)
                                DLangBasicTypeXImpl(BASIC_TYPE_X)
                                  PsiElement(DLangTokenType.int)('int')
                              DLangBasicType2Impl(BASIC_TYPE_2)
                                DLangBasicType2XImpl(BASIC_TYPE_2_X)
                                  PsiElement(DLangTokenType.[)('[')
                                  PsiElement(DLangTokenType.])(']')
                                DLangBasicType2Impl(BASIC_TYPE_2)
                                  DLangBasicType2XImpl(BASIC_TYPE_2_X)
                                    PsiElement(DLangTokenType.[)('[')
                                    PsiElement(DLangTokenType.])(']')
                                  DLangBasicType2Impl(BASIC_TYPE_2)
                                    DLangBasicType2XImpl(BASIC_TYPE_2_X)
                                      PsiElement(DLangTokenType.[)('[')
                                      PsiElement(DLangTokenType.])(']')
                            PsiElement(DLangTokenType.()('(')
                            DLangArgumentListImpl(ARGUMENT_LIST)
                              DLangAssignExpressionImpl(ASSIGN_EXPRESSION)
                                DLangPostfixExpressionImpl(POSTFIX_EXPRESSION)
                                  DLangPrimaryExpressionImpl(PRIMARY_EXPRESSION)
                                    PsiElement(DLangTokenType.INTEGER_LITERAL)('5')
                              PsiElement(DLangTokenType.,)(',')
                              DLangAssignExpressionImpl(ASSIGN_EXPRESSION)
                                DLangPostfixExpressionImpl(POSTFIX_EXPRESSION)
                                  DLangPrimaryExpressionImpl(PRIMARY_EXPRESSION)
                                    PsiElement(DLangTokenType.INTEGER_LITERAL)('20')
                              PsiElement(DLangTokenType.,)(',')
                              DLangAssignExpressionImpl(ASSIGN_EXPRESSION)
                                DLangPostfixExpressionImpl(POSTFIX_EXPRESSION)
                                  DLangPrimaryExpressionImpl(PRIMARY_EXPRESSION)
                                    PsiElement(DLangTokenType.INTEGER_LITERAL)('30')
                            PsiElement(DLangTokenType.))(')')
            PsiElement(DLangTokenType.;)(';')
    DLangDeclDefImpl(DECL_DEF)
      DLangDeclarationImpl(DECLARATION)
        DLangVarDeclarationsImpl(VAR_DECLARATIONS)
          DLangAutoDeclarationImpl(AUTO_DECLARATION)
            DLangAutoDeclarationXImpl(AUTO_DECLARATION_X)
              AUTO_DECLARATION_Y
                IDENTIFIER
                  PsiElement(DLangTokenType.ID)('bar')
                PsiElement(DLangTokenType.=)('=')
                DLangInitializerImpl(INITIALIZER)
                  DLangNonVoidInitializerImpl(NON_VOID_INITIALIZER)
                    DLangAssignExpressionImpl(ASSIGN_EXPRESSION)
                      DLangPostfixExpressionImpl(POSTFIX_EXPRESSION)
                        DLangPrimaryExpressionImpl(PRIMARY_EXPRESSION)
                          DLangNewExpressionWithArgsImpl(NEW_EXPRESSION_WITH_ARGS)
                            PsiElement(DLangTokenType.new)('new')
                            DLangTypeImpl(TYPE)
                              DLangBasicTypeImpl(BASIC_TYPE)
                                DLangBasicTypeXImpl(BASIC_TYPE_X)
                                  PsiElement(DLangTokenType.int)('int')
                              DLangBasicType2Impl(BASIC_TYPE_2)
                                DLangBasicType2XImpl(BASIC_TYPE_2_X)
                                  PsiElement(DLangTokenType.[)('[')
                                  PsiElement(DLangTokenType.])(']')
                                DLangBasicType2Impl(BASIC_TYPE_2)
                                  DLangBasicType2XImpl(BASIC_TYPE_2_X)
                                    PsiElement(DLangTokenType.[)('[')
                                    PsiElement(DLangTokenType.])(']')
                                  DLangBasicType2Impl(BASIC_TYPE_2)
                                    DLangBasicType2XImpl(BASIC_TYPE_2_X)
                                      PsiElement(DLangTokenType.[)('[')
                                      DLangAssignExpressionImpl(ASSIGN_EXPRESSION)
                                        DLangPostfixExpressionImpl(POSTFIX_EXPRESSION)
                                          DLangPrimaryExpressionImpl(PRIMARY_EXPRESSION)
                                            PsiElement(DLangTokenType.INTEGER_LITERAL)('5')
                                      PsiElement(DLangTokenType.])(']')
            PsiElement(DLangTokenType.;)(';')
  DLangStatementImpl(STATEMENT)
    DLangNonEmptyStatementImpl(NON_EMPTY_STATEMENT)
      DLangNonEmptyStatementNoCaseNoDefaultImpl(NON_EMPTY_STATEMENT_NO_CASE_NO_DEFAULT)
        DLangForeachStatementImpl(FOREACH_STATEMENT)
          DLangForeachImpl(FOREACH)
            PsiElement(DLangTokenType.foreach)('foreach')
          PsiElement(DLangTokenType.()('(')
          DLangForeachTypeListImpl(FOREACH_TYPE_LIST)
            DLangForeachTypeImpl(FOREACH_TYPE)
              DLangForeachTypeAttributeImpl(FOREACH_TYPE_ATTRIBUTE)
                PsiElement(DLangTokenType.ref)('ref')
              IDENTIFIER
                PsiElement(DLangTokenType.ID)('a')
          PsiElement(DLangTokenType.;)(';')
          DLangForeachAggregateImpl(FOREACH_AGGREGATE)
            DLangCommaExpressionImpl(COMMA_EXPRESSION)
              DLangAssignExpressionImpl(ASSIGN_EXPRESSION)
                DLangPostfixExpressionImpl(POSTFIX_EXPRESSION)
                  DLangPrimaryExpressionImpl(PRIMARY_EXPRESSION)
                    IDENTIFIER
                      PsiElement(DLangTokenType.ID)('bar')
          PsiElement(DLangTokenType.))(')')
          DLangStatementImpl(STATEMENT)
            DLangNonEmptyStatementImpl(NON_EMPTY_STATEMENT)
              DLangNonEmptyStatementNoCaseNoDefaultImpl(NON_EMPTY_STATEMENT_NO_CASE_NO_DEFAULT)
                DLangBlockStatementImpl(BLOCK_STATEMENT)
                  PsiElement(DLangTokenType.{)('{')
                  DLangStatementListImpl(STATEMENT_LIST)
                    DLangStatementImpl(STATEMENT)
                      DLangNonEmptyStatementImpl(NON_EMPTY_STATEMENT)
                        DLangNonEmptyStatementNoCaseNoDefaultImpl(NON_EMPTY_STATEMENT_NO_CASE_NO_DEFAULT)
                          DLangDeclarationStatementImpl(DECLARATION_STATEMENT)
                            DLangDeclarationImpl(DECLARATION)
                              DLangVarDeclarationsImpl(VAR_DECLARATIONS)
                                DLangAutoDeclarationImpl(AUTO_DECLARATION)
                                  DLangAutoDeclarationXImpl(AUTO_DECLARATION_X)
                                    AUTO_DECLARATION_Y
                                      IDENTIFIER
                                        PsiElement(DLangTokenType.ID)('a')
                                      PsiElement(DLangTokenType.=)('=')
                                      DLangInitializerImpl(INITIALIZER)
                                        DLangNonVoidInitializerImpl(NON_VOID_INITIALIZER)
                                          DLangAssignExpressionImpl(ASSIGN_EXPRESSION)
                                            DLangPostfixExpressionImpl(POSTFIX_EXPRESSION)
                                              DLangPrimaryExpressionImpl(PRIMARY_EXPRESSION)
                                                DLangNewExpressionWithArgsImpl(NEW_EXPRESSION_WITH_ARGS)
                                                  PsiElement(DLangTokenType.new)('new')
                                                  DLangTypeImpl(TYPE)
                                                    DLangBasicTypeImpl(BASIC_TYPE)
                                                      DLangBasicTypeXImpl(BASIC_TYPE_X)
                                                        PsiElement(DLangTokenType.int)('int')
                                                    DLangBasicType2Impl(BASIC_TYPE_2)
                                                      DLangBasicType2XImpl(BASIC_TYPE_2_X)
                                                        PsiElement(DLangTokenType.[)('[')
                                                        PsiElement(DLangTokenType.])(']')
                                                      DLangBasicType2Impl(BASIC_TYPE_2)
                                                        DLangBasicType2XImpl(BASIC_TYPE_2_X)
                                                          PsiElement(DLangTokenType.[)('[')
                                                          DLangAssignExpressionImpl(ASSIGN_EXPRESSION)
                                                            DLangPostfixExpressionImpl(POSTFIX_EXPRESSION)
                                                              DLangPrimaryExpressionImpl(PRIMARY_EXPRESSION)
                                                                PsiElement(DLangTokenType.INTEGER_LITERAL)('20')
                                                          PsiElement(DLangTokenType.])(']')
                                  PsiElement(DLangTokenType.;)(';')
                    DLangStatementImpl(STATEMENT)
                      DLangNonEmptyStatementImpl(NON_EMPTY_STATEMENT)
                        DLangNonEmptyStatementNoCaseNoDefaultImpl(NON_EMPTY_STATEMENT_NO_CASE_NO_DEFAULT)
                          DLangForeachStatementImpl(FOREACH_STATEMENT)
                            DLangForeachImpl(FOREACH)
                              PsiElement(DLangTokenType.foreach)('foreach')
                            PsiElement(DLangTokenType.()('(')
                            DLangForeachTypeListImpl(FOREACH_TYPE_LIST)
                              DLangForeachTypeImpl(FOREACH_TYPE)
                                DLangForeachTypeAttributeImpl(FOREACH_TYPE_ATTRIBUTE)
                                  PsiElement(DLangTokenType.ref)('ref')
                                IDENTIFIER
                                  PsiElement(DLangTokenType.ID)('b')
                            PsiElement(DLangTokenType.;)(';')
                            DLangForeachAggregateImpl(FOREACH_AGGREGATE)
                              DLangCommaExpressionImpl(COMMA_EXPRESSION)
                                DLangAssignExpressionImpl(ASSIGN_EXPRESSION)
                                  DLangPostfixExpressionImpl(POSTFIX_EXPRESSION)
                                    DLangPrimaryExpressionImpl(PRIMARY_EXPRESSION)
                                      IDENTIFIER
                                        PsiElement(DLangTokenType.ID)('a')
                            PsiElement(DLangTokenType.))(')')
                            DLangStatementImpl(STATEMENT)
                              DLangNonEmptyStatementImpl(NON_EMPTY_STATEMENT)
                                DLangNonEmptyStatementNoCaseNoDefaultImpl(NON_EMPTY_STATEMENT_NO_CASE_NO_DEFAULT)
                                  DLangBlockStatementImpl(BLOCK_STATEMENT)
                                    PsiElement(DLangTokenType.{)('{')
                                    DLangStatementListImpl(STATEMENT_LIST)
                                      DLangStatementImpl(STATEMENT)
                                        DLangNonEmptyStatementImpl(NON_EMPTY_STATEMENT)
                                          DLangNonEmptyStatementNoCaseNoDefaultImpl(NON_EMPTY_STATEMENT_NO_CASE_NO_DEFAULT)
                                            DLangDeclarationStatementImpl(DECLARATION_STATEMENT)
                                              DLangDeclarationImpl(DECLARATION)
                                                DLangVarDeclarationsImpl(VAR_DECLARATIONS)
                                                  DLangAutoDeclarationImpl(AUTO_DECLARATION)
                                                    DLangAutoDeclarationXImpl(AUTO_DECLARATION_X)
                                                      AUTO_DECLARATION_Y
                                                        IDENTIFIER
                                                          PsiElement(DLangTokenType.ID)('b')
                                                        PsiElement(DLangTokenType.=)('=')
                                                        DLangInitializerImpl(INITIALIZER)
                                                          DLangNonVoidInitializerImpl(NON_VOID_INITIALIZER)
                                                            DLangAssignExpressionImpl(ASSIGN_EXPRESSION)
                                                              DLangPostfixExpressionImpl(POSTFIX_EXPRESSION)
                                                                DLangPrimaryExpressionImpl(PRIMARY_EXPRESSION)
                                                                  DLangNewExpressionWithArgsImpl(NEW_EXPRESSION_WITH_ARGS)
                                                                    PsiElement(DLangTokenType.new)('new')
                                                                    DLangTypeImpl(TYPE)
                                                                      DLangBasicTypeImpl(BASIC_TYPE)
                                                                        DLangBasicTypeXImpl(BASIC_TYPE_X)
                                                                          PsiElement(DLangTokenType.int)('int')
                                                                      DLangBasicType2Impl(BASIC_TYPE_2)
                                                                        DLangBasicType2XImpl(BASIC_TYPE_2_X)
                                                                          PsiElement(DLangTokenType.[)('[')
                                                                          DLangAssignExpressionImpl(ASSIGN_EXPRESSION)
                                                                            DLangPostfixExpressionImpl(POSTFIX_EXPRESSION)
                                                                              DLangPrimaryExpressionImpl(PRIMARY_EXPRESSION)
                                                                                PsiElement(DLangTokenType.INTEGER_LITERAL)('30')
                                                                          PsiElement(DLangTokenType.])(']')
                                                    PsiElement(DLangTokenType.;)(';')
                                    PsiElement(DLangTokenType.})('}')
                  PsiElement(DLangTokenType.})('}')
