D Language File
  DLanguageDeclDefsImpl(DECL_DEFS)
    DLanguageDeclDefImpl(DECL_DEF)
      DLanguageDeclarationImpl(DECLARATION)
        DLanguageImportDeclarationImpl(IMPORT_DECLARATION)
          PsiElement(DLanguageTokenType.import)('import')
          DLanguageImportListImpl(IMPORT_LIST)
            IMPORT
              DLanguageModuleFullyQualifiedNameImpl(MODULE_FULLY_QUALIFIED_NAME)
                IDENTIFIER
                  PsiElement(DLanguageTokenType.ID)('std')
                PsiElement(DLanguageTokenType..)('.')
                DLanguageModuleFullyQualifiedNameImpl(MODULE_FULLY_QUALIFIED_NAME)
                  IDENTIFIER
                    PsiElement(DLanguageTokenType.ID)('conv')
          PsiElement(DLanguageTokenType.;)(';')
    DLanguageDeclDefImpl(DECL_DEF)
      DLanguageDeclarationImpl(DECLARATION)
        DLanguageVarDeclarationsImpl(VAR_DECLARATIONS)
          DLanguageBasicTypeImpl(BASIC_TYPE)
            DLanguageBasicTypeXImpl(BASIC_TYPE_X)
              PsiElement(DLanguageTokenType.int)('int')
          DLanguageDeclaratorsImpl(DECLARATORS)
            DLanguageDeclaratorInitializerImpl(DECLARATOR_INITIALIZER)
              DECLARATOR
                DLanguageVarDeclaratorImpl(VAR_DECLARATOR)
                  IDENTIFIER
                    PsiElement(DLanguageTokenType.ID)('i')
              PsiElement(DLanguageTokenType.=)('=')
              DLanguageInitializerImpl(INITIALIZER)
                DLanguageNonVoidInitializerImpl(NON_VOID_INITIALIZER)
                  DLanguageAssignExpressionImpl(ASSIGN_EXPRESSION)
                    DLanguagePostfixExpressionImpl(POSTFIX_EXPRESSION)
                      DLanguagePrimaryExpressionImpl(PRIMARY_EXPRESSION)
                        PsiElement(DLanguageTokenType.INTEGER_LITERAL)('0')
          PsiElement(DLanguageTokenType.;)(';')
  DLanguageStatementImpl(STATEMENT)
    DLanguageNonEmptyStatementImpl(NON_EMPTY_STATEMENT)
      DLanguageNonEmptyStatementNoCaseNoDefaultImpl(NON_EMPTY_STATEMENT_NO_CASE_NO_DEFAULT)
        DLanguageExpressionStatementImpl(EXPRESSION_STATEMENT)
          DLanguageCommaExpressionImpl(COMMA_EXPRESSION)
            DLanguageAssignExpressionImpl(ASSIGN_EXPRESSION)
              DLanguagePostfixExpressionImpl(POSTFIX_EXPRESSION)
                DLanguagePrimaryExpressionImpl(PRIMARY_EXPRESSION)
                  PsiElement(DLanguageTokenType.()('(')
                  DLanguageCommaExpressionImpl(COMMA_EXPRESSION)
                    DLanguageAssignExpressionImpl(ASSIGN_EXPRESSION)
                      DLanguagePostfixExpressionImpl(POSTFIX_EXPRESSION)
                        DLanguagePrimaryExpressionImpl(PRIMARY_EXPRESSION)
                          IDENTIFIER
                            PsiElement(DLanguageTokenType.ID)('i')
                      PsiElement(DLanguageTokenType.=)('=')
                      DLanguageAssignExpressionImpl(ASSIGN_EXPRESSION)
                        DLanguagePostfixExpressionImpl(POSTFIX_EXPRESSION)
                          DLanguagePrimaryExpressionImpl(PRIMARY_EXPRESSION)
                            PsiElement(DLanguageTokenType.INTEGER_LITERAL)('2')
                  PsiElement(DLanguageTokenType.))(')')
              PsiElement(DLanguageTokenType.=)('=')
              DLanguageAssignExpressionImpl(ASSIGN_EXPRESSION)
                PsiElement(DLanguageTokenType.++)('++')
                DLanguagePostfixExpressionImpl(POSTFIX_EXPRESSION)
                  DLanguagePrimaryExpressionImpl(PRIMARY_EXPRESSION)
                    IDENTIFIER
                      PsiElement(DLanguageTokenType.ID)('i')
                DLanguageMulExpression_Impl(MUL_EXPRESSION_)
                  PsiElement(DLanguageTokenType.*)('*')
                  DLanguagePostfixExpressionImpl(POSTFIX_EXPRESSION)
                    DLanguagePrimaryExpressionImpl(PRIMARY_EXPRESSION)
                      IDENTIFIER
                        PsiElement(DLanguageTokenType.ID)('i')
                PsiElement(DLanguageTokenType.++)('++')
                PsiElement(DLanguageTokenType.+)('+')
                DLanguagePostfixExpressionImpl(POSTFIX_EXPRESSION)
                  DLanguagePrimaryExpressionImpl(PRIMARY_EXPRESSION)
                    IDENTIFIER
                      PsiElement(DLanguageTokenType.ID)('i')
          PsiElement(DLanguageTokenType.;)(';')
  DLanguageStatementImpl(STATEMENT)
    DLanguageNonEmptyStatementImpl(NON_EMPTY_STATEMENT)
      DLanguageNonEmptyStatementNoCaseNoDefaultImpl(NON_EMPTY_STATEMENT_NO_CASE_NO_DEFAULT)
        DLanguageExpressionStatementImpl(EXPRESSION_STATEMENT)
          DLanguageCommaExpressionImpl(COMMA_EXPRESSION)
            DLanguageAssignExpressionImpl(ASSIGN_EXPRESSION)
              DLanguagePostfixExpressionImpl(POSTFIX_EXPRESSION)
                DLanguagePrimaryExpressionImpl(PRIMARY_EXPRESSION)
                  DLanguageAssertExpressionImpl(ASSERT_EXPRESSION)
                    PsiElement(DLanguageTokenType.assert)('assert')
                    PsiElement(DLanguageTokenType.()('(')
                    DLanguageAssignExpressionImpl(ASSIGN_EXPRESSION)
                      DLanguagePostfixExpressionImpl(POSTFIX_EXPRESSION)
                        DLanguagePrimaryExpressionImpl(PRIMARY_EXPRESSION)
                          IDENTIFIER
                            PsiElement(DLanguageTokenType.ID)('i')
                      DLanguageEqualExpressionImpl(EQUAL_EXPRESSION)
                        PsiElement(DLanguageTokenType.==)('==')
                        DLanguagePostfixExpressionImpl(POSTFIX_EXPRESSION)
                          DLanguagePrimaryExpressionImpl(PRIMARY_EXPRESSION)
                            PsiElement(DLanguageTokenType.INTEGER_LITERAL)('13')
                    PsiElement(DLanguageTokenType.))(')')
          PsiElement(DLanguageTokenType.;)(';')
  PsiComment(DLanguageTokenType.LINE_COMMENT)('// left to right evaluation of side effects')
  DLanguageStatementImpl(STATEMENT)
    DLanguageNonEmptyStatementImpl(NON_EMPTY_STATEMENT)
      DLanguageNonEmptyStatementNoCaseNoDefaultImpl(NON_EMPTY_STATEMENT_NO_CASE_NO_DEFAULT)
        DLanguageExpressionStatementImpl(EXPRESSION_STATEMENT)
          DLanguageCommaExpressionImpl(COMMA_EXPRESSION)
            DLanguageAssignExpressionImpl(ASSIGN_EXPRESSION)
              DLanguagePostfixExpressionImpl(POSTFIX_EXPRESSION)
                DLanguagePrimaryExpressionImpl(PRIMARY_EXPRESSION)
                  DLanguageAssertExpressionImpl(ASSERT_EXPRESSION)
                    PsiElement(DLanguageTokenType.assert)('assert')
                    PsiElement(DLanguageTokenType.()('(')
                    DLanguageAssignExpressionImpl(ASSIGN_EXPRESSION)
                      DLanguagePostfixExpressionImpl(POSTFIX_EXPRESSION)
                        DLanguagePrimaryExpressionImpl(PRIMARY_EXPRESSION)
                          IDENTIFIER
                            PsiElement(DLanguageTokenType.ID)('text')
                      DLanguagePostfixExpressionImpl(POSTFIX_EXPRESSION)
                        DLanguagePrimaryExpressionImpl(PRIMARY_EXPRESSION)
                          PsiElement(DLanguageTokenType.()('(')
                          DLanguageCommaExpressionImpl(COMMA_EXPRESSION)
                            DLanguageAssignExpressionImpl(ASSIGN_EXPRESSION)
                              PsiElement(DLanguageTokenType.++)('++')
                              DLanguagePostfixExpressionImpl(POSTFIX_EXPRESSION)
                                DLanguagePrimaryExpressionImpl(PRIMARY_EXPRESSION)
                                  IDENTIFIER
                                    PsiElement(DLanguageTokenType.ID)('i')
                            PsiElement(DLanguageTokenType.,)(',')
                            DLanguageAssignExpressionImpl(ASSIGN_EXPRESSION)
                              PsiElement(DLanguageTokenType.++)('++')
                              DLanguagePostfixExpressionImpl(POSTFIX_EXPRESSION)
                                DLanguagePrimaryExpressionImpl(PRIMARY_EXPRESSION)
                                  IDENTIFIER
                                    PsiElement(DLanguageTokenType.ID)('i')
                          PsiElement(DLanguageTokenType.))(')')
                      DLanguageEqualExpressionImpl(EQUAL_EXPRESSION)
                        PsiElement(DLanguageTokenType.==)('==')
                        DLanguagePostfixExpressionImpl(POSTFIX_EXPRESSION)
                          DLanguagePrimaryExpressionImpl(PRIMARY_EXPRESSION)
                            DLanguageStringLiteralsImpl(STRING_LITERALS)
                              DLanguageStringLiteralImpl(STRING_LITERAL)
                                PsiElement(DLanguageTokenType.DOUBLE_QUOTED_STRING)('"1415"')
                    PsiElement(DLanguageTokenType.))(')')
          PsiElement(DLanguageTokenType.;)(';')
  PsiComment(DLanguageTokenType.LINE_COMMENT)('// left to right evaluation of arguments')