D Language File
  DLangDeclDefsImpl(DECL_DEFS)
    DLangDeclDefImpl(DECL_DEF)
      DLangDeclarationImpl(DECLARATION)
        DLangImportDeclarationImpl(IMPORT_DECLARATION)
          PsiElement(DLangTokenType.import)('import')
          DLangImportListImpl(IMPORT_LIST)
            IMPORT
              DLangModuleFullyQualifiedNameImpl(MODULE_FULLY_QUALIFIED_NAME)
                IDENTIFIER
                  PsiElement(DLangTokenType.ID)('std')
                PsiElement(DLangTokenType..)('.')
                DLangModuleFullyQualifiedNameImpl(MODULE_FULLY_QUALIFIED_NAME)
                  IDENTIFIER
                    PsiElement(DLangTokenType.ID)('stdio')
          PsiElement(DLangTokenType.;)(';')
    DLangDeclDefImpl(DECL_DEF)
      DLangDeclarationImpl(DECLARATION)
        FUNC_DECLARATION
          DLangBasicTypeImpl(BASIC_TYPE)
            DLangBasicTypeXImpl(BASIC_TYPE_X)
              PsiElement(DLangTokenType.int)('int')
          IDENTIFIER
            PsiElement(DLangTokenType.ID)('main')
          DLangFuncDeclaratorSuffixImpl(FUNC_DECLARATOR_SUFFIX)
            DLangParametersImpl(PARAMETERS)
              PsiElement(DLangTokenType.()('(')
              PsiElement(DLangTokenType.))(')')
          DLangFunctionBodyImpl(FUNCTION_BODY)
            DLangBlockStatementImpl(BLOCK_STATEMENT)
              PsiElement(DLangTokenType.{)('{')
              DLangStatementListImpl(STATEMENT_LIST)
                DLangStatementImpl(STATEMENT)
                  DLangNonEmptyStatementImpl(NON_EMPTY_STATEMENT)
                    DLangNonEmptyStatementNoCaseNoDefaultImpl(NON_EMPTY_STATEMENT_NO_CASE_NO_DEFAULT)
                      DLangDeclarationStatementImpl(DECLARATION_STATEMENT)
                        DLangDeclarationImpl(DECLARATION)
                          DLangVarDeclarationsImpl(VAR_DECLARATIONS)
                            DLangBasicTypeImpl(BASIC_TYPE)
                              DLangBasicTypeXImpl(BASIC_TYPE_X)
                                PsiElement(DLangTokenType.byte)('byte')
                            DLangDeclaratorsImpl(DECLARATORS)
                              DECLARATOR_INITIALIZER
                                DLangVarDeclaratorImpl(VAR_DECLARATOR)
                                  DLangBasicType2Impl(BASIC_TYPE_2)
                                    DLangBasicType2XImpl(BASIC_TYPE_2_X)
                                      PsiElement(DLangTokenType.[)('[')
                                      PsiElement(DLangTokenType.])(']')
                                  IDENTIFIER
                                    PsiElement(DLangTokenType.ID)('a')
                                PsiElement(DLangTokenType.=)('=')
                                DLangInitializerImpl(INITIALIZER)
                                  DLangNonVoidInitializerImpl(NON_VOID_INITIALIZER)
                                    DLangAssignExpressionImpl(ASSIGN_EXPRESSION)
                                      DLangPostfixExpressionImpl(POSTFIX_EXPRESSION)
                                        DLangPrimaryExpressionImpl(PRIMARY_EXPRESSION)
                                          DLangArrayLiteralImpl(ARRAY_LITERAL)
                                            PsiElement(DLangTokenType.[)('[')
                                            DLangArgumentListImpl(ARGUMENT_LIST)
                                              DLangAssignExpressionImpl(ASSIGN_EXPRESSION)
                                                DLangPostfixExpressionImpl(POSTFIX_EXPRESSION)
                                                  DLangPrimaryExpressionImpl(PRIMARY_EXPRESSION)
                                                    PsiElement(DLangTokenType.INTEGER_LITERAL)('1')
                                              PsiElement(DLangTokenType.,)(',')
                                              DLangAssignExpressionImpl(ASSIGN_EXPRESSION)
                                                DLangPostfixExpressionImpl(POSTFIX_EXPRESSION)
                                                  DLangPrimaryExpressionImpl(PRIMARY_EXPRESSION)
                                                    PsiElement(DLangTokenType.INTEGER_LITERAL)('2')
                                              PsiElement(DLangTokenType.,)(',')
                                              DLangAssignExpressionImpl(ASSIGN_EXPRESSION)
                                                DLangPostfixExpressionImpl(POSTFIX_EXPRESSION)
                                                  DLangPrimaryExpressionImpl(PRIMARY_EXPRESSION)
                                                    PsiElement(DLangTokenType.INTEGER_LITERAL)('3')
                                            PsiElement(DLangTokenType.])(']')
                            PsiElement(DLangTokenType.;)(';')
                DLangStatementImpl(STATEMENT)
                  DLangNonEmptyStatementImpl(NON_EMPTY_STATEMENT)
                    DLangNonEmptyStatementNoCaseNoDefaultImpl(NON_EMPTY_STATEMENT_NO_CASE_NO_DEFAULT)
                      DLangDeclarationStatementImpl(DECLARATION_STATEMENT)
                        DLangStorageClassesImpl(STORAGE_CLASSES)
                          DLangStorageClassImpl(STORAGE_CLASS)
                            PsiElement(DLangTokenType.auto)('auto')
                        DLangDeclarationImpl(DECLARATION)
                          DLangVarDeclarationsImpl(VAR_DECLARATIONS)
                            DLangAutoDeclarationImpl(AUTO_DECLARATION)
                              DLangAutoDeclarationXImpl(AUTO_DECLARATION_X)
                                AUTO_DECLARATION_Y
                                  IDENTIFIER
                                    PsiElement(DLangTokenType.ID)('b')
                                  PsiElement(DLangTokenType.=)('=')
                                  DLangInitializerImpl(INITIALIZER)
                                    DLangNonVoidInitializerImpl(NON_VOID_INITIALIZER)
                                      DLangAssignExpressionImpl(ASSIGN_EXPRESSION)
                                        DLangCastExpressionImpl(CAST_EXPRESSION)
                                          PsiElement(DLangTokenType.cast)('cast')
                                          PsiElement(DLangTokenType.()('(')
                                          DLangTypeImpl(TYPE)
                                            DLangBasicTypeImpl(BASIC_TYPE)
                                              DLangBasicTypeXImpl(BASIC_TYPE_X)
                                                PsiElement(DLangTokenType.int)('int')
                                            DLangBasicType2Impl(BASIC_TYPE_2)
                                              DLangBasicType2XImpl(BASIC_TYPE_2_X)
                                                PsiElement(DLangTokenType.[)('[')
                                                PsiElement(DLangTokenType.])(']')
                                          PsiElement(DLangTokenType.))(')')
                                          DLangPostfixExpressionImpl(POSTFIX_EXPRESSION)
                                            DLangPrimaryExpressionImpl(PRIMARY_EXPRESSION)
                                              IDENTIFIER
                                                PsiElement(DLangTokenType.ID)('a')
                              PsiElement(DLangTokenType.;)(';')
                PsiComment(DLangTokenType.LINE_COMMENT)('// runtime array cast misalignment')
                DLangStatementImpl(STATEMENT)
                  DLangNonEmptyStatementImpl(NON_EMPTY_STATEMENT)
                    DLangNonEmptyStatementNoCaseNoDefaultImpl(NON_EMPTY_STATEMENT_NO_CASE_NO_DEFAULT)
                      DLangDeclarationStatementImpl(DECLARATION_STATEMENT)
                        DLangDeclarationImpl(DECLARATION)
                          DLangVarDeclarationsImpl(VAR_DECLARATIONS)
                            DLangBasicTypeImpl(BASIC_TYPE)
                              DLangBasicTypeXImpl(BASIC_TYPE_X)
                                PsiElement(DLangTokenType.int)('int')
                            DLangDeclaratorsImpl(DECLARATORS)
                              DECLARATOR_INITIALIZER
                                DLangVarDeclaratorImpl(VAR_DECLARATOR)
                                  DLangBasicType2Impl(BASIC_TYPE_2)
                                    DLangBasicType2XImpl(BASIC_TYPE_2_X)
                                      PsiElement(DLangTokenType.[)('[')
                                      PsiElement(DLangTokenType.])(']')
                                  IDENTIFIER
                                    PsiElement(DLangTokenType.ID)('c')
                                PsiElement(DLangTokenType.=)('=')
                                DLangInitializerImpl(INITIALIZER)
                                  DLangNonVoidInitializerImpl(NON_VOID_INITIALIZER)
                                    DLangAssignExpressionImpl(ASSIGN_EXPRESSION)
                                      DLangPostfixExpressionImpl(POSTFIX_EXPRESSION)
                                        DLangPrimaryExpressionImpl(PRIMARY_EXPRESSION)
                                          DLangArrayLiteralImpl(ARRAY_LITERAL)
                                            PsiElement(DLangTokenType.[)('[')
                                            DLangArgumentListImpl(ARGUMENT_LIST)
                                              DLangAssignExpressionImpl(ASSIGN_EXPRESSION)
                                                DLangPostfixExpressionImpl(POSTFIX_EXPRESSION)
                                                  DLangPrimaryExpressionImpl(PRIMARY_EXPRESSION)
                                                    PsiElement(DLangTokenType.INTEGER_LITERAL)('1')
                                              PsiElement(DLangTokenType.,)(',')
                                              DLangAssignExpressionImpl(ASSIGN_EXPRESSION)
                                                DLangPostfixExpressionImpl(POSTFIX_EXPRESSION)
                                                  DLangPrimaryExpressionImpl(PRIMARY_EXPRESSION)
                                                    PsiElement(DLangTokenType.INTEGER_LITERAL)('2')
                                              PsiElement(DLangTokenType.,)(',')
                                              DLangAssignExpressionImpl(ASSIGN_EXPRESSION)
                                                DLangPostfixExpressionImpl(POSTFIX_EXPRESSION)
                                                  DLangPrimaryExpressionImpl(PRIMARY_EXPRESSION)
                                                    PsiElement(DLangTokenType.INTEGER_LITERAL)('3')
                                            PsiElement(DLangTokenType.])(']')
                            PsiElement(DLangTokenType.;)(';')
                DLangStatementImpl(STATEMENT)
                  DLangNonEmptyStatementImpl(NON_EMPTY_STATEMENT)
                    DLangNonEmptyStatementNoCaseNoDefaultImpl(NON_EMPTY_STATEMENT_NO_CASE_NO_DEFAULT)
                      DLangDeclarationStatementImpl(DECLARATION_STATEMENT)
                        DLangStorageClassesImpl(STORAGE_CLASSES)
                          DLangStorageClassImpl(STORAGE_CLASS)
                            PsiElement(DLangTokenType.auto)('auto')
                        DLangDeclarationImpl(DECLARATION)
                          DLangVarDeclarationsImpl(VAR_DECLARATIONS)
                            DLangAutoDeclarationImpl(AUTO_DECLARATION)
                              DLangAutoDeclarationXImpl(AUTO_DECLARATION_X)
                                AUTO_DECLARATION_Y
                                  IDENTIFIER
                                    PsiElement(DLangTokenType.ID)('d')
                                  PsiElement(DLangTokenType.=)('=')
                                  DLangInitializerImpl(INITIALIZER)
                                    DLangNonVoidInitializerImpl(NON_VOID_INITIALIZER)
                                      DLangAssignExpressionImpl(ASSIGN_EXPRESSION)
                                        DLangCastExpressionImpl(CAST_EXPRESSION)
                                          PsiElement(DLangTokenType.cast)('cast')
                                          PsiElement(DLangTokenType.()('(')
                                          DLangTypeImpl(TYPE)
                                            DLangBasicTypeImpl(BASIC_TYPE)
                                              DLangBasicTypeXImpl(BASIC_TYPE_X)
                                                PsiElement(DLangTokenType.byte)('byte')
                                            DLangBasicType2Impl(BASIC_TYPE_2)
                                              DLangBasicType2XImpl(BASIC_TYPE_2_X)
                                                PsiElement(DLangTokenType.[)('[')
                                                PsiElement(DLangTokenType.])(']')
                                          PsiElement(DLangTokenType.))(')')
                                          DLangPostfixExpressionImpl(POSTFIX_EXPRESSION)
                                            DLangPrimaryExpressionImpl(PRIMARY_EXPRESSION)
                                              IDENTIFIER
                                                PsiElement(DLangTokenType.ID)('c')
                              PsiElement(DLangTokenType.;)(';')
                PsiComment(DLangTokenType.LINE_COMMENT)('// ok')
                PsiComment(DLangTokenType.LINE_COMMENT)('// prints:')
                PsiComment(DLangTokenType.LINE_COMMENT)('// [1, 0, 0, 0, 2, 0, 0, 0, 3, 0, 0, 0]')
                DLangStatementImpl(STATEMENT)
                  DLangNonEmptyStatementImpl(NON_EMPTY_STATEMENT)
                    DLangNonEmptyStatementNoCaseNoDefaultImpl(NON_EMPTY_STATEMENT_NO_CASE_NO_DEFAULT)
                      DLangDeclarationStatementImpl(DECLARATION_STATEMENT)
                        DLangDeclarationImpl(DECLARATION)
                          DLangVarDeclarationsImpl(VAR_DECLARATIONS)
                            DLangBasicTypeImpl(BASIC_TYPE)
                              DLangIdentifierListImpl(IDENTIFIER_LIST)
                                IDENTIFIER
                                  PsiElement(DLangTokenType.ID)('writeln')
                            DLangDeclaratorsImpl(DECLARATORS)
                              DECLARATOR_INITIALIZER
                                DLangAltDeclaratorImpl(ALT_DECLARATOR)
                                  PsiElement(DLangTokenType.()('(')
                                  DLangAltDeclaratorXImpl(ALT_DECLARATOR_X)
                                    IDENTIFIER
                                      PsiElement(DLangTokenType.ID)('d')
                                  PsiElement(DLangTokenType.))(')')
                            PsiElement(DLangTokenType.;)(';')
                DLangStatementImpl(STATEMENT)
                  DLangNonEmptyStatementImpl(NON_EMPTY_STATEMENT)
                    DLangNonEmptyStatementNoCaseNoDefaultImpl(NON_EMPTY_STATEMENT_NO_CASE_NO_DEFAULT)
                      DLangReturnStatementImpl(RETURN_STATEMENT)
                        PsiElement(DLangTokenType.return)('return')
                        DLangCommaExpressionImpl(COMMA_EXPRESSION)
                          DLangAssignExpressionImpl(ASSIGN_EXPRESSION)
                            DLangPostfixExpressionImpl(POSTFIX_EXPRESSION)
                              DLangPrimaryExpressionImpl(PRIMARY_EXPRESSION)
                                PsiElement(DLangTokenType.INTEGER_LITERAL)('0')
                        PsiElement(DLangTokenType.;)(';')
              PsiElement(DLangTokenType.})('}')
