D Language File
  DLangDeclDefsImpl(DECL_DEFS)
    DLangDeclDefImpl(DECL_DEF)
      DLangDeclarationImpl(DECLARATION)
        FUNC_DECLARATION
          DLangBasicTypeImpl(BASIC_TYPE)
            DLangBasicTypeXImpl(BASIC_TYPE_X)
              PsiElement(DLangTokenType.void)('void')
          IDENTIFIER
            PsiElement(DLangTokenType.ID)('foo')
          DLangFuncDeclaratorSuffixImpl(FUNC_DECLARATOR_SUFFIX)
            DLangParametersImpl(PARAMETERS)
              PsiElement(DLangTokenType.()('(')
              DLangParameterListImpl(PARAMETER_LIST)
                PARAMETER
                  DLangBasicTypeImpl(BASIC_TYPE)
                    DLangBasicTypeXImpl(BASIC_TYPE_X)
                      PsiElement(DLangTokenType.int)('int')
                  DLangDeclaratorImpl(DECLARATOR)
                    DLangVarDeclaratorImpl(VAR_DECLARATOR)
                      DLangBasicType2Impl(BASIC_TYPE_2)
                        DLangBasicType2XImpl(BASIC_TYPE_2_X)
                          PsiElement(DLangTokenType.[)('[')
                          DLangAssignExpressionImpl(ASSIGN_EXPRESSION)
                            DLangPostfixExpressionImpl(POSTFIX_EXPRESSION)
                              DLangPrimaryExpressionImpl(PRIMARY_EXPRESSION)
                                PsiElement(DLangTokenType.INTEGER_LITERAL)('2')
                          PsiElement(DLangTokenType.])(']')
                      IDENTIFIER
                        PsiElement(DLangTokenType.ID)('a')
              PsiElement(DLangTokenType.))(')')
          DLangFunctionBodyImpl(FUNCTION_BODY)
            DLangBlockStatementImpl(BLOCK_STATEMENT)
              PsiElement(DLangTokenType.{)('{')
              DLangStatementListImpl(STATEMENT_LIST)
                DLangStatementImpl(STATEMENT)
                  DLangNonEmptyStatementImpl(NON_EMPTY_STATEMENT)
                    DLangNonEmptyStatementNoCaseNoDefaultImpl(NON_EMPTY_STATEMENT_NO_CASE_NO_DEFAULT)
                      DLangExpressionStatementImpl(EXPRESSION_STATEMENT)
                        DLangCommaExpressionImpl(COMMA_EXPRESSION)
                          DLangAssignExpressionImpl(ASSIGN_EXPRESSION)
                            DLangPostfixExpressionImpl(POSTFIX_EXPRESSION)
                              DLangPrimaryExpressionImpl(PRIMARY_EXPRESSION)
                                DLangAssertExpressionImpl(ASSERT_EXPRESSION)
                                  PsiElement(DLangTokenType.assert)('assert')
                                  PsiElement(DLangTokenType.()('(')
                                  DLangAssignExpressionImpl(ASSIGN_EXPRESSION)
                                    DLangPostfixExpressionImpl(POSTFIX_EXPRESSION)
                                      DLangPrimaryExpressionImpl(PRIMARY_EXPRESSION)
                                        IDENTIFIER
                                          PsiElement(DLangTokenType.ID)('a')
                                    DLangEqualExpressionImpl(EQUAL_EXPRESSION)
                                      PsiElement(DLangTokenType.==)('==')
                                      DLangPostfixExpressionImpl(POSTFIX_EXPRESSION)
                                        DLangPrimaryExpressionImpl(PRIMARY_EXPRESSION)
                                          DLangArrayLiteralImpl(ARRAY_LITERAL)
                                            PsiElement(DLangTokenType.[)('[')
                                            DLangArgumentListImpl(ARGUMENT_LIST)
                                              DLangAssignExpressionImpl(ASSIGN_EXPRESSION)
                                                DLangPostfixExpressionImpl(POSTFIX_EXPRESSION)
                                                  DLangPrimaryExpressionImpl(PRIMARY_EXPRESSION)
                                                    PsiElement(DLangTokenType.INTEGER_LITERAL)('2')
                                              PsiElement(DLangTokenType.,)(',')
                                              DLangAssignExpressionImpl(ASSIGN_EXPRESSION)
                                                DLangPostfixExpressionImpl(POSTFIX_EXPRESSION)
                                                  DLangPrimaryExpressionImpl(PRIMARY_EXPRESSION)
                                                    PsiElement(DLangTokenType.INTEGER_LITERAL)('3')
                                            PsiElement(DLangTokenType.])(']')
                                  PsiElement(DLangTokenType.))(')')
                        PsiElement(DLangTokenType.;)(';')
              PsiElement(DLangTokenType.})('}')
    DLangDeclDefImpl(DECL_DEF)
      DLangDeclarationImpl(DECLARATION)
        FUNC_DECLARATION
          DLangBasicTypeImpl(BASIC_TYPE)
            DLangBasicTypeXImpl(BASIC_TYPE_X)
              PsiElement(DLangTokenType.void)('void')
          IDENTIFIER
            PsiElement(DLangTokenType.ID)('bar')
          DLangFuncDeclaratorSuffixImpl(FUNC_DECLARATOR_SUFFIX)
            DLangParametersImpl(PARAMETERS)
              PsiElement(DLangTokenType.()('(')
              DLangParameterListImpl(PARAMETER_LIST)
                PARAMETER
                  DLangInOutImpl(IN_OUT)
                    DLangInOutXImpl(IN_OUT_X)
                      PsiElement(DLangTokenType.ref)('ref')
                  DLangBasicTypeImpl(BASIC_TYPE)
                    DLangBasicTypeXImpl(BASIC_TYPE_X)
                      PsiElement(DLangTokenType.int)('int')
                  DLangDeclaratorImpl(DECLARATOR)
                    DLangVarDeclaratorImpl(VAR_DECLARATOR)
                      DLangBasicType2Impl(BASIC_TYPE_2)
                        DLangBasicType2XImpl(BASIC_TYPE_2_X)
                          PsiElement(DLangTokenType.[)('[')
                          DLangAssignExpressionImpl(ASSIGN_EXPRESSION)
                            DLangPostfixExpressionImpl(POSTFIX_EXPRESSION)
                              DLangPrimaryExpressionImpl(PRIMARY_EXPRESSION)
                                PsiElement(DLangTokenType.INTEGER_LITERAL)('2')
                          PsiElement(DLangTokenType.])(']')
                      IDENTIFIER
                        PsiElement(DLangTokenType.ID)('a')
              PsiElement(DLangTokenType.))(')')
          DLangFunctionBodyImpl(FUNCTION_BODY)
            DLangBlockStatementImpl(BLOCK_STATEMENT)
              PsiElement(DLangTokenType.{)('{')
              DLangStatementListImpl(STATEMENT_LIST)
                DLangStatementImpl(STATEMENT)
                  DLangNonEmptyStatementImpl(NON_EMPTY_STATEMENT)
                    DLangNonEmptyStatementNoCaseNoDefaultImpl(NON_EMPTY_STATEMENT_NO_CASE_NO_DEFAULT)
                      DLangExpressionStatementImpl(EXPRESSION_STATEMENT)
                        DLangCommaExpressionImpl(COMMA_EXPRESSION)
                          DLangAssignExpressionImpl(ASSIGN_EXPRESSION)
                            DLangPostfixExpressionImpl(POSTFIX_EXPRESSION)
                              DLangPrimaryExpressionImpl(PRIMARY_EXPRESSION)
                                DLangAssertExpressionImpl(ASSERT_EXPRESSION)
                                  PsiElement(DLangTokenType.assert)('assert')
                                  PsiElement(DLangTokenType.()('(')
                                  DLangAssignExpressionImpl(ASSIGN_EXPRESSION)
                                    DLangPostfixExpressionImpl(POSTFIX_EXPRESSION)
                                      DLangPrimaryExpressionImpl(PRIMARY_EXPRESSION)
                                        IDENTIFIER
                                          PsiElement(DLangTokenType.ID)('a')
                                    DLangEqualExpressionImpl(EQUAL_EXPRESSION)
                                      PsiElement(DLangTokenType.==)('==')
                                      DLangPostfixExpressionImpl(POSTFIX_EXPRESSION)
                                        DLangPrimaryExpressionImpl(PRIMARY_EXPRESSION)
                                          DLangArrayLiteralImpl(ARRAY_LITERAL)
                                            PsiElement(DLangTokenType.[)('[')
                                            DLangArgumentListImpl(ARGUMENT_LIST)
                                              DLangAssignExpressionImpl(ASSIGN_EXPRESSION)
                                                DLangPostfixExpressionImpl(POSTFIX_EXPRESSION)
                                                  DLangPrimaryExpressionImpl(PRIMARY_EXPRESSION)
                                                    PsiElement(DLangTokenType.INTEGER_LITERAL)('2')
                                              PsiElement(DLangTokenType.,)(',')
                                              DLangAssignExpressionImpl(ASSIGN_EXPRESSION)
                                                DLangPostfixExpressionImpl(POSTFIX_EXPRESSION)
                                                  DLangPrimaryExpressionImpl(PRIMARY_EXPRESSION)
                                                    PsiElement(DLangTokenType.INTEGER_LITERAL)('3')
                                            PsiElement(DLangTokenType.])(']')
                                  PsiElement(DLangTokenType.))(')')
                        PsiElement(DLangTokenType.;)(';')
                DLangStatementImpl(STATEMENT)
                  DLangNonEmptyStatementImpl(NON_EMPTY_STATEMENT)
                    DLangNonEmptyStatementNoCaseNoDefaultImpl(NON_EMPTY_STATEMENT_NO_CASE_NO_DEFAULT)
                      DLangExpressionStatementImpl(EXPRESSION_STATEMENT)
                        DLangCommaExpressionImpl(COMMA_EXPRESSION)
                          DLangAssignExpressionImpl(ASSIGN_EXPRESSION)
                            DLangPostfixExpressionImpl(POSTFIX_EXPRESSION)
                              DLangPrimaryExpressionImpl(PRIMARY_EXPRESSION)
                                IDENTIFIER
                                  PsiElement(DLangTokenType.ID)('a')
                            DLangPostfixExpressionImpl(POSTFIX_EXPRESSION)
                              DLangPrimaryExpressionImpl(PRIMARY_EXPRESSION)
                                DLangArrayLiteralImpl(ARRAY_LITERAL)
                                  PsiElement(DLangTokenType.[)('[')
                                  DLangArgumentListImpl(ARGUMENT_LIST)
                                    DLangAssignExpressionImpl(ASSIGN_EXPRESSION)
                                      DLangPostfixExpressionImpl(POSTFIX_EXPRESSION)
                                        DLangPrimaryExpressionImpl(PRIMARY_EXPRESSION)
                                          PsiElement(DLangTokenType.INTEGER_LITERAL)('0')
                                  PsiElement(DLangTokenType.])(']')
                            PsiElement(DLangTokenType.=)('=')
                            DLangAssignExpressionImpl(ASSIGN_EXPRESSION)
                              DLangPostfixExpressionImpl(POSTFIX_EXPRESSION)
                                DLangPrimaryExpressionImpl(PRIMARY_EXPRESSION)
                                  PsiElement(DLangTokenType.INTEGER_LITERAL)('4')
                        PsiElement(DLangTokenType.;)(';')
                DLangStatementImpl(STATEMENT)
                  DLangNonEmptyStatementImpl(NON_EMPTY_STATEMENT)
                    DLangNonEmptyStatementNoCaseNoDefaultImpl(NON_EMPTY_STATEMENT_NO_CASE_NO_DEFAULT)
                      DLangExpressionStatementImpl(EXPRESSION_STATEMENT)
                        DLangCommaExpressionImpl(COMMA_EXPRESSION)
                          DLangAssignExpressionImpl(ASSIGN_EXPRESSION)
                            DLangPostfixExpressionImpl(POSTFIX_EXPRESSION)
                              DLangPrimaryExpressionImpl(PRIMARY_EXPRESSION)
                                IDENTIFIER
                                  PsiElement(DLangTokenType.ID)('a')
                            DLangPostfixExpressionImpl(POSTFIX_EXPRESSION)
                              DLangPrimaryExpressionImpl(PRIMARY_EXPRESSION)
                                DLangArrayLiteralImpl(ARRAY_LITERAL)
                                  PsiElement(DLangTokenType.[)('[')
                                  DLangArgumentListImpl(ARGUMENT_LIST)
                                    DLangAssignExpressionImpl(ASSIGN_EXPRESSION)
                                      DLangPostfixExpressionImpl(POSTFIX_EXPRESSION)
                                        DLangPrimaryExpressionImpl(PRIMARY_EXPRESSION)
                                          PsiElement(DLangTokenType.INTEGER_LITERAL)('1')
                                  PsiElement(DLangTokenType.])(']')
                            PsiElement(DLangTokenType.=)('=')
                            DLangAssignExpressionImpl(ASSIGN_EXPRESSION)
                              DLangPostfixExpressionImpl(POSTFIX_EXPRESSION)
                                DLangPrimaryExpressionImpl(PRIMARY_EXPRESSION)
                                  PsiElement(DLangTokenType.INTEGER_LITERAL)('5')
                        PsiElement(DLangTokenType.;)(';')
                DLangStatementImpl(STATEMENT)
                  DLangNonEmptyStatementImpl(NON_EMPTY_STATEMENT)
                    DLangNonEmptyStatementNoCaseNoDefaultImpl(NON_EMPTY_STATEMENT_NO_CASE_NO_DEFAULT)
                      DLangExpressionStatementImpl(EXPRESSION_STATEMENT)
                        DLangCommaExpressionImpl(COMMA_EXPRESSION)
                          DLangAssignExpressionImpl(ASSIGN_EXPRESSION)
                            DLangPostfixExpressionImpl(POSTFIX_EXPRESSION)
                              DLangPrimaryExpressionImpl(PRIMARY_EXPRESSION)
                                DLangAssertExpressionImpl(ASSERT_EXPRESSION)
                                  PsiElement(DLangTokenType.assert)('assert')
                                  PsiElement(DLangTokenType.()('(')
                                  DLangAssignExpressionImpl(ASSIGN_EXPRESSION)
                                    DLangPostfixExpressionImpl(POSTFIX_EXPRESSION)
                                      DLangPrimaryExpressionImpl(PRIMARY_EXPRESSION)
                                        IDENTIFIER
                                          PsiElement(DLangTokenType.ID)('a')
                                    DLangEqualExpressionImpl(EQUAL_EXPRESSION)
                                      PsiElement(DLangTokenType.==)('==')
                                      DLangPostfixExpressionImpl(POSTFIX_EXPRESSION)
                                        DLangPrimaryExpressionImpl(PRIMARY_EXPRESSION)
                                          DLangArrayLiteralImpl(ARRAY_LITERAL)
                                            PsiElement(DLangTokenType.[)('[')
                                            DLangArgumentListImpl(ARGUMENT_LIST)
                                              DLangAssignExpressionImpl(ASSIGN_EXPRESSION)
                                                DLangPostfixExpressionImpl(POSTFIX_EXPRESSION)
                                                  DLangPrimaryExpressionImpl(PRIMARY_EXPRESSION)
                                                    PsiElement(DLangTokenType.INTEGER_LITERAL)('4')
                                              PsiElement(DLangTokenType.,)(',')
                                              DLangAssignExpressionImpl(ASSIGN_EXPRESSION)
                                                DLangPostfixExpressionImpl(POSTFIX_EXPRESSION)
                                                  DLangPrimaryExpressionImpl(PRIMARY_EXPRESSION)
                                                    PsiElement(DLangTokenType.INTEGER_LITERAL)('5')
                                            PsiElement(DLangTokenType.])(']')
                                  PsiElement(DLangTokenType.))(')')
                        PsiElement(DLangTokenType.;)(';')
              PsiElement(DLangTokenType.})('}')
    DLangDeclDefImpl(DECL_DEF)
      DLangDeclarationImpl(DECLARATION)
        FUNC_DECLARATION
          DLangBasicTypeImpl(BASIC_TYPE)
            DLangBasicTypeXImpl(BASIC_TYPE_X)
              PsiElement(DLangTokenType.void)('void')
          IDENTIFIER
            PsiElement(DLangTokenType.ID)('baz')
          DLangFuncDeclaratorSuffixImpl(FUNC_DECLARATOR_SUFFIX)
            DLangParametersImpl(PARAMETERS)
              PsiElement(DLangTokenType.()('(')
              DLangParameterListImpl(PARAMETER_LIST)
                PARAMETER
                  DLangBasicTypeImpl(BASIC_TYPE)
                    DLangBasicTypeXImpl(BASIC_TYPE_X)
                      PsiElement(DLangTokenType.int)('int')
                  DLangDeclaratorImpl(DECLARATOR)
                    DLangVarDeclaratorImpl(VAR_DECLARATOR)
                      DLangBasicType2Impl(BASIC_TYPE_2)
                        DLangBasicType2XImpl(BASIC_TYPE_2_X)
                          PsiElement(DLangTokenType.[)('[')
                          DLangAssignExpressionImpl(ASSIGN_EXPRESSION)
                            DLangPostfixExpressionImpl(POSTFIX_EXPRESSION)
                              DLangPrimaryExpressionImpl(PRIMARY_EXPRESSION)
                                PsiElement(DLangTokenType.INTEGER_LITERAL)('3')
                          PsiElement(DLangTokenType.])(']')
                      IDENTIFIER
                        PsiElement(DLangTokenType.ID)('a')
              PsiElement(DLangTokenType.))(')')
          DLangFunctionBodyImpl(FUNCTION_BODY)
            DLangBlockStatementImpl(BLOCK_STATEMENT)
              PsiElement(DLangTokenType.{)('{')
              PsiElement(DLangTokenType.})('}')
    DLangDeclDefImpl(DECL_DEF)
      DLangDeclarationImpl(DECLARATION)
        FUNC_DECLARATION
          DLangBasicTypeImpl(BASIC_TYPE)
            DLangBasicTypeXImpl(BASIC_TYPE_X)
              PsiElement(DLangTokenType.void)('void')
          IDENTIFIER
            PsiElement(DLangTokenType.ID)('main')
          DLangFuncDeclaratorSuffixImpl(FUNC_DECLARATOR_SUFFIX)
            DLangParametersImpl(PARAMETERS)
              PsiElement(DLangTokenType.()('(')
              PsiElement(DLangTokenType.))(')')
          DLangFunctionBodyImpl(FUNCTION_BODY)
            DLangBlockStatementImpl(BLOCK_STATEMENT)
              PsiElement(DLangTokenType.{)('{')
              DLangStatementListImpl(STATEMENT_LIST)
                DLangStatementImpl(STATEMENT)
                  DLangNonEmptyStatementImpl(NON_EMPTY_STATEMENT)
                    DLangNonEmptyStatementNoCaseNoDefaultImpl(NON_EMPTY_STATEMENT_NO_CASE_NO_DEFAULT)
                      DLangDeclarationStatementImpl(DECLARATION_STATEMENT)
                        DLangDeclarationImpl(DECLARATION)
                          DLangVarDeclarationsImpl(VAR_DECLARATIONS)
                            DLangBasicTypeImpl(BASIC_TYPE)
                              DLangBasicTypeXImpl(BASIC_TYPE_X)
                                PsiElement(DLangTokenType.int)('int')
                            DLangDeclaratorsImpl(DECLARATORS)
                              DECLARATOR_INITIALIZER
                                DLangVarDeclaratorImpl(VAR_DECLARATOR)
                                  DLangBasicType2Impl(BASIC_TYPE_2)
                                    DLangBasicType2XImpl(BASIC_TYPE_2_X)
                                      PsiElement(DLangTokenType.[)('[')
                                      PsiElement(DLangTokenType.])(']')
                                  IDENTIFIER
                                    PsiElement(DLangTokenType.ID)('arr')
                                PsiElement(DLangTokenType.=)('=')
                                DLangInitializerImpl(INITIALIZER)
                                  DLangNonVoidInitializerImpl(NON_VOID_INITIALIZER)
                                    DLangAssignExpressionImpl(ASSIGN_EXPRESSION)
                                      DLangPostfixExpressionImpl(POSTFIX_EXPRESSION)
                                        DLangPrimaryExpressionImpl(PRIMARY_EXPRESSION)
                                          DLangArrayLiteralImpl(ARRAY_LITERAL)
                                            PsiElement(DLangTokenType.[)('[')
                                            DLangArgumentListImpl(ARGUMENT_LIST)
                                              DLangAssignExpressionImpl(ASSIGN_EXPRESSION)
                                                DLangPostfixExpressionImpl(POSTFIX_EXPRESSION)
                                                  DLangPrimaryExpressionImpl(PRIMARY_EXPRESSION)
                                                    PsiElement(DLangTokenType.INTEGER_LITERAL)('1')
                                              PsiElement(DLangTokenType.,)(',')
                                              DLangAssignExpressionImpl(ASSIGN_EXPRESSION)
                                                DLangPostfixExpressionImpl(POSTFIX_EXPRESSION)
                                                  DLangPrimaryExpressionImpl(PRIMARY_EXPRESSION)
                                                    PsiElement(DLangTokenType.INTEGER_LITERAL)('2')
                                              PsiElement(DLangTokenType.,)(',')
                                              DLangAssignExpressionImpl(ASSIGN_EXPRESSION)
                                                DLangPostfixExpressionImpl(POSTFIX_EXPRESSION)
                                                  DLangPrimaryExpressionImpl(PRIMARY_EXPRESSION)
                                                    PsiElement(DLangTokenType.INTEGER_LITERAL)('3')
                                            PsiElement(DLangTokenType.])(']')
                            PsiElement(DLangTokenType.;)(';')
                DLangStatementImpl(STATEMENT)
                  DLangNonEmptyStatementImpl(NON_EMPTY_STATEMENT)
                    DLangNonEmptyStatementNoCaseNoDefaultImpl(NON_EMPTY_STATEMENT_NO_CASE_NO_DEFAULT)
                      DLangExpressionStatementImpl(EXPRESSION_STATEMENT)
                        DLangCommaExpressionImpl(COMMA_EXPRESSION)
                          DLangAssignExpressionImpl(ASSIGN_EXPRESSION)
                            DLangPostfixExpressionImpl(POSTFIX_EXPRESSION)
                              DLangPrimaryExpressionImpl(PRIMARY_EXPRESSION)
                                IDENTIFIER
                                  PsiElement(DLangTokenType.ID)('foo')
                            DLangPostfixExpressionImpl(POSTFIX_EXPRESSION)
                              DLangPrimaryExpressionImpl(PRIMARY_EXPRESSION)
                                DLangTypeImpl(TYPE)
                                  DLangBasicTypeImpl(BASIC_TYPE)
                                    PsiElement(DLangTokenType.()('(')
                                    DLangTypeImpl(TYPE)
                                      DLangBasicTypeImpl(BASIC_TYPE)
                                        DLangIdentifierListImpl(IDENTIFIER_LIST)
                                          IDENTIFIER
                                            PsiElement(DLangTokenType.ID)('arr')
                                      DLangBasicType2Impl(BASIC_TYPE_2)
                                        DLangBasicType2XImpl(BASIC_TYPE_2_X)
                                          PsiElement(DLangTokenType.[)('[')
                                          DLangAssignExpressionImpl(ASSIGN_EXPRESSION)
                                            DLangPostfixExpressionImpl(POSTFIX_EXPRESSION)
                                              DLangPrimaryExpressionImpl(PRIMARY_EXPRESSION)
                                                PsiElement(DLangTokenType.INTEGER_LITERAL)('1')
                                          PsiElement(DLangTokenType...)('..')
                                          DLangAssignExpressionImpl(ASSIGN_EXPRESSION)
                                            DLangPostfixExpressionImpl(POSTFIX_EXPRESSION)
                                              DLangPrimaryExpressionImpl(PRIMARY_EXPRESSION)
                                                PsiElement(DLangTokenType.INTEGER_LITERAL)('3')
                                          PsiElement(DLangTokenType.])(']')
                                    PsiElement(DLangTokenType.))(')')
                        PsiElement(DLangTokenType.;)(';')
                DLangStatementImpl(STATEMENT)
                  DLangNonEmptyStatementImpl(NON_EMPTY_STATEMENT)
                    DLangNonEmptyStatementNoCaseNoDefaultImpl(NON_EMPTY_STATEMENT_NO_CASE_NO_DEFAULT)
                      DLangExpressionStatementImpl(EXPRESSION_STATEMENT)
                        DLangCommaExpressionImpl(COMMA_EXPRESSION)
                          DLangAssignExpressionImpl(ASSIGN_EXPRESSION)
                            DLangPostfixExpressionImpl(POSTFIX_EXPRESSION)
                              DLangPrimaryExpressionImpl(PRIMARY_EXPRESSION)
                                DLangAssertExpressionImpl(ASSERT_EXPRESSION)
                                  PsiElement(DLangTokenType.assert)('assert')
                                  PsiElement(DLangTokenType.()('(')
                                  DLangAssignExpressionImpl(ASSIGN_EXPRESSION)
                                    DLangPostfixExpressionImpl(POSTFIX_EXPRESSION)
                                      DLangPrimaryExpressionImpl(PRIMARY_EXPRESSION)
                                        IDENTIFIER
                                          PsiElement(DLangTokenType.ID)('arr')
                                    DLangEqualExpressionImpl(EQUAL_EXPRESSION)
                                      PsiElement(DLangTokenType.==)('==')
                                      DLangPostfixExpressionImpl(POSTFIX_EXPRESSION)
                                        DLangPrimaryExpressionImpl(PRIMARY_EXPRESSION)
                                          DLangArrayLiteralImpl(ARRAY_LITERAL)
                                            PsiElement(DLangTokenType.[)('[')
                                            DLangArgumentListImpl(ARGUMENT_LIST)
                                              DLangAssignExpressionImpl(ASSIGN_EXPRESSION)
                                                DLangPostfixExpressionImpl(POSTFIX_EXPRESSION)
                                                  DLangPrimaryExpressionImpl(PRIMARY_EXPRESSION)
                                                    PsiElement(DLangTokenType.INTEGER_LITERAL)('1')
                                              PsiElement(DLangTokenType.,)(',')
                                              DLangAssignExpressionImpl(ASSIGN_EXPRESSION)
                                                DLangPostfixExpressionImpl(POSTFIX_EXPRESSION)
                                                  DLangPrimaryExpressionImpl(PRIMARY_EXPRESSION)
                                                    PsiElement(DLangTokenType.INTEGER_LITERAL)('2')
                                              PsiElement(DLangTokenType.,)(',')
                                              DLangAssignExpressionImpl(ASSIGN_EXPRESSION)
                                                DLangPostfixExpressionImpl(POSTFIX_EXPRESSION)
                                                  DLangPrimaryExpressionImpl(PRIMARY_EXPRESSION)
                                                    PsiElement(DLangTokenType.INTEGER_LITERAL)('3')
                                            PsiElement(DLangTokenType.])(']')
                                  PsiElement(DLangTokenType.))(')')
                        PsiElement(DLangTokenType.;)(';')
                DLangStatementImpl(STATEMENT)
                  DLangNonEmptyStatementImpl(NON_EMPTY_STATEMENT)
                    DLangNonEmptyStatementNoCaseNoDefaultImpl(NON_EMPTY_STATEMENT_NO_CASE_NO_DEFAULT)
                      DLangExpressionStatementImpl(EXPRESSION_STATEMENT)
                        DLangCommaExpressionImpl(COMMA_EXPRESSION)
                          DLangAssignExpressionImpl(ASSIGN_EXPRESSION)
                            DLangPostfixExpressionImpl(POSTFIX_EXPRESSION)
                              DLangPrimaryExpressionImpl(PRIMARY_EXPRESSION)
                                IDENTIFIER
                                  PsiElement(DLangTokenType.ID)('bar')
                            DLangPostfixExpressionImpl(POSTFIX_EXPRESSION)
                              DLangPrimaryExpressionImpl(PRIMARY_EXPRESSION)
                                DLangTypeImpl(TYPE)
                                  DLangBasicTypeImpl(BASIC_TYPE)
                                    PsiElement(DLangTokenType.()('(')
                                    DLangTypeImpl(TYPE)
                                      DLangBasicTypeImpl(BASIC_TYPE)
                                        DLangIdentifierListImpl(IDENTIFIER_LIST)
                                          IDENTIFIER
                                            PsiElement(DLangTokenType.ID)('arr')
                                      DLangBasicType2Impl(BASIC_TYPE_2)
                                        DLangBasicType2XImpl(BASIC_TYPE_2_X)
                                          PsiElement(DLangTokenType.[)('[')
                                          DLangAssignExpressionImpl(ASSIGN_EXPRESSION)
                                            DLangPostfixExpressionImpl(POSTFIX_EXPRESSION)
                                              DLangPrimaryExpressionImpl(PRIMARY_EXPRESSION)
                                                PsiElement(DLangTokenType.INTEGER_LITERAL)('1')
                                          PsiElement(DLangTokenType...)('..')
                                          DLangAssignExpressionImpl(ASSIGN_EXPRESSION)
                                            DLangPostfixExpressionImpl(POSTFIX_EXPRESSION)
                                              DLangPrimaryExpressionImpl(PRIMARY_EXPRESSION)
                                                PsiElement(DLangTokenType.INTEGER_LITERAL)('3')
                                          PsiElement(DLangTokenType.])(']')
                                    PsiElement(DLangTokenType.))(')')
                        PsiElement(DLangTokenType.;)(';')
                DLangStatementImpl(STATEMENT)
                  DLangNonEmptyStatementImpl(NON_EMPTY_STATEMENT)
                    DLangNonEmptyStatementNoCaseNoDefaultImpl(NON_EMPTY_STATEMENT_NO_CASE_NO_DEFAULT)
                      DLangExpressionStatementImpl(EXPRESSION_STATEMENT)
                        DLangCommaExpressionImpl(COMMA_EXPRESSION)
                          DLangAssignExpressionImpl(ASSIGN_EXPRESSION)
                            DLangPostfixExpressionImpl(POSTFIX_EXPRESSION)
                              DLangPrimaryExpressionImpl(PRIMARY_EXPRESSION)
                                DLangAssertExpressionImpl(ASSERT_EXPRESSION)
                                  PsiElement(DLangTokenType.assert)('assert')
                                  PsiElement(DLangTokenType.()('(')
                                  DLangAssignExpressionImpl(ASSIGN_EXPRESSION)
                                    DLangPostfixExpressionImpl(POSTFIX_EXPRESSION)
                                      DLangPrimaryExpressionImpl(PRIMARY_EXPRESSION)
                                        IDENTIFIER
                                          PsiElement(DLangTokenType.ID)('arr')
                                    DLangEqualExpressionImpl(EQUAL_EXPRESSION)
                                      PsiElement(DLangTokenType.==)('==')
                                      DLangPostfixExpressionImpl(POSTFIX_EXPRESSION)
                                        DLangPrimaryExpressionImpl(PRIMARY_EXPRESSION)
                                          DLangArrayLiteralImpl(ARRAY_LITERAL)
                                            PsiElement(DLangTokenType.[)('[')
                                            DLangArgumentListImpl(ARGUMENT_LIST)
                                              DLangAssignExpressionImpl(ASSIGN_EXPRESSION)
                                                DLangPostfixExpressionImpl(POSTFIX_EXPRESSION)
                                                  DLangPrimaryExpressionImpl(PRIMARY_EXPRESSION)
                                                    PsiElement(DLangTokenType.INTEGER_LITERAL)('1')
                                              PsiElement(DLangTokenType.,)(',')
                                              DLangAssignExpressionImpl(ASSIGN_EXPRESSION)
                                                DLangPostfixExpressionImpl(POSTFIX_EXPRESSION)
                                                  DLangPrimaryExpressionImpl(PRIMARY_EXPRESSION)
                                                    PsiElement(DLangTokenType.INTEGER_LITERAL)('4')
                                              PsiElement(DLangTokenType.,)(',')
                                              DLangAssignExpressionImpl(ASSIGN_EXPRESSION)
                                                DLangPostfixExpressionImpl(POSTFIX_EXPRESSION)
                                                  DLangPrimaryExpressionImpl(PRIMARY_EXPRESSION)
                                                    PsiElement(DLangTokenType.INTEGER_LITERAL)('5')
                                            PsiElement(DLangTokenType.])(']')
                                  PsiElement(DLangTokenType.))(')')
                        PsiElement(DLangTokenType.;)(';')
              PsiComment(DLangTokenType.LINE_COMMENT)('//baz(arr[1 .. 3]); // cannot match length')
              PsiElement(DLangTokenType.})('}')