D Language File
  DLangDeclDefsImpl(DECL_DEFS)
    DLangDeclDefImpl(DECL_DEF)
      DLangAttributeSpecifierImpl(ATTRIBUTE_SPECIFIER)
        DLangAttributeImpl(ATTRIBUTE)
          DLangLinkageAttributeImpl(LINKAGE_ATTRIBUTE)
            PsiElement(DLangTokenType.extern)('extern')
            PsiElement(DLangTokenType.()('(')
            DLangLinkageTypeImpl(LINKAGE_TYPE)
              PsiElement(DLangTokenType.ID)('C')
            PsiElement(DLangTokenType.))(')')
        DLangDeclarationBlockImpl(DECLARATION_BLOCK)
          DLangDeclDefImpl(DECL_DEF)
            DLangDeclarationImpl(DECLARATION)
              FUNC_DECLARATION
                DLangBasicTypeImpl(BASIC_TYPE)
                  DLangBasicTypeXImpl(BASIC_TYPE_X)
                    PsiElement(DLangTokenType.void)('void')
                IDENTIFIER
                  PsiElement(DLangTokenType.ID)('foo')
                DLangFuncDeclaratorSuffixImpl(FUNC_DECLARATOR_SUFFIX)
                  DLangParametersImpl(PARAMETERS)
                    PsiElement(DLangTokenType.()('(')
                    DLangParameterListImpl(PARAMETER_LIST)
                      PARAMETER
                        DLangBasicTypeImpl(BASIC_TYPE)
                          DLangBasicTypeXImpl(BASIC_TYPE_X)
                            PsiElement(DLangTokenType.int)('int')
                        DLangDeclaratorImpl(DECLARATOR)
                          DLangVarDeclaratorImpl(VAR_DECLARATOR)
                            IDENTIFIER
                              PsiElement(DLangTokenType.ID)('x')
                      PsiElement(DLangTokenType.,)(',')
                      PARAMETER
                        DLangBasicTypeImpl(BASIC_TYPE)
                          DLangBasicTypeXImpl(BASIC_TYPE_X)
                            PsiElement(DLangTokenType.int)('int')
                        DLangDeclaratorImpl(DECLARATOR)
                          DLangVarDeclaratorImpl(VAR_DECLARATOR)
                            IDENTIFIER
                              PsiElement(DLangTokenType.ID)('y')
                      PsiElement(DLangTokenType.,)(',')
                      PsiElement(DLangTokenType....)('...')
                    PsiElement(DLangTokenType.))(')')
                PsiElement(DLangTokenType.;)(';')
  DLangStatementImpl(STATEMENT)
    DLangNonEmptyStatementImpl(NON_EMPTY_STATEMENT)
      DLangNonEmptyStatementNoCaseNoDefaultImpl(NON_EMPTY_STATEMENT_NO_CASE_NO_DEFAULT)
        DLangExpressionStatementImpl(EXPRESSION_STATEMENT)
          DLangCommaExpressionImpl(COMMA_EXPRESSION)
            DLangAssignExpressionImpl(ASSIGN_EXPRESSION)
              DLangPostfixExpressionImpl(POSTFIX_EXPRESSION)
                DLangPrimaryExpressionImpl(PRIMARY_EXPRESSION)
                  IDENTIFIER
                    PsiElement(DLangTokenType.ID)('foo')
              DLangPostfixExpressionImpl(POSTFIX_EXPRESSION)
                DLangPrimaryExpressionImpl(PRIMARY_EXPRESSION)
                  PsiElement(DLangTokenType.()('(')
                  DLangCommaExpressionImpl(COMMA_EXPRESSION)
                    DLangAssignExpressionImpl(ASSIGN_EXPRESSION)
                      DLangPostfixExpressionImpl(POSTFIX_EXPRESSION)
                        DLangPrimaryExpressionImpl(PRIMARY_EXPRESSION)
                          PsiElement(DLangTokenType.INTEGER_LITERAL)('3')
                    PsiElement(DLangTokenType.,)(',')
                    DLangAssignExpressionImpl(ASSIGN_EXPRESSION)
                      DLangPostfixExpressionImpl(POSTFIX_EXPRESSION)
                        DLangPrimaryExpressionImpl(PRIMARY_EXPRESSION)
                          PsiElement(DLangTokenType.INTEGER_LITERAL)('4')
                  PsiElement(DLangTokenType.))(')')
          PsiElement(DLangTokenType.;)(';')
  PsiComment(DLangTokenType.LINE_COMMENT)('// ok')
  DLangStatementImpl(STATEMENT)
    DLangNonEmptyStatementImpl(NON_EMPTY_STATEMENT)
      DLangNonEmptyStatementNoCaseNoDefaultImpl(NON_EMPTY_STATEMENT_NO_CASE_NO_DEFAULT)
        DLangExpressionStatementImpl(EXPRESSION_STATEMENT)
          DLangCommaExpressionImpl(COMMA_EXPRESSION)
            DLangAssignExpressionImpl(ASSIGN_EXPRESSION)
              DLangPostfixExpressionImpl(POSTFIX_EXPRESSION)
                DLangPrimaryExpressionImpl(PRIMARY_EXPRESSION)
                  IDENTIFIER
                    PsiElement(DLangTokenType.ID)('foo')
              DLangPostfixExpressionImpl(POSTFIX_EXPRESSION)
                DLangPrimaryExpressionImpl(PRIMARY_EXPRESSION)
                  PsiElement(DLangTokenType.()('(')
                  DLangCommaExpressionImpl(COMMA_EXPRESSION)
                    DLangAssignExpressionImpl(ASSIGN_EXPRESSION)
                      DLangPostfixExpressionImpl(POSTFIX_EXPRESSION)
                        DLangPrimaryExpressionImpl(PRIMARY_EXPRESSION)
                          PsiElement(DLangTokenType.INTEGER_LITERAL)('3')
                    PsiElement(DLangTokenType.,)(',')
                    DLangAssignExpressionImpl(ASSIGN_EXPRESSION)
                      DLangPostfixExpressionImpl(POSTFIX_EXPRESSION)
                        DLangPrimaryExpressionImpl(PRIMARY_EXPRESSION)
                          PsiElement(DLangTokenType.INTEGER_LITERAL)('4')
                    PsiElement(DLangTokenType.,)(',')
                    DLangAssignExpressionImpl(ASSIGN_EXPRESSION)
                      DLangPostfixExpressionImpl(POSTFIX_EXPRESSION)
                        DLangPrimaryExpressionImpl(PRIMARY_EXPRESSION)
                          PsiElement(DLangTokenType.FLOAT_LITERAL)('6.8')
                  PsiElement(DLangTokenType.))(')')
          PsiElement(DLangTokenType.;)(';')
  PsiComment(DLangTokenType.LINE_COMMENT)('// ok, one variadic argument')
  DLangStatementImpl(STATEMENT)
    DLangNonEmptyStatementImpl(NON_EMPTY_STATEMENT)
      DLangNonEmptyStatementNoCaseNoDefaultImpl(NON_EMPTY_STATEMENT_NO_CASE_NO_DEFAULT)
        DLangExpressionStatementImpl(EXPRESSION_STATEMENT)
          DLangCommaExpressionImpl(COMMA_EXPRESSION)
            DLangAssignExpressionImpl(ASSIGN_EXPRESSION)
              DLangPostfixExpressionImpl(POSTFIX_EXPRESSION)
                DLangPrimaryExpressionImpl(PRIMARY_EXPRESSION)
                  IDENTIFIER
                    PsiElement(DLangTokenType.ID)('foo')
              DLangPostfixExpressionImpl(POSTFIX_EXPRESSION)
                DLangPrimaryExpressionImpl(PRIMARY_EXPRESSION)
                  PsiElement(DLangTokenType.()('(')
                  DLangCommaExpressionImpl(COMMA_EXPRESSION)
                    DLangAssignExpressionImpl(ASSIGN_EXPRESSION)
                      DLangPostfixExpressionImpl(POSTFIX_EXPRESSION)
                        DLangPrimaryExpressionImpl(PRIMARY_EXPRESSION)
                          PsiElement(DLangTokenType.INTEGER_LITERAL)('2')
                  PsiElement(DLangTokenType.))(')')
          PsiElement(DLangTokenType.;)(';')
  PsiComment(DLangTokenType.LINE_COMMENT)('// error, y is a required argument')
  DLangDeclDefsImpl(DECL_DEFS)
    DLangDeclDefImpl(DECL_DEF)
      DLangAttributeSpecifierImpl(ATTRIBUTE_SPECIFIER)
        DLangAttributeImpl(ATTRIBUTE)
          DLangLinkageAttributeImpl(LINKAGE_ATTRIBUTE)
            PsiElement(DLangTokenType.extern)('extern')
            PsiElement(DLangTokenType.()('(')
            DLangLinkageTypeImpl(LINKAGE_TYPE)
              PsiElement(DLangTokenType.ID)('C')
            PsiElement(DLangTokenType.))(')')
        DLangDeclarationBlockImpl(DECLARATION_BLOCK)
          DLangDeclDefImpl(DECL_DEF)
            DLangDeclarationImpl(DECLARATION)
              FUNC_DECLARATION
                DLangBasicTypeImpl(BASIC_TYPE)
                  DLangBasicTypeXImpl(BASIC_TYPE_X)
                    PsiElement(DLangTokenType.int)('int')
                IDENTIFIER
                  PsiElement(DLangTokenType.ID)('def')
                DLangFuncDeclaratorSuffixImpl(FUNC_DECLARATOR_SUFFIX)
                  DLangParametersImpl(PARAMETERS)
                    PsiElement(DLangTokenType.()('(')
                    DLangParameterListImpl(PARAMETER_LIST)
                      PsiElement(DLangTokenType....)('...')
                    PsiElement(DLangTokenType.))(')')
                PsiElement(DLangTokenType.;)(';')
    PsiComment(DLangTokenType.LINE_COMMENT)('// error, must have at least one parameter')
    DLangDeclDefImpl(DECL_DEF)
      DLangDeclarationImpl(DECLARATION)
        DLangImportDeclarationImpl(IMPORT_DECLARATION)
          PsiElement(DLangTokenType.import)('import')
          DLangImportListImpl(IMPORT_LIST)
            IMPORT
              DLangModuleFullyQualifiedNameImpl(MODULE_FULLY_QUALIFIED_NAME)
                IDENTIFIER
                  PsiElement(DLangTokenType.ID)('core')
                PsiElement(DLangTokenType..)('.')
                DLangModuleFullyQualifiedNameImpl(MODULE_FULLY_QUALIFIED_NAME)
                  IDENTIFIER
                    PsiElement(DLangTokenType.ID)('stdc')
                  PsiElement(DLangTokenType..)('.')
                  DLangModuleFullyQualifiedNameImpl(MODULE_FULLY_QUALIFIED_NAME)
                    IDENTIFIER
                      PsiElement(DLangTokenType.ID)('stdarg')
          PsiElement(DLangTokenType.;)(';')
    DLangDeclDefImpl(DECL_DEF)
      DLangDeclarationImpl(DECLARATION)
        FUNC_DECLARATION
          DLangBasicTypeImpl(BASIC_TYPE)
            DLangBasicTypeXImpl(BASIC_TYPE_X)
              PsiElement(DLangTokenType.void)('void')
          IDENTIFIER
            PsiElement(DLangTokenType.ID)('test')
          DLangFuncDeclaratorSuffixImpl(FUNC_DECLARATOR_SUFFIX)
            DLangParametersImpl(PARAMETERS)
              PsiElement(DLangTokenType.()('(')
              PsiElement(DLangTokenType.))(')')
          DLangFunctionBodyImpl(FUNCTION_BODY)
            DLangBlockStatementImpl(BLOCK_STATEMENT)
              PsiElement(DLangTokenType.{)('{')
              DLangStatementListImpl(STATEMENT_LIST)
                DLangStatementImpl(STATEMENT)
                  DLangNonEmptyStatementImpl(NON_EMPTY_STATEMENT)
                    DLangNonEmptyStatementNoCaseNoDefaultImpl(NON_EMPTY_STATEMENT_NO_CASE_NO_DEFAULT)
                      DLangExpressionStatementImpl(EXPRESSION_STATEMENT)
                        DLangCommaExpressionImpl(COMMA_EXPRESSION)
                          DLangAssignExpressionImpl(ASSIGN_EXPRESSION)
                            DLangPostfixExpressionImpl(POSTFIX_EXPRESSION)
                              DLangPrimaryExpressionImpl(PRIMARY_EXPRESSION)
                                IDENTIFIER
                                  PsiElement(DLangTokenType.ID)('foo')
                            DLangPostfixExpressionImpl(POSTFIX_EXPRESSION)
                              DLangPrimaryExpressionImpl(PRIMARY_EXPRESSION)
                                PsiElement(DLangTokenType.()('(')
                                DLangCommaExpressionImpl(COMMA_EXPRESSION)
                                  DLangAssignExpressionImpl(ASSIGN_EXPRESSION)
                                    DLangPostfixExpressionImpl(POSTFIX_EXPRESSION)
                                      DLangPrimaryExpressionImpl(PRIMARY_EXPRESSION)
                                        PsiElement(DLangTokenType.INTEGER_LITERAL)('3')
                                  PsiElement(DLangTokenType.,)(',')
                                  DLangAssignExpressionImpl(ASSIGN_EXPRESSION)
                                    DLangPostfixExpressionImpl(POSTFIX_EXPRESSION)
                                      DLangPrimaryExpressionImpl(PRIMARY_EXPRESSION)
                                        PsiElement(DLangTokenType.INTEGER_LITERAL)('4')
                                  PsiElement(DLangTokenType.,)(',')
                                  DLangAssignExpressionImpl(ASSIGN_EXPRESSION)
                                    DLangPostfixExpressionImpl(POSTFIX_EXPRESSION)
                                      DLangPrimaryExpressionImpl(PRIMARY_EXPRESSION)
                                        PsiElement(DLangTokenType.INTEGER_LITERAL)('5')
                                PsiElement(DLangTokenType.))(')')
                        PsiElement(DLangTokenType.;)(';')
              PsiComment(DLangTokenType.LINE_COMMENT)('// first variadic argument is 5')
              PsiElement(DLangTokenType.})('}')
    DLangDeclDefImpl(DECL_DEF)
      DLangDeclarationImpl(DECLARATION)
        FUNC_DECLARATION
          DLangBasicTypeImpl(BASIC_TYPE)
            DLangBasicTypeXImpl(BASIC_TYPE_X)
              PsiElement(DLangTokenType.void)('void')
          IDENTIFIER
            PsiElement(DLangTokenType.ID)('foo')
          DLangFuncDeclaratorSuffixImpl(FUNC_DECLARATOR_SUFFIX)
            DLangParametersImpl(PARAMETERS)
              PsiElement(DLangTokenType.()('(')
              DLangParameterListImpl(PARAMETER_LIST)
                PARAMETER
                  DLangBasicTypeImpl(BASIC_TYPE)
                    DLangBasicTypeXImpl(BASIC_TYPE_X)
                      PsiElement(DLangTokenType.int)('int')
                  DLangDeclaratorImpl(DECLARATOR)
                    DLangVarDeclaratorImpl(VAR_DECLARATOR)
                      IDENTIFIER
                        PsiElement(DLangTokenType.ID)('x')
                PsiElement(DLangTokenType.,)(',')
                PARAMETER
                  DLangBasicTypeImpl(BASIC_TYPE)
                    DLangBasicTypeXImpl(BASIC_TYPE_X)
                      PsiElement(DLangTokenType.int)('int')
                  DLangDeclaratorImpl(DECLARATOR)
                    DLangVarDeclaratorImpl(VAR_DECLARATOR)
                      IDENTIFIER
                        PsiElement(DLangTokenType.ID)('y')
                PsiElement(DLangTokenType.,)(',')
                PsiElement(DLangTokenType....)('...')
              PsiElement(DLangTokenType.))(')')
          DLangFunctionBodyImpl(FUNCTION_BODY)
            DLangBlockStatementImpl(BLOCK_STATEMENT)
              PsiElement(DLangTokenType.{)('{')
              DLangStatementListImpl(STATEMENT_LIST)
                DLangStatementImpl(STATEMENT)
                  DLangNonEmptyStatementImpl(NON_EMPTY_STATEMENT)
                    DLangNonEmptyStatementNoCaseNoDefaultImpl(NON_EMPTY_STATEMENT_NO_CASE_NO_DEFAULT)
                      DLangDeclarationStatementImpl(DECLARATION_STATEMENT)
                        DLangDeclarationImpl(DECLARATION)
                          DLangVarDeclarationsImpl(VAR_DECLARATIONS)
                            DLangBasicTypeImpl(BASIC_TYPE)
                              DLangIdentifierListImpl(IDENTIFIER_LIST)
                                IDENTIFIER
                                  PsiElement(DLangTokenType.ID)('va_list')
                            DLangDeclaratorsImpl(DECLARATORS)
                              DECLARATOR_INITIALIZER
                                DLangVarDeclaratorImpl(VAR_DECLARATOR)
                                  IDENTIFIER
                                    PsiElement(DLangTokenType.ID)('args')
                            PsiElement(DLangTokenType.;)(';')
                DLangStatementImpl(STATEMENT)
                  DLangNonEmptyStatementImpl(NON_EMPTY_STATEMENT)
                    DLangNonEmptyStatementNoCaseNoDefaultImpl(NON_EMPTY_STATEMENT_NO_CASE_NO_DEFAULT)
                      DLangConditionalStatementImpl(CONDITIONAL_STATEMENT)
                        DLangConditionImpl(CONDITION)
                          DLangVersionConditionImpl(VERSION_CONDITION)
                            PsiElement(DLangTokenType.version)('version')
                            PsiElement(DLangTokenType.()('(')
                            IDENTIFIER
                              PsiElement(DLangTokenType.ID)('X86')
                            PsiElement(DLangTokenType.))(')')
                        DLangStatementImpl(STATEMENT)
                          DLangNonEmptyStatementImpl(NON_EMPTY_STATEMENT)
                            DLangNonEmptyStatementNoCaseNoDefaultImpl(NON_EMPTY_STATEMENT_NO_CASE_NO_DEFAULT)
                              DLangExpressionStatementImpl(EXPRESSION_STATEMENT)
                                DLangCommaExpressionImpl(COMMA_EXPRESSION)
                                  DLangAssignExpressionImpl(ASSIGN_EXPRESSION)
                                    DLangPostfixExpressionImpl(POSTFIX_EXPRESSION)
                                      DLangPrimaryExpressionImpl(PRIMARY_EXPRESSION)
                                        IDENTIFIER
                                          PsiElement(DLangTokenType.ID)('va_start')
                                    DLangPostfixExpressionImpl(POSTFIX_EXPRESSION)
                                      DLangPrimaryExpressionImpl(PRIMARY_EXPRESSION)
                                        DLangFunctionLiteralImpl(FUNCTION_LITERAL)
                                          DLangParameterMemberAttributesImpl(PARAMETER_MEMBER_ATTRIBUTES)
                                            DLangParametersImpl(PARAMETERS)
                                              PsiElement(DLangTokenType.()('(')
                                              DLangParameterListImpl(PARAMETER_LIST)
                                                PARAMETER
                                                  DLangTypeImpl(TYPE)
                                                    DLangBasicTypeImpl(BASIC_TYPE)
                                                      DLangIdentifierListImpl(IDENTIFIER_LIST)
                                                        IDENTIFIER
                                                          PsiElement(DLangTokenType.ID)('args')
                                                PsiElement(DLangTokenType.,)(',')
                                                PARAMETER
                                                  DLangTypeImpl(TYPE)
                                                    DLangBasicTypeImpl(BASIC_TYPE)
                                                      DLangIdentifierListImpl(IDENTIFIER_LIST)
                                                        IDENTIFIER
                                                          PsiElement(DLangTokenType.ID)('y')
                                              PsiElement(DLangTokenType.))(')')
                                PsiElement(DLangTokenType.;)(';')
                        PsiComment(DLangTokenType.LINE_COMMENT)('// y is the last named parameter')
                        PsiElement(DLangTokenType.else)('else')
                        DLangStatementImpl(STATEMENT)
                          DLangNonEmptyStatementImpl(NON_EMPTY_STATEMENT)
                            DLangNonEmptyStatementNoCaseNoDefaultImpl(NON_EMPTY_STATEMENT_NO_CASE_NO_DEFAULT)
                              DLangConditionalStatementImpl(CONDITIONAL_STATEMENT)
                                DLangConditionImpl(CONDITION)
                                  DLangVersionConditionImpl(VERSION_CONDITION)
                                    PsiElement(DLangTokenType.version)('version')
                                    PsiElement(DLangTokenType.()('(')
                                    IDENTIFIER
                                      PsiElement(DLangTokenType.ID)('Win64')
                                    PsiElement(DLangTokenType.))(')')
                                DLangStatementImpl(STATEMENT)
                                  DLangNonEmptyStatementImpl(NON_EMPTY_STATEMENT)
                                    DLangNonEmptyStatementNoCaseNoDefaultImpl(NON_EMPTY_STATEMENT_NO_CASE_NO_DEFAULT)
                                      DLangExpressionStatementImpl(EXPRESSION_STATEMENT)
                                        DLangCommaExpressionImpl(COMMA_EXPRESSION)
                                          DLangAssignExpressionImpl(ASSIGN_EXPRESSION)
                                            DLangPostfixExpressionImpl(POSTFIX_EXPRESSION)
                                              DLangPrimaryExpressionImpl(PRIMARY_EXPRESSION)
                                                IDENTIFIER
                                                  PsiElement(DLangTokenType.ID)('va_start')
                                            DLangPostfixExpressionImpl(POSTFIX_EXPRESSION)
                                              DLangPrimaryExpressionImpl(PRIMARY_EXPRESSION)
                                                DLangFunctionLiteralImpl(FUNCTION_LITERAL)
                                                  DLangParameterMemberAttributesImpl(PARAMETER_MEMBER_ATTRIBUTES)
                                                    DLangParametersImpl(PARAMETERS)
                                                      PsiElement(DLangTokenType.()('(')
                                                      DLangParameterListImpl(PARAMETER_LIST)
                                                        PARAMETER
                                                          DLangTypeImpl(TYPE)
                                                            DLangBasicTypeImpl(BASIC_TYPE)
                                                              DLangIdentifierListImpl(IDENTIFIER_LIST)
                                                                IDENTIFIER
                                                                  PsiElement(DLangTokenType.ID)('args')
                                                        PsiElement(DLangTokenType.,)(',')
                                                        PARAMETER
                                                          DLangTypeImpl(TYPE)
                                                            DLangBasicTypeImpl(BASIC_TYPE)
                                                              DLangIdentifierListImpl(IDENTIFIER_LIST)
                                                                IDENTIFIER
                                                                  PsiElement(DLangTokenType.ID)('y')
                                                      PsiElement(DLangTokenType.))(')')
                                        PsiElement(DLangTokenType.;)(';')
                                PsiComment(DLangTokenType.LINE_COMMENT)('// ditto')
                                PsiElement(DLangTokenType.else)('else')
                                DLangStatementImpl(STATEMENT)
                                  DLangNonEmptyStatementImpl(NON_EMPTY_STATEMENT)
                                    DLangNonEmptyStatementNoCaseNoDefaultImpl(NON_EMPTY_STATEMENT_NO_CASE_NO_DEFAULT)
                                      DLangConditionalStatementImpl(CONDITIONAL_STATEMENT)
                                        DLangConditionImpl(CONDITION)
                                          DLangVersionConditionImpl(VERSION_CONDITION)
                                            PsiElement(DLangTokenType.version)('version')
                                            PsiElement(DLangTokenType.()('(')
                                            IDENTIFIER
                                              PsiElement(DLangTokenType.ID)('X86_64')
                                            PsiElement(DLangTokenType.))(')')
                                        DLangStatementImpl(STATEMENT)
                                          DLangNonEmptyStatementImpl(NON_EMPTY_STATEMENT)
                                            DLangNonEmptyStatementNoCaseNoDefaultImpl(NON_EMPTY_STATEMENT_NO_CASE_NO_DEFAULT)
                                              DLangExpressionStatementImpl(EXPRESSION_STATEMENT)
                                                DLangCommaExpressionImpl(COMMA_EXPRESSION)
                                                  DLangAssignExpressionImpl(ASSIGN_EXPRESSION)
                                                    DLangPostfixExpressionImpl(POSTFIX_EXPRESSION)
                                                      DLangPrimaryExpressionImpl(PRIMARY_EXPRESSION)
                                                        IDENTIFIER
                                                          PsiElement(DLangTokenType.ID)('va_start')
                                                    DLangPostfixExpressionImpl(POSTFIX_EXPRESSION)
                                                      DLangPrimaryExpressionImpl(PRIMARY_EXPRESSION)
                                                        DLangFunctionLiteralImpl(FUNCTION_LITERAL)
                                                          DLangParameterMemberAttributesImpl(PARAMETER_MEMBER_ATTRIBUTES)
                                                            DLangParametersImpl(PARAMETERS)
                                                              PsiElement(DLangTokenType.()('(')
                                                              DLangParameterListImpl(PARAMETER_LIST)
                                                                PARAMETER
                                                                  DLangTypeImpl(TYPE)
                                                                    DLangBasicTypeImpl(BASIC_TYPE)
                                                                      DLangIdentifierListImpl(IDENTIFIER_LIST)
                                                                        IDENTIFIER
                                                                          PsiElement(DLangTokenType.ID)('args')
                                                                PsiElement(DLangTokenType.,)(',')
                                                                PARAMETER
                                                                  DLangTypeImpl(TYPE)
                                                                    DLangBasicTypeImpl(BASIC_TYPE)
                                                                      DLangIdentifierListImpl(IDENTIFIER_LIST)
                                                                        IDENTIFIER
                                                                          PsiElement(DLangTokenType.ID)('__va_argsave')
                                                              PsiElement(DLangTokenType.))(')')
                                                PsiElement(DLangTokenType.;)(';')
                                        PsiElement(DLangTokenType.else)('else')
                                        DLangStatementImpl(STATEMENT)
                                          DLangNonEmptyStatementImpl(NON_EMPTY_STATEMENT)
                                            DLangNonEmptyStatementNoCaseNoDefaultImpl(NON_EMPTY_STATEMENT_NO_CASE_NO_DEFAULT)
                                              DLangStaticAssertImpl(STATIC_ASSERT)
                                                PsiElement(DLangTokenType.static)('static')
                                                PsiElement(DLangTokenType.assert)('assert')
                                                PsiElement(DLangTokenType.()('(')
                                                DLangAssignExpressionImpl(ASSIGN_EXPRESSION)
                                                  DLangPostfixExpressionImpl(POSTFIX_EXPRESSION)
                                                    DLangPrimaryExpressionImpl(PRIMARY_EXPRESSION)
                                                      PsiElement(DLangTokenType.INTEGER_LITERAL)('0')
                                                PsiElement(DLangTokenType.,)(',')
                                                DLangAssignExpressionImpl(ASSIGN_EXPRESSION)
                                                  DLangPostfixExpressionImpl(POSTFIX_EXPRESSION)
                                                    DLangPrimaryExpressionImpl(PRIMARY_EXPRESSION)
                                                      DLangStringLiteralsImpl(STRING_LITERALS)
                                                        DLangStringLiteralImpl(STRING_LITERAL)
                                                          PsiElement(DLangTokenType.DOUBLE_QUOTED_STRING)('"Platform not supported."')
                                                PsiElement(DLangTokenType.))(')')
                                                PsiElement(DLangTokenType.;)(';')
                DLangStatementImpl(STATEMENT)
                  DLangNonEmptyStatementImpl(NON_EMPTY_STATEMENT)
                    DLangNonEmptyStatementNoCaseNoDefaultImpl(NON_EMPTY_STATEMENT_NO_CASE_NO_DEFAULT)
                      DLangDeclarationStatementImpl(DECLARATION_STATEMENT)
                        DLangDeclarationImpl(DECLARATION)
                          DLangVarDeclarationsImpl(VAR_DECLARATIONS)
                            DLangBasicTypeImpl(BASIC_TYPE)
                              DLangBasicTypeXImpl(BASIC_TYPE_X)
                                PsiElement(DLangTokenType.int)('int')
                            DLangDeclaratorsImpl(DECLARATORS)
                              DECLARATOR_INITIALIZER
                                DLangVarDeclaratorImpl(VAR_DECLARATOR)
                                  IDENTIFIER
                                    PsiElement(DLangTokenType.ID)('z')
                            PsiElement(DLangTokenType.;)(';')
                DLangStatementImpl(STATEMENT)
                  DLangNonEmptyStatementImpl(NON_EMPTY_STATEMENT)
                    DLangNonEmptyStatementNoCaseNoDefaultImpl(NON_EMPTY_STATEMENT_NO_CASE_NO_DEFAULT)
                      DLangExpressionStatementImpl(EXPRESSION_STATEMENT)
                        DLangCommaExpressionImpl(COMMA_EXPRESSION)
                          DLangAssignExpressionImpl(ASSIGN_EXPRESSION)
                            DLangPostfixExpressionImpl(POSTFIX_EXPRESSION)
                              DLangPrimaryExpressionImpl(PRIMARY_EXPRESSION)
                                IDENTIFIER
                                  PsiElement(DLangTokenType.ID)('va_arg')
                            DLangPostfixExpressionImpl(POSTFIX_EXPRESSION)
                              DLangPrimaryExpressionImpl(PRIMARY_EXPRESSION)
                                DLangFunctionLiteralImpl(FUNCTION_LITERAL)
                                  DLangParameterMemberAttributesImpl(PARAMETER_MEMBER_ATTRIBUTES)
                                    DLangParametersImpl(PARAMETERS)
                                      PsiElement(DLangTokenType.()('(')
                                      DLangParameterListImpl(PARAMETER_LIST)
                                        PARAMETER
                                          DLangTypeImpl(TYPE)
                                            DLangBasicTypeImpl(BASIC_TYPE)
                                              DLangIdentifierListImpl(IDENTIFIER_LIST)
                                                IDENTIFIER
                                                  PsiElement(DLangTokenType.ID)('args')
                                        PsiElement(DLangTokenType.,)(',')
                                        PARAMETER
                                          DLangTypeImpl(TYPE)
                                            DLangBasicTypeImpl(BASIC_TYPE)
                                              DLangIdentifierListImpl(IDENTIFIER_LIST)
                                                IDENTIFIER
                                                  PsiElement(DLangTokenType.ID)('z')
                                      PsiElement(DLangTokenType.))(')')
                        PsiElement(DLangTokenType.;)(';')
              PsiComment(DLangTokenType.LINE_COMMENT)('// z is set to 5')
              PsiElement(DLangTokenType.})('}')