D Language File
  DLangDeclDefsImpl(DECL_DEFS)
    DLangDeclDefImpl(DECL_DEF)
      DLangDeclarationImpl(DECLARATION)
        FUNC_DECLARATION
          DLangBasicTypeImpl(BASIC_TYPE)
            DLangBasicTypeXImpl(BASIC_TYPE_X)
              PsiElement(DLangTokenType.void)('void')
          IDENTIFIER
            PsiElement(DLangTokenType.ID)('foo')
          DLangFuncDeclaratorSuffixImpl(FUNC_DECLARATOR_SUFFIX)
            DLangParametersImpl(PARAMETERS)
              PsiElement(DLangTokenType.()('(')
              DLangParameterListImpl(PARAMETER_LIST)
                DLangParameterImpl(PARAMETER)
                  DLangBasicTypeImpl(BASIC_TYPE)
                    DLangBasicTypeXImpl(BASIC_TYPE_X)
                      PsiElement(DLangTokenType.int)('int')
                  DLangDeclaratorImpl(DECLARATOR)
                    DLangVarDeclaratorImpl(VAR_DECLARATOR)
                      DLangBasicType2Impl(BASIC_TYPE_2)
                        DLangBasicType2XImpl(BASIC_TYPE_2_X)
                          PsiElement(DLangTokenType.delegate)('delegate')
                          DLangParametersImpl(PARAMETERS)
                            PsiElement(DLangTokenType.()('(')
                            PsiElement(DLangTokenType.))(')')
                        DLangBasicType2Impl(BASIC_TYPE_2)
                          DLangBasicType2XImpl(BASIC_TYPE_2_X)
                            PsiElement(DLangTokenType.[)('[')
                            PsiElement(DLangTokenType.])(']')
                      IDENTIFIER
                        PsiElement(DLangTokenType.ID)('dgs')
                  PsiElement(DLangTokenType....)('...')
              PsiElement(DLangTokenType.))(')')
          PsiElement(DLangTokenType.;)(';')
    DLangDeclDefImpl(DECL_DEF)
      DLangDeclarationImpl(DECLARATION)
        DLangVarDeclarationsImpl(VAR_DECLARATIONS)
          DLangBasicTypeImpl(BASIC_TYPE)
            DLangBasicTypeXImpl(BASIC_TYPE_X)
              PsiElement(DLangTokenType.int)('int')
          DLangDeclaratorsImpl(DECLARATORS)
            DECLARATOR_INITIALIZER
              DLangVarDeclaratorImpl(VAR_DECLARATOR)
                DLangBasicType2Impl(BASIC_TYPE_2)
                  DLangBasicType2XImpl(BASIC_TYPE_2_X)
                    PsiElement(DLangTokenType.delegate)('delegate')
                    DLangParametersImpl(PARAMETERS)
                      PsiElement(DLangTokenType.()('(')
                      PsiElement(DLangTokenType.))(')')
                IDENTIFIER
                  PsiElement(DLangTokenType.ID)('dg')
          PsiElement(DLangTokenType.;)(';')
  DLangStatementImpl(STATEMENT)
    DLangNonEmptyStatementImpl(NON_EMPTY_STATEMENT)
      DLangNonEmptyStatementNoCaseNoDefaultImpl(NON_EMPTY_STATEMENT_NO_CASE_NO_DEFAULT)
        DLangExpressionStatementImpl(EXPRESSION_STATEMENT)
          DLangCommaExpressionImpl(COMMA_EXPRESSION)
            DLangAssignExpressionImpl(ASSIGN_EXPRESSION)
              DLangPostfixExpressionImpl(POSTFIX_EXPRESSION)
                DLangPrimaryExpressionImpl(PRIMARY_EXPRESSION)
                  IDENTIFIER
                    PsiElement(DLangTokenType.ID)('foo')
              DLangPostfixExpressionImpl(POSTFIX_EXPRESSION)
                DLangPrimaryExpressionImpl(PRIMARY_EXPRESSION)
                  PsiElement(DLangTokenType.()('(')
                  DLangCommaExpressionImpl(COMMA_EXPRESSION)
                    DLangAssignExpressionImpl(ASSIGN_EXPRESSION)
                      DLangPostfixExpressionImpl(POSTFIX_EXPRESSION)
                        DLangPrimaryExpressionImpl(PRIMARY_EXPRESSION)
                          PsiElement(DLangTokenType.INTEGER_LITERAL)('1')
                    PsiElement(DLangTokenType.,)(',')
                    DLangAssignExpressionImpl(ASSIGN_EXPRESSION)
                      DLangPostfixExpressionImpl(POSTFIX_EXPRESSION)
                        DLangPrimaryExpressionImpl(PRIMARY_EXPRESSION)
                          PsiElement(DLangTokenType.INTEGER_LITERAL)('3')
                      DLangAddExpression_Impl(ADD_EXPRESSION_)
                        PsiElement(DLangTokenType.+)('+')
                        DLangPostfixExpressionImpl(POSTFIX_EXPRESSION)
                          DLangPrimaryExpressionImpl(PRIMARY_EXPRESSION)
                            IDENTIFIER
                              PsiElement(DLangTokenType.ID)('x')
                    PsiElement(DLangTokenType.,)(',')
                    DLangAssignExpressionImpl(ASSIGN_EXPRESSION)
                      DLangPostfixExpressionImpl(POSTFIX_EXPRESSION)
                        DLangPrimaryExpressionImpl(PRIMARY_EXPRESSION)
                          IDENTIFIER
                            PsiElement(DLangTokenType.ID)('dg')
                    PsiElement(DLangTokenType.,)(',')
                    DLangAssignExpressionImpl(ASSIGN_EXPRESSION)
                      DLangCastExpressionImpl(CAST_EXPRESSION)
                        PsiElement(DLangTokenType.cast)('cast')
                        PsiElement(DLangTokenType.()('(')
                        DLangTypeImpl(TYPE)
                          DLangBasicTypeImpl(BASIC_TYPE)
                            DLangBasicTypeXImpl(BASIC_TYPE_X)
                              PsiElement(DLangTokenType.int)('int')
                          DLangBasicType2Impl(BASIC_TYPE_2)
                            DLangBasicType2XImpl(BASIC_TYPE_2_X)
                              PsiElement(DLangTokenType.delegate)('delegate')
                              DLangParametersImpl(PARAMETERS)
                                PsiElement(DLangTokenType.()('(')
                                PsiElement(DLangTokenType.))(')')
                        PsiElement(DLangTokenType.))(')')
                        DLangPostfixExpressionImpl(POSTFIX_EXPRESSION)
                          DLangPrimaryExpressionImpl(PRIMARY_EXPRESSION)
                            PsiElement(DLangTokenType.null)('null')
                  PsiElement(DLangTokenType.))(')')
          PsiElement(DLangTokenType.;)(';')
  DLangStatementImpl(STATEMENT)
    DLangNonEmptyStatementImpl(NON_EMPTY_STATEMENT)
      DLangNonEmptyStatementNoCaseNoDefaultImpl(NON_EMPTY_STATEMENT_NO_CASE_NO_DEFAULT)
        DLangExpressionStatementImpl(EXPRESSION_STATEMENT)
          DLangCommaExpressionImpl(COMMA_EXPRESSION)
            DLangAssignExpressionImpl(ASSIGN_EXPRESSION)
              DLangPostfixExpressionImpl(POSTFIX_EXPRESSION)
                DLangPrimaryExpressionImpl(PRIMARY_EXPRESSION)
                  IDENTIFIER
                    PsiElement(DLangTokenType.ID)('foo')
              DLangPostfixExpressionImpl(POSTFIX_EXPRESSION)
                DLangPrimaryExpressionImpl(PRIMARY_EXPRESSION)
                  PsiElement(DLangTokenType.()('(')
                  DLangCommaExpressionImpl(COMMA_EXPRESSION)
                    DLangAssignExpressionImpl(ASSIGN_EXPRESSION)
                      DLangPostfixExpressionImpl(POSTFIX_EXPRESSION)
                        DLangPrimaryExpressionImpl(PRIMARY_EXPRESSION)
                          DLangFunctionLiteralImpl(FUNCTION_LITERAL)
                            DLangFunctionLiteralBodyImpl(FUNCTION_LITERAL_BODY)
                              DLangBlockStatementImpl(BLOCK_STATEMENT)
                                PsiElement(DLangTokenType.{)('{')
                                DLangStatementListImpl(STATEMENT_LIST)
                                  DLangStatementImpl(STATEMENT)
                                    DLangNonEmptyStatementImpl(NON_EMPTY_STATEMENT)
                                      DLangNonEmptyStatementNoCaseNoDefaultImpl(NON_EMPTY_STATEMENT_NO_CASE_NO_DEFAULT)
                                        DLangReturnStatementImpl(RETURN_STATEMENT)
                                          PsiElement(DLangTokenType.return)('return')
                                          DLangCommaExpressionImpl(COMMA_EXPRESSION)
                                            DLangAssignExpressionImpl(ASSIGN_EXPRESSION)
                                              DLangPostfixExpressionImpl(POSTFIX_EXPRESSION)
                                                DLangPrimaryExpressionImpl(PRIMARY_EXPRESSION)
                                                  PsiElement(DLangTokenType.INTEGER_LITERAL)('1')
                                          PsiElement(DLangTokenType.;)(';')
                                PsiElement(DLangTokenType.})('}')
                    PsiElement(DLangTokenType.,)(',')
                    DLangAssignExpressionImpl(ASSIGN_EXPRESSION)
                      DLangPostfixExpressionImpl(POSTFIX_EXPRESSION)
                        DLangPrimaryExpressionImpl(PRIMARY_EXPRESSION)
                          DLangFunctionLiteralImpl(FUNCTION_LITERAL)
                            DLangFunctionLiteralBodyImpl(FUNCTION_LITERAL_BODY)
                              DLangBlockStatementImpl(BLOCK_STATEMENT)
                                PsiElement(DLangTokenType.{)('{')
                                DLangStatementListImpl(STATEMENT_LIST)
                                  DLangStatementImpl(STATEMENT)
                                    DLangNonEmptyStatementImpl(NON_EMPTY_STATEMENT)
                                      DLangNonEmptyStatementNoCaseNoDefaultImpl(NON_EMPTY_STATEMENT_NO_CASE_NO_DEFAULT)
                                        DLangReturnStatementImpl(RETURN_STATEMENT)
                                          PsiElement(DLangTokenType.return)('return')
                                          DLangCommaExpressionImpl(COMMA_EXPRESSION)
                                            DLangAssignExpressionImpl(ASSIGN_EXPRESSION)
                                              DLangPostfixExpressionImpl(POSTFIX_EXPRESSION)
                                                DLangPrimaryExpressionImpl(PRIMARY_EXPRESSION)
                                                  PsiElement(DLangTokenType.INTEGER_LITERAL)('3')
                                              DLangAddExpression_Impl(ADD_EXPRESSION_)
                                                PsiElement(DLangTokenType.+)('+')
                                                DLangPostfixExpressionImpl(POSTFIX_EXPRESSION)
                                                  DLangPrimaryExpressionImpl(PRIMARY_EXPRESSION)
                                                    IDENTIFIER
                                                      PsiElement(DLangTokenType.ID)('x')
                                          PsiElement(DLangTokenType.;)(';')
                                PsiElement(DLangTokenType.})('}')
                    PsiElement(DLangTokenType.,)(',')
                    DLangAssignExpressionImpl(ASSIGN_EXPRESSION)
                      DLangPostfixExpressionImpl(POSTFIX_EXPRESSION)
                        DLangPrimaryExpressionImpl(PRIMARY_EXPRESSION)
                          IDENTIFIER
                            PsiElement(DLangTokenType.ID)('dg')
                    PsiElement(DLangTokenType.,)(',')
                    DLangAssignExpressionImpl(ASSIGN_EXPRESSION)
                      DLangPostfixExpressionImpl(POSTFIX_EXPRESSION)
                        DLangPrimaryExpressionImpl(PRIMARY_EXPRESSION)
                          PsiElement(DLangTokenType.null)('null')
                  PsiElement(DLangTokenType.))(')')
          PsiElement(DLangTokenType.;)(';')
