D Language File
  DLangDeclDefsImpl(DECL_DEFS)
    DLangDeclDefImpl(DECL_DEF)
      DLangDeclarationImpl(DECLARATION)
        DLangAggregateDeclarationImpl(AGGREGATE_DECLARATION)
          STRUCT_DECLARATION
            PsiElement(DLangTokenType.struct)('struct')
            IDENTIFIER
              PsiElement(DLangTokenType.ID)('S')
            DLangAggregateBodyImpl(AGGREGATE_BODY)
              PsiElement(DLangTokenType.{)('{')
              DLangDeclDefsImpl(DECL_DEFS)
                DLangDeclDefImpl(DECL_DEF)
                  DLangDeclarationImpl(DECLARATION)
                    DLangVarDeclarationsImpl(VAR_DECLARATIONS)
                      DLangBasicTypeImpl(BASIC_TYPE)
                        DLangBasicTypeXImpl(BASIC_TYPE_X)
                          PsiElement(DLangTokenType.int)('int')
                      DLangDeclaratorsImpl(DECLARATORS)
                        DECLARATOR_INITIALIZER
                          DLangVarDeclaratorImpl(VAR_DECLARATOR)
                            IDENTIFIER
                              PsiElement(DLangTokenType.ID)('a')
                      PsiElement(DLangTokenType.;)(';')
                DLangDeclDefImpl(DECL_DEF)
                  DLangAttributeSpecifierImpl(ATTRIBUTE_SPECIFIER)
                    DLangAttributeImpl(ATTRIBUTE)
                      DLangPropertyImpl(PROPERTY)
                        PsiElement(DLangTokenType.@)('@')
                        DLangPropertyIdentifierImpl(PROPERTY_IDENTIFIER)
                          PsiElement(DLangTokenType.ID)('disable')
                    DLangDeclarationBlockImpl(DECLARATION_BLOCK)
                      DLangDeclDefImpl(DECL_DEF)
                        CONSTRUCTOR
                          PsiElement(DLangTokenType.this)('this')
                          DLangParametersImpl(PARAMETERS)
                            PsiElement(DLangTokenType.()('(')
                            PsiElement(DLangTokenType.))(')')
                          PsiElement(DLangTokenType.;)(';')
                DLangDeclDefImpl(DECL_DEF)
                  CONSTRUCTOR
                    PsiElement(DLangTokenType.this)('this')
                    DLangParametersImpl(PARAMETERS)
                      PsiElement(DLangTokenType.()('(')
                      DLangParameterListImpl(PARAMETER_LIST)
                        PARAMETER
                          DLangBasicTypeImpl(BASIC_TYPE)
                            DLangBasicTypeXImpl(BASIC_TYPE_X)
                              PsiElement(DLangTokenType.int)('int')
                          DLangDeclaratorImpl(DECLARATOR)
                            DLangVarDeclaratorImpl(VAR_DECLARATOR)
                              IDENTIFIER
                                PsiElement(DLangTokenType.ID)('n')
                      PsiElement(DLangTokenType.))(')')
                    DLangFunctionBodyImpl(FUNCTION_BODY)
                      DLangBlockStatementImpl(BLOCK_STATEMENT)
                        PsiElement(DLangTokenType.{)('{')
                        DLangStatementListImpl(STATEMENT_LIST)
                          DLangStatementImpl(STATEMENT)
                            DLangNonEmptyStatementImpl(NON_EMPTY_STATEMENT)
                              DLangNonEmptyStatementNoCaseNoDefaultImpl(NON_EMPTY_STATEMENT_NO_CASE_NO_DEFAULT)
                                DLangDeclarationStatementImpl(DECLARATION_STATEMENT)
                                  DLangDeclarationImpl(DECLARATION)
                                    DLangVarDeclarationsImpl(VAR_DECLARATIONS)
                                      DLangAutoDeclarationImpl(AUTO_DECLARATION)
                                        DLangAutoDeclarationXImpl(AUTO_DECLARATION_X)
                                          AUTO_DECLARATION_Y
                                            IDENTIFIER
                                              PsiElement(DLangTokenType.ID)('a')
                                            PsiElement(DLangTokenType.=)('=')
                                            DLangInitializerImpl(INITIALIZER)
                                              DLangNonVoidInitializerImpl(NON_VOID_INITIALIZER)
                                                DLangAssignExpressionImpl(ASSIGN_EXPRESSION)
                                                  DLangPostfixExpressionImpl(POSTFIX_EXPRESSION)
                                                    DLangPrimaryExpressionImpl(PRIMARY_EXPRESSION)
                                                      IDENTIFIER
                                                        PsiElement(DLangTokenType.ID)('n')
                                        PsiElement(DLangTokenType.;)(';')
                        PsiElement(DLangTokenType.})('}')
                DLangDeclDefImpl(DECL_DEF)
                  DLangInvariantImpl(INVARIANT)
                    PsiElement(DLangTokenType.invariant)('invariant')
                    DLangBlockStatementImpl(BLOCK_STATEMENT)
                      PsiElement(DLangTokenType.{)('{')
                      DLangStatementListImpl(STATEMENT_LIST)
                        DLangStatementImpl(STATEMENT)
                          DLangNonEmptyStatementImpl(NON_EMPTY_STATEMENT)
                            DLangNonEmptyStatementNoCaseNoDefaultImpl(NON_EMPTY_STATEMENT_NO_CASE_NO_DEFAULT)
                              DLangExpressionStatementImpl(EXPRESSION_STATEMENT)
                                DLangCommaExpressionImpl(COMMA_EXPRESSION)
                                  DLangAssignExpressionImpl(ASSIGN_EXPRESSION)
                                    DLangPostfixExpressionImpl(POSTFIX_EXPRESSION)
                                      DLangPrimaryExpressionImpl(PRIMARY_EXPRESSION)
                                        DLangAssertExpressionImpl(ASSERT_EXPRESSION)
                                          PsiElement(DLangTokenType.assert)('assert')
                                          PsiElement(DLangTokenType.()('(')
                                          DLangAssignExpressionImpl(ASSIGN_EXPRESSION)
                                            DLangPostfixExpressionImpl(POSTFIX_EXPRESSION)
                                              DLangPrimaryExpressionImpl(PRIMARY_EXPRESSION)
                                                IDENTIFIER
                                                  PsiElement(DLangTokenType.ID)('a')
                                            DLangRelExpressionImpl(REL_EXPRESSION)
                                              PsiElement(DLangTokenType.>)('>')
                                              DLangPostfixExpressionImpl(POSTFIX_EXPRESSION)
                                                DLangPrimaryExpressionImpl(PRIMARY_EXPRESSION)
                                                  PsiElement(DLangTokenType.INTEGER_LITERAL)('0')
                                          PsiElement(DLangTokenType.))(')')
                                PsiElement(DLangTokenType.;)(';')
                      PsiElement(DLangTokenType.})('}')
                DLangDeclDefImpl(DECL_DEF)
                  DLangDeclarationImpl(DECLARATION)
                    FUNC_DECLARATION
                      DLangBasicTypeImpl(BASIC_TYPE)
                        DLangBasicTypeXImpl(BASIC_TYPE_X)
                          PsiElement(DLangTokenType.void)('void')
                      IDENTIFIER
                        PsiElement(DLangTokenType.ID)('check')
                      DLangFuncDeclaratorSuffixImpl(FUNC_DECLARATOR_SUFFIX)
                        DLangParametersImpl(PARAMETERS)
                          PsiElement(DLangTokenType.()('(')
                          PsiElement(DLangTokenType.))(')')
                      DLangFunctionBodyImpl(FUNCTION_BODY)
                        DLangBlockStatementImpl(BLOCK_STATEMENT)
                          PsiElement(DLangTokenType.{)('{')
                          PsiElement(DLangTokenType.})('}')
              PsiElement(DLangTokenType.})('}')
    DLangDeclDefImpl(DECL_DEF)
      DLangDeclarationImpl(DECLARATION)
        FUNC_DECLARATION
          DLangBasicTypeImpl(BASIC_TYPE)
            DLangBasicTypeXImpl(BASIC_TYPE_X)
              PsiElement(DLangTokenType.void)('void')
          IDENTIFIER
            PsiElement(DLangTokenType.ID)('main')
          DLangFuncDeclaratorSuffixImpl(FUNC_DECLARATOR_SUFFIX)
            DLangParametersImpl(PARAMETERS)
              PsiElement(DLangTokenType.()('(')
              PsiElement(DLangTokenType.))(')')
          DLangFunctionBodyImpl(FUNCTION_BODY)
            DLangBlockStatementImpl(BLOCK_STATEMENT)
              PsiElement(DLangTokenType.{)('{')
              PsiComment(DLangTokenType.LINE_COMMENT)('//S s1;           // Error: variable s1 initializer required for type S')
              PsiComment(DLangTokenType.LINE_COMMENT)('//S s2 = S();     // Error: constructor S.this is not callable')
              PsiComment(DLangTokenType.LINE_COMMENT)('// because it is annotated with @disable')
              DLangStatementListImpl(STATEMENT_LIST)
                DLangStatementImpl(STATEMENT)
                  DLangNonEmptyStatementImpl(NON_EMPTY_STATEMENT)
                    DLangNonEmptyStatementNoCaseNoDefaultImpl(NON_EMPTY_STATEMENT_NO_CASE_NO_DEFAULT)
                      DLangDeclarationStatementImpl(DECLARATION_STATEMENT)
                        DLangDeclarationImpl(DECLARATION)
                          DLangVarDeclarationsImpl(VAR_DECLARATIONS)
                            DLangBasicTypeImpl(BASIC_TYPE)
                              DLangIdentifierListImpl(IDENTIFIER_LIST)
                                IDENTIFIER
                                  PsiElement(DLangTokenType.ID)('S')
                            DLangDeclaratorsImpl(DECLARATORS)
                              DECLARATOR_INITIALIZER
                                DLangVarDeclaratorImpl(VAR_DECLARATOR)
                                  IDENTIFIER
                                    PsiElement(DLangTokenType.ID)('s3')
                                PsiElement(DLangTokenType.=)('=')
                                DLangInitializerImpl(INITIALIZER)
                                  DLangNonVoidInitializerImpl(NON_VOID_INITIALIZER)
                                    DLangAssignExpressionImpl(ASSIGN_EXPRESSION)
                                      DLangPostfixExpressionImpl(POSTFIX_EXPRESSION)
                                        DLangPrimaryExpressionImpl(PRIMARY_EXPRESSION)
                                          IDENTIFIER
                                            PsiElement(DLangTokenType.ID)('S')
                                      DLangPostfixExpressionImpl(POSTFIX_EXPRESSION)
                                        DLangPrimaryExpressionImpl(PRIMARY_EXPRESSION)
                                          PsiElement(DLangTokenType..)('.')
                                          IDENTIFIER
                                            PsiElement(DLangTokenType.ID)('init')
                            PsiElement(DLangTokenType.;)(';')
                PsiComment(DLangTokenType.LINE_COMMENT)('// Bad. s3.a == 0, and it violates the invariant of S.')
                DLangStatementImpl(STATEMENT)
                  DLangNonEmptyStatementImpl(NON_EMPTY_STATEMENT)
                    DLangNonEmptyStatementNoCaseNoDefaultImpl(NON_EMPTY_STATEMENT_NO_CASE_NO_DEFAULT)
                      DLangExpressionStatementImpl(EXPRESSION_STATEMENT)
                        DLangCommaExpressionImpl(COMMA_EXPRESSION)
                          DLangAssignExpressionImpl(ASSIGN_EXPRESSION)
                            DLangPostfixExpressionImpl(POSTFIX_EXPRESSION)
                              DLangPrimaryExpressionImpl(PRIMARY_EXPRESSION)
                                IDENTIFIER
                                  PsiElement(DLangTokenType.ID)('s3')
                            DLangPostfixExpressionImpl(POSTFIX_EXPRESSION)
                              DLangPrimaryExpressionImpl(PRIMARY_EXPRESSION)
                                PsiElement(DLangTokenType..)('.')
                                IDENTIFIER
                                  PsiElement(DLangTokenType.ID)('check')
                            DLangPostfixExpressionImpl(POSTFIX_EXPRESSION)
                              DLangPrimaryExpressionImpl(PRIMARY_EXPRESSION)
                                DLangFunctionLiteralImpl(FUNCTION_LITERAL)
                                  DLangParameterMemberAttributesImpl(PARAMETER_MEMBER_ATTRIBUTES)
                                    DLangParametersImpl(PARAMETERS)
                                      PsiElement(DLangTokenType.()('(')
                                      PsiElement(DLangTokenType.))(')')
                        PsiElement(DLangTokenType.;)(';')
              PsiComment(DLangTokenType.LINE_COMMENT)('// Assertion failure.')
              PsiElement(DLangTokenType.})('}')