D Language File
  DLangStatementImpl(STATEMENT)
    DLangNonEmptyStatementImpl(NON_EMPTY_STATEMENT)
      DLangNonEmptyStatementNoCaseNoDefaultImpl(NON_EMPTY_STATEMENT_NO_CASE_NO_DEFAULT)
        DLangIfStatementImpl(IF_STATEMENT)
          PsiElement(DLangTokenType.if)('if')
          PsiElement(DLangTokenType.()('(')
          PsiErrorElement:<if condition> expected, got 'auto'
            <empty list>
    PsiElement(DLangTokenType.auto)('auto')
  DLangStatementImpl(STATEMENT)
    DLangNonEmptyStatementImpl(NON_EMPTY_STATEMENT)
      DLangNonEmptyStatementNoCaseNoDefaultImpl(NON_EMPTY_STATEMENT_NO_CASE_NO_DEFAULT)
        DLangExpressionStatementImpl(EXPRESSION_STATEMENT)
          DLangCommaExpressionImpl(COMMA_EXPRESSION)
            DLangAssignExpressionImpl(ASSIGN_EXPRESSION)
              DLangPostfixExpressionImpl(POSTFIX_EXPRESSION)
                DLangPrimaryExpressionImpl(PRIMARY_EXPRESSION)
                  IDENTIFIER
                    PsiElement(DLangTokenType.ID)('m')
              PsiElement(DLangTokenType.=)('=')
              DLangAssignExpressionImpl(ASSIGN_EXPRESSION)
                DLangPostfixExpressionImpl(POSTFIX_EXPRESSION)
                  DLangPrimaryExpressionImpl(PRIMARY_EXPRESSION)
                    IDENTIFIER
                      PsiElement(DLangTokenType.ID)('std')
                DLangPostfixExpressionImpl(POSTFIX_EXPRESSION)
                  DLangPrimaryExpressionImpl(PRIMARY_EXPRESSION)
                    PsiElement(DLangTokenType..)('.')
                    IDENTIFIER
                      PsiElement(DLangTokenType.ID)('regexp')
                DLangPostfixExpressionImpl(POSTFIX_EXPRESSION)
                  DLangPrimaryExpressionImpl(PRIMARY_EXPRESSION)
                    PsiElement(DLangTokenType..)('.')
                    IDENTIFIER
                      PsiElement(DLangTokenType.ID)('search')
                DLangPostfixExpressionImpl(POSTFIX_EXPRESSION)
                  DLangPrimaryExpressionImpl(PRIMARY_EXPRESSION)
                    PsiElement(DLangTokenType.()('(')
                    DLangCommaExpressionImpl(COMMA_EXPRESSION)
                      DLangAssignExpressionImpl(ASSIGN_EXPRESSION)
                        DLangPostfixExpressionImpl(POSTFIX_EXPRESSION)
                          DLangPrimaryExpressionImpl(PRIMARY_EXPRESSION)
                            DLangStringLiteralsImpl(STRING_LITERALS)
                              DLangStringLiteralImpl(STRING_LITERAL)
                                PsiElement(DLangTokenType.DOUBLE_QUOTED_STRING)('"abcdef"')
                      PsiElement(DLangTokenType.,)(',')
                      DLangAssignExpressionImpl(ASSIGN_EXPRESSION)
                        DLangPostfixExpressionImpl(POSTFIX_EXPRESSION)
                          DLangPrimaryExpressionImpl(PRIMARY_EXPRESSION)
                            DLangStringLiteralsImpl(STRING_LITERALS)
                              DLangStringLiteralImpl(STRING_LITERAL)
                                PsiElement(DLangTokenType.DOUBLE_QUOTED_STRING)('"b(c)d"')
                    PsiElement(DLangTokenType.))(')')
    PsiErrorElement:<add expression>, <equal expression>, <identity expression>, <in expression>, <mul expression>, <postfix expression>, <rel expression>, <shift expression>, <type ctor>, DLangTokenType.!, DLangTokenType.%=, DLangTokenType.&, DLangTokenType.&&, DLangTokenType.&=, DLangTokenType.(, DLangTokenType.*, DLangTokenType.*=, DLangTokenType.+, DLangTokenType.++, DLangTokenType.+=, DLangTokenType.,, DLangTokenType.-, DLangTokenType.--, DLangTokenType.-=, DLangTokenType./=, DLangTokenType.;, DLangTokenType.<<=, DLangTokenType.=, DLangTokenType.>>=, DLangTokenType.>>>=, DLangTokenType.?, DLangTokenType.^, DLangTokenType.^=, DLangTokenType.^^, DLangTokenType.^^=, DLangTokenType.cast, DLangTokenType.delete, DLangTokenType.|, DLangTokenType.|=, DLangTokenType.||, DLangTokenType.~ or DLangTokenType.~= expected, got ')'
      PsiElement(DLangTokenType.))(')')
  DLangStatementImpl(STATEMENT)
    DLangNonEmptyStatementImpl(NON_EMPTY_STATEMENT)
      DLangNonEmptyStatementNoCaseNoDefaultImpl(NON_EMPTY_STATEMENT_NO_CASE_NO_DEFAULT)
        DLangBlockStatementImpl(BLOCK_STATEMENT)
          PsiElement(DLangTokenType.{)('{')
          DLangStatementListImpl(STATEMENT_LIST)
            DLangStatementImpl(STATEMENT)
              DLangNonEmptyStatementImpl(NON_EMPTY_STATEMENT)
                DLangNonEmptyStatementNoCaseNoDefaultImpl(NON_EMPTY_STATEMENT_NO_CASE_NO_DEFAULT)
                  DLangExpressionStatementImpl(EXPRESSION_STATEMENT)
                    DLangCommaExpressionImpl(COMMA_EXPRESSION)
                      DLangAssignExpressionImpl(ASSIGN_EXPRESSION)
                        DLangPostfixExpressionImpl(POSTFIX_EXPRESSION)
                          DLangPrimaryExpressionImpl(PRIMARY_EXPRESSION)
                            IDENTIFIER
                              PsiElement(DLangTokenType.ID)('writefln')
                        DLangPostfixExpressionImpl(POSTFIX_EXPRESSION)
                          DLangPrimaryExpressionImpl(PRIMARY_EXPRESSION)
                            PsiElement(DLangTokenType.()('(')
                            DLangCommaExpressionImpl(COMMA_EXPRESSION)
                              DLangAssignExpressionImpl(ASSIGN_EXPRESSION)
                                DLangPostfixExpressionImpl(POSTFIX_EXPRESSION)
                                  DLangPrimaryExpressionImpl(PRIMARY_EXPRESSION)
                                    DLangStringLiteralsImpl(STRING_LITERALS)
                                      DLangStringLiteralImpl(STRING_LITERAL)
                                        PsiElement(DLangTokenType.DOUBLE_QUOTED_STRING)('"[%s]"')
                              PsiElement(DLangTokenType.,)(',')
                              DLangAssignExpressionImpl(ASSIGN_EXPRESSION)
                                DLangPostfixExpressionImpl(POSTFIX_EXPRESSION)
                                  DLangPrimaryExpressionImpl(PRIMARY_EXPRESSION)
                                    IDENTIFIER
                                      PsiElement(DLangTokenType.ID)('m')
                                DLangPostfixExpressionImpl(POSTFIX_EXPRESSION)
                                  DLangPrimaryExpressionImpl(PRIMARY_EXPRESSION)
                                    PsiElement(DLangTokenType..)('.')
                                    IDENTIFIER
                                      PsiElement(DLangTokenType.ID)('pre')
                            PsiElement(DLangTokenType.))(')')
                    PsiElement(DLangTokenType.;)(';')
            PsiComment(DLangTokenType.LINE_COMMENT)('// prints [a]')
            DLangStatementImpl(STATEMENT)
              DLangNonEmptyStatementImpl(NON_EMPTY_STATEMENT)
                DLangNonEmptyStatementNoCaseNoDefaultImpl(NON_EMPTY_STATEMENT_NO_CASE_NO_DEFAULT)
                  DLangExpressionStatementImpl(EXPRESSION_STATEMENT)
                    DLangCommaExpressionImpl(COMMA_EXPRESSION)
                      DLangAssignExpressionImpl(ASSIGN_EXPRESSION)
                        DLangPostfixExpressionImpl(POSTFIX_EXPRESSION)
                          DLangPrimaryExpressionImpl(PRIMARY_EXPRESSION)
                            IDENTIFIER
                              PsiElement(DLangTokenType.ID)('writefln')
                        DLangPostfixExpressionImpl(POSTFIX_EXPRESSION)
                          DLangPrimaryExpressionImpl(PRIMARY_EXPRESSION)
                            PsiElement(DLangTokenType.()('(')
                            DLangCommaExpressionImpl(COMMA_EXPRESSION)
                              DLangAssignExpressionImpl(ASSIGN_EXPRESSION)
                                DLangPostfixExpressionImpl(POSTFIX_EXPRESSION)
                                  DLangPrimaryExpressionImpl(PRIMARY_EXPRESSION)
                                    DLangStringLiteralsImpl(STRING_LITERALS)
                                      DLangStringLiteralImpl(STRING_LITERAL)
                                        PsiElement(DLangTokenType.DOUBLE_QUOTED_STRING)('"[%s]"')
                              PsiElement(DLangTokenType.,)(',')
                              DLangAssignExpressionImpl(ASSIGN_EXPRESSION)
                                DLangPostfixExpressionImpl(POSTFIX_EXPRESSION)
                                  DLangPrimaryExpressionImpl(PRIMARY_EXPRESSION)
                                    IDENTIFIER
                                      PsiElement(DLangTokenType.ID)('m')
                                DLangPostfixExpressionImpl(POSTFIX_EXPRESSION)
                                  DLangPrimaryExpressionImpl(PRIMARY_EXPRESSION)
                                    PsiElement(DLangTokenType..)('.')
                                    IDENTIFIER
                                      PsiElement(DLangTokenType.ID)('post')
                            PsiElement(DLangTokenType.))(')')
                    PsiElement(DLangTokenType.;)(';')
            PsiComment(DLangTokenType.LINE_COMMENT)('// prints [ef]')
            DLangStatementImpl(STATEMENT)
              DLangNonEmptyStatementImpl(NON_EMPTY_STATEMENT)
                DLangNonEmptyStatementNoCaseNoDefaultImpl(NON_EMPTY_STATEMENT_NO_CASE_NO_DEFAULT)
                  DLangExpressionStatementImpl(EXPRESSION_STATEMENT)
                    DLangCommaExpressionImpl(COMMA_EXPRESSION)
                      DLangAssignExpressionImpl(ASSIGN_EXPRESSION)
                        DLangPostfixExpressionImpl(POSTFIX_EXPRESSION)
                          DLangPrimaryExpressionImpl(PRIMARY_EXPRESSION)
                            IDENTIFIER
                              PsiElement(DLangTokenType.ID)('writefln')
                        DLangPostfixExpressionImpl(POSTFIX_EXPRESSION)
                          DLangPrimaryExpressionImpl(PRIMARY_EXPRESSION)
                            PsiElement(DLangTokenType.()('(')
                            DLangCommaExpressionImpl(COMMA_EXPRESSION)
                              DLangAssignExpressionImpl(ASSIGN_EXPRESSION)
                                DLangPostfixExpressionImpl(POSTFIX_EXPRESSION)
                                  DLangPrimaryExpressionImpl(PRIMARY_EXPRESSION)
                                    DLangStringLiteralsImpl(STRING_LITERALS)
                                      DLangStringLiteralImpl(STRING_LITERAL)
                                        PsiElement(DLangTokenType.DOUBLE_QUOTED_STRING)('"[%s]"')
                              PsiElement(DLangTokenType.,)(',')
                              DLangAssignExpressionImpl(ASSIGN_EXPRESSION)
                                DLangPostfixExpressionImpl(POSTFIX_EXPRESSION)
                                  DLangPrimaryExpressionImpl(PRIMARY_EXPRESSION)
                                    IDENTIFIER
                                      PsiElement(DLangTokenType.ID)('m')
                                DLangPostfixExpressionImpl(POSTFIX_EXPRESSION)
                                  DLangPrimaryExpressionImpl(PRIMARY_EXPRESSION)
                                    PsiElement(DLangTokenType..)('.')
                                    IDENTIFIER
                                      PsiElement(DLangTokenType.ID)('match')
                                DLangPostfixExpressionImpl(POSTFIX_EXPRESSION)
                                  DLangPrimaryExpressionImpl(PRIMARY_EXPRESSION)
                                    PsiElement(DLangTokenType.()('(')
                                    DLangCommaExpressionImpl(COMMA_EXPRESSION)
                                      DLangAssignExpressionImpl(ASSIGN_EXPRESSION)
                                        DLangPostfixExpressionImpl(POSTFIX_EXPRESSION)
                                          DLangPrimaryExpressionImpl(PRIMARY_EXPRESSION)
                                            PsiElement(DLangTokenType.INTEGER_LITERAL)('0')
                                    PsiElement(DLangTokenType.))(')')
                            PsiElement(DLangTokenType.))(')')
                    PsiElement(DLangTokenType.;)(';')
            PsiComment(DLangTokenType.LINE_COMMENT)('// prints [bcd]')
            DLangStatementImpl(STATEMENT)
              DLangNonEmptyStatementImpl(NON_EMPTY_STATEMENT)
                DLangNonEmptyStatementNoCaseNoDefaultImpl(NON_EMPTY_STATEMENT_NO_CASE_NO_DEFAULT)
                  DLangExpressionStatementImpl(EXPRESSION_STATEMENT)
                    DLangCommaExpressionImpl(COMMA_EXPRESSION)
                      DLangAssignExpressionImpl(ASSIGN_EXPRESSION)
                        DLangPostfixExpressionImpl(POSTFIX_EXPRESSION)
                          DLangPrimaryExpressionImpl(PRIMARY_EXPRESSION)
                            IDENTIFIER
                              PsiElement(DLangTokenType.ID)('writefln')
                        DLangPostfixExpressionImpl(POSTFIX_EXPRESSION)
                          DLangPrimaryExpressionImpl(PRIMARY_EXPRESSION)
                            PsiElement(DLangTokenType.()('(')
                            DLangCommaExpressionImpl(COMMA_EXPRESSION)
                              DLangAssignExpressionImpl(ASSIGN_EXPRESSION)
                                DLangPostfixExpressionImpl(POSTFIX_EXPRESSION)
                                  DLangPrimaryExpressionImpl(PRIMARY_EXPRESSION)
                                    DLangStringLiteralsImpl(STRING_LITERALS)
                                      DLangStringLiteralImpl(STRING_LITERAL)
                                        PsiElement(DLangTokenType.DOUBLE_QUOTED_STRING)('"[%s]"')
                              PsiElement(DLangTokenType.,)(',')
                              DLangAssignExpressionImpl(ASSIGN_EXPRESSION)
                                DLangPostfixExpressionImpl(POSTFIX_EXPRESSION)
                                  DLangPrimaryExpressionImpl(PRIMARY_EXPRESSION)
                                    IDENTIFIER
                                      PsiElement(DLangTokenType.ID)('m')
                                DLangPostfixExpressionImpl(POSTFIX_EXPRESSION)
                                  DLangPrimaryExpressionImpl(PRIMARY_EXPRESSION)
                                    PsiElement(DLangTokenType..)('.')
                                    IDENTIFIER
                                      PsiElement(DLangTokenType.ID)('match')
                                DLangPostfixExpressionImpl(POSTFIX_EXPRESSION)
                                  DLangPrimaryExpressionImpl(PRIMARY_EXPRESSION)
                                    PsiElement(DLangTokenType.()('(')
                                    DLangCommaExpressionImpl(COMMA_EXPRESSION)
                                      DLangAssignExpressionImpl(ASSIGN_EXPRESSION)
                                        DLangPostfixExpressionImpl(POSTFIX_EXPRESSION)
                                          DLangPrimaryExpressionImpl(PRIMARY_EXPRESSION)
                                            PsiElement(DLangTokenType.INTEGER_LITERAL)('1')
                                    PsiElement(DLangTokenType.))(')')
                            PsiElement(DLangTokenType.))(')')
                    PsiElement(DLangTokenType.;)(';')
            PsiComment(DLangTokenType.LINE_COMMENT)('// prints [c]')
            DLangStatementImpl(STATEMENT)
              DLangNonEmptyStatementImpl(NON_EMPTY_STATEMENT)
                DLangNonEmptyStatementNoCaseNoDefaultImpl(NON_EMPTY_STATEMENT_NO_CASE_NO_DEFAULT)
                  DLangExpressionStatementImpl(EXPRESSION_STATEMENT)
                    DLangCommaExpressionImpl(COMMA_EXPRESSION)
                      DLangAssignExpressionImpl(ASSIGN_EXPRESSION)
                        DLangPostfixExpressionImpl(POSTFIX_EXPRESSION)
                          DLangPrimaryExpressionImpl(PRIMARY_EXPRESSION)
                            IDENTIFIER
                              PsiElement(DLangTokenType.ID)('writefln')
                        DLangPostfixExpressionImpl(POSTFIX_EXPRESSION)
                          DLangPrimaryExpressionImpl(PRIMARY_EXPRESSION)
                            PsiElement(DLangTokenType.()('(')
                            DLangCommaExpressionImpl(COMMA_EXPRESSION)
                              DLangAssignExpressionImpl(ASSIGN_EXPRESSION)
                                DLangPostfixExpressionImpl(POSTFIX_EXPRESSION)
                                  DLangPrimaryExpressionImpl(PRIMARY_EXPRESSION)
                                    DLangStringLiteralsImpl(STRING_LITERALS)
                                      DLangStringLiteralImpl(STRING_LITERAL)
                                        PsiElement(DLangTokenType.DOUBLE_QUOTED_STRING)('"[%s]"')
                              PsiElement(DLangTokenType.,)(',')
                              DLangAssignExpressionImpl(ASSIGN_EXPRESSION)
                                DLangPostfixExpressionImpl(POSTFIX_EXPRESSION)
                                  DLangPrimaryExpressionImpl(PRIMARY_EXPRESSION)
                                    IDENTIFIER
                                      PsiElement(DLangTokenType.ID)('m')
                                DLangPostfixExpressionImpl(POSTFIX_EXPRESSION)
                                  DLangPrimaryExpressionImpl(PRIMARY_EXPRESSION)
                                    PsiElement(DLangTokenType..)('.')
                                    IDENTIFIER
                                      PsiElement(DLangTokenType.ID)('match')
                                DLangPostfixExpressionImpl(POSTFIX_EXPRESSION)
                                  DLangPrimaryExpressionImpl(PRIMARY_EXPRESSION)
                                    PsiElement(DLangTokenType.()('(')
                                    DLangCommaExpressionImpl(COMMA_EXPRESSION)
                                      DLangAssignExpressionImpl(ASSIGN_EXPRESSION)
                                        DLangPostfixExpressionImpl(POSTFIX_EXPRESSION)
                                          DLangPrimaryExpressionImpl(PRIMARY_EXPRESSION)
                                            PsiElement(DLangTokenType.INTEGER_LITERAL)('2')
                                    PsiElement(DLangTokenType.))(')')
                            PsiElement(DLangTokenType.))(')')
                    PsiElement(DLangTokenType.;)(';')
          PsiComment(DLangTokenType.LINE_COMMENT)('// prints []')
          PsiElement(DLangTokenType.})('}')
  DLangDeclDefsImpl(DECL_DEFS)
    DLangDeclDefImpl(DECL_DEF)
      DLangStaticElseConditionImpl(STATIC_ELSE_CONDITION)
        PsiElement(DLangTokenType.else)('else')
  PsiErrorElement:<decl def>, <import declaration>, DLangTokenType.(, DLangTokenType.*, DLangTokenType.., DLangTokenType.;, DLangTokenType.@, DLangTokenType.ID, DLangTokenType.[, DLangTokenType.__gshared, DLangTokenType.abstract, DLangTokenType.alias, DLangTokenType.align, DLangTokenType.auto, DLangTokenType.bool, DLangTokenType.byte, DLangTokenType.cdouble, DLangTokenType.cfloat, DLangTokenType.char, DLangTokenType.class, DLangTokenType.const, DLangTokenType.creal, DLangTokenType.dchar, DLangTokenType.debug, DLangTokenType.delegate, DLangTokenType.delete, DLangTokenType.deprecated, DLangTokenType.double, DLangTokenType.else, DLangTokenType.enum, DLangTokenType.export, DLangTokenType.extern, DLangTokenType.final, DLangTokenType.float, DLangTokenType.function, DLangTokenType.idouble, DLangTokenType.ifloat, DLangTokenType.immutable, DLangTokenType.inout, DLangTokenType.int, DLangTokenType.interface, DLangTokenType.invariant, DLangTokenType.ireal, DLangTokenType.long, DLangTokenType.mixin, DLangTokenType.new, DLangTokenType.nothrow, DLangTokenType.override, DLangTokenType.package, DLangTokenType.pragma and ... expected, got '{'
    <empty list>
  DLangStatementImpl(STATEMENT)
    DLangNonEmptyStatementImpl(NON_EMPTY_STATEMENT)
      DLangNonEmptyStatementNoCaseNoDefaultImpl(NON_EMPTY_STATEMENT_NO_CASE_NO_DEFAULT)
        DLangBlockStatementImpl(BLOCK_STATEMENT)
          PsiElement(DLangTokenType.{)('{')
          DLangStatementListImpl(STATEMENT_LIST)
            DLangStatementImpl(STATEMENT)
              DLangNonEmptyStatementImpl(NON_EMPTY_STATEMENT)
                DLangNonEmptyStatementNoCaseNoDefaultImpl(NON_EMPTY_STATEMENT_NO_CASE_NO_DEFAULT)
                  DLangExpressionStatementImpl(EXPRESSION_STATEMENT)
                    DLangCommaExpressionImpl(COMMA_EXPRESSION)
                      DLangAssignExpressionImpl(ASSIGN_EXPRESSION)
                        DLangPostfixExpressionImpl(POSTFIX_EXPRESSION)
                          DLangPrimaryExpressionImpl(PRIMARY_EXPRESSION)
                            IDENTIFIER
                              PsiElement(DLangTokenType.ID)('writeln')
                        DLangPostfixExpressionImpl(POSTFIX_EXPRESSION)
                          DLangPrimaryExpressionImpl(PRIMARY_EXPRESSION)
                            DLangTypeImpl(TYPE)
                              DLangBasicTypeImpl(BASIC_TYPE)
                                PsiElement(DLangTokenType.()('(')
                                DLangTypeImpl(TYPE)
                                  DLangBasicTypeImpl(BASIC_TYPE)
                                    DLangIdentifierListImpl(IDENTIFIER_LIST)
                                      IDENTIFIER
                                        PsiElement(DLangTokenType.ID)('m')
                                      PsiElement(DLangTokenType..)('.')
                                      DLangIdentifierListImpl(IDENTIFIER_LIST)
                                        IDENTIFIER
                                          PsiElement(DLangTokenType.ID)('post')
                                PsiElement(DLangTokenType.))(')')
                    PsiElement(DLangTokenType.;)(';')
          PsiComment(DLangTokenType.LINE_COMMENT)('// error, m undefined')
          PsiElement(DLangTokenType.})('}')
  DLangStatementImpl(STATEMENT)
    DLangNonEmptyStatementImpl(NON_EMPTY_STATEMENT)
      DLangNonEmptyStatementNoCaseNoDefaultImpl(NON_EMPTY_STATEMENT_NO_CASE_NO_DEFAULT)
        DLangExpressionStatementImpl(EXPRESSION_STATEMENT)
          DLangCommaExpressionImpl(COMMA_EXPRESSION)
            DLangAssignExpressionImpl(ASSIGN_EXPRESSION)
              DLangPostfixExpressionImpl(POSTFIX_EXPRESSION)
                DLangPrimaryExpressionImpl(PRIMARY_EXPRESSION)
                  IDENTIFIER
                    PsiElement(DLangTokenType.ID)('writeln')
              DLangPostfixExpressionImpl(POSTFIX_EXPRESSION)
                DLangPrimaryExpressionImpl(PRIMARY_EXPRESSION)
                  DLangTypeImpl(TYPE)
                    DLangBasicTypeImpl(BASIC_TYPE)
                      PsiElement(DLangTokenType.()('(')
                      DLangTypeImpl(TYPE)
                        DLangBasicTypeImpl(BASIC_TYPE)
                          DLangIdentifierListImpl(IDENTIFIER_LIST)
                            IDENTIFIER
                              PsiElement(DLangTokenType.ID)('m')
                            PsiElement(DLangTokenType..)('.')
                            DLangIdentifierListImpl(IDENTIFIER_LIST)
                              IDENTIFIER
                                PsiElement(DLangTokenType.ID)('pre')
                      PsiElement(DLangTokenType.))(')')
          PsiElement(DLangTokenType.;)(';')
  PsiComment(DLangTokenType.LINE_COMMENT)('// error, m undefined')