D Language File
  DLangDeclDefsImpl(DECL_DEFS)
    DLangDeclDefImpl(DECL_DEF)
      DLangDeclarationImpl(DECLARATION)
        FUNC_DECLARATION
          DLangBasicTypeImpl(BASIC_TYPE)
            DLangBasicTypeXImpl(BASIC_TYPE_X)
              PsiElement(DLangTokenType.void)('void')
          IDENTIFIER
            PsiElement(DLangTokenType.ID)('test')
          DLangFuncDeclaratorSuffixImpl(FUNC_DECLARATOR_SUFFIX)
            DLangParametersImpl(PARAMETERS)
              PsiElement(DLangTokenType.()('(')
              PsiElement(DLangTokenType.))(')')
          DLangFunctionBodyImpl(FUNCTION_BODY)
            DLangBlockStatementImpl(BLOCK_STATEMENT)
              PsiElement(DLangTokenType.{)('{')
              DLangStatementListImpl(STATEMENT_LIST)
                DLangStatementImpl(STATEMENT)
                  DLangNonEmptyStatementImpl(NON_EMPTY_STATEMENT)
                    DLangNonEmptyStatementNoCaseNoDefaultImpl(NON_EMPTY_STATEMENT_NO_CASE_NO_DEFAULT)
                      DLangForeachStatementImpl(FOREACH_STATEMENT)
                        DLangForeachImpl(FOREACH)
                          PsiElement(DLangTokenType.foreach)('foreach')
                        PsiElement(DLangTokenType.()('(')
                        DLangForeachTypeListImpl(FOREACH_TYPE_LIST)
                          DLangForeachTypeImpl(FOREACH_TYPE)
                            DLangTypeImpl(TYPE)
                              DLangBasicTypeImpl(BASIC_TYPE)
                                DLangBasicTypeXImpl(BASIC_TYPE_X)
                                  PsiElement(DLangTokenType.char)('char')
                            IDENTIFIER
                              PsiElement(DLangTokenType.ID)('c')
                        PsiElement(DLangTokenType.;)(';')
                        DLangForeachAggregateImpl(FOREACH_AGGREGATE)
                          DLangCommaExpressionImpl(COMMA_EXPRESSION)
                            DLangAssignExpressionImpl(ASSIGN_EXPRESSION)
                              DLangPostfixExpressionImpl(POSTFIX_EXPRESSION)
                                DLangPrimaryExpressionImpl(PRIMARY_EXPRESSION)
                                  DLangStringLiteralsImpl(STRING_LITERALS)
                                    DLangStringLiteralImpl(STRING_LITERAL)
                                      PsiElement(DLangTokenType.DOUBLE_QUOTED_STRING)('"ab"')
                        PsiElement(DLangTokenType.))(')')
                        DLangStatementImpl(STATEMENT)
                          DLangNonEmptyStatementImpl(NON_EMPTY_STATEMENT)
                            DLangNonEmptyStatementNoCaseNoDefaultImpl(NON_EMPTY_STATEMENT_NO_CASE_NO_DEFAULT)
                              DLangBlockStatementImpl(BLOCK_STATEMENT)
                                PsiElement(DLangTokenType.{)('{')
                                DLangStatementListImpl(STATEMENT_LIST)
                                  DLangStatementImpl(STATEMENT)
                                    DLangNonEmptyStatementImpl(NON_EMPTY_STATEMENT)
                                      DLangNonEmptyStatementNoCaseNoDefaultImpl(NON_EMPTY_STATEMENT_NO_CASE_NO_DEFAULT)
                                        DLangExpressionStatementImpl(EXPRESSION_STATEMENT)
                                          DLangCommaExpressionImpl(COMMA_EXPRESSION)
                                            DLangAssignExpressionImpl(ASSIGN_EXPRESSION)
                                              DLangPostfixExpressionImpl(POSTFIX_EXPRESSION)
                                                DLangPrimaryExpressionImpl(PRIMARY_EXPRESSION)
                                                  IDENTIFIER
                                                    PsiElement(DLangTokenType.ID)('writefln')
                                              DLangPostfixExpressionImpl(POSTFIX_EXPRESSION)
                                                DLangPrimaryExpressionImpl(PRIMARY_EXPRESSION)
                                                  PsiElement(DLangTokenType.()('(')
                                                  DLangCommaExpressionImpl(COMMA_EXPRESSION)
                                                    DLangAssignExpressionImpl(ASSIGN_EXPRESSION)
                                                      DLangPostfixExpressionImpl(POSTFIX_EXPRESSION)
                                                        DLangPrimaryExpressionImpl(PRIMARY_EXPRESSION)
                                                          DLangStringLiteralsImpl(STRING_LITERALS)
                                                            DLangStringLiteralImpl(STRING_LITERAL)
                                                              PsiElement(DLangTokenType.DOUBLE_QUOTED_STRING)('"'%s'"')
                                                    PsiElement(DLangTokenType.,)(',')
                                                    DLangAssignExpressionImpl(ASSIGN_EXPRESSION)
                                                      DLangPostfixExpressionImpl(POSTFIX_EXPRESSION)
                                                        DLangPrimaryExpressionImpl(PRIMARY_EXPRESSION)
                                                          IDENTIFIER
                                                            PsiElement(DLangTokenType.ID)('c')
                                                  PsiElement(DLangTokenType.))(')')
                                          PsiElement(DLangTokenType.;)(';')
                                PsiElement(DLangTokenType.})('}')
                DLangStatementImpl(STATEMENT)
                  DLangNonEmptyStatementImpl(NON_EMPTY_STATEMENT)
                    DLangNonEmptyStatementNoCaseNoDefaultImpl(NON_EMPTY_STATEMENT_NO_CASE_NO_DEFAULT)
                      DLangForeachStatementImpl(FOREACH_STATEMENT)
                        DLangForeachImpl(FOREACH)
                          PsiElement(DLangTokenType.foreach)('foreach')
                        PsiElement(DLangTokenType.()('(')
                        DLangForeachTypeListImpl(FOREACH_TYPE_LIST)
                          DLangForeachTypeImpl(FOREACH_TYPE)
                            DLangTypeImpl(TYPE)
                              DLangBasicTypeImpl(BASIC_TYPE)
                                DLangBasicTypeXImpl(BASIC_TYPE_X)
                                  PsiElement(DLangTokenType.wchar)('wchar')
                            IDENTIFIER
                              PsiElement(DLangTokenType.ID)('w')
                        PsiElement(DLangTokenType.;)(';')
                        DLangForeachAggregateImpl(FOREACH_AGGREGATE)
                          DLangCommaExpressionImpl(COMMA_EXPRESSION)
                            DLangAssignExpressionImpl(ASSIGN_EXPRESSION)
                              DLangPostfixExpressionImpl(POSTFIX_EXPRESSION)
                                DLangPrimaryExpressionImpl(PRIMARY_EXPRESSION)
                                  DLangStringLiteralsImpl(STRING_LITERALS)
                                    DLangStringLiteralImpl(STRING_LITERAL)
                                      PsiElement(DLangTokenType.DOUBLE_QUOTED_STRING)('"xy"')
                        PsiElement(DLangTokenType.))(')')
                        DLangStatementImpl(STATEMENT)
                          DLangNonEmptyStatementImpl(NON_EMPTY_STATEMENT)
                            DLangNonEmptyStatementNoCaseNoDefaultImpl(NON_EMPTY_STATEMENT_NO_CASE_NO_DEFAULT)
                              DLangBlockStatementImpl(BLOCK_STATEMENT)
                                PsiElement(DLangTokenType.{)('{')
                                DLangStatementListImpl(STATEMENT_LIST)
                                  DLangStatementImpl(STATEMENT)
                                    DLangNonEmptyStatementImpl(NON_EMPTY_STATEMENT)
                                      DLangNonEmptyStatementNoCaseNoDefaultImpl(NON_EMPTY_STATEMENT_NO_CASE_NO_DEFAULT)
                                        DLangExpressionStatementImpl(EXPRESSION_STATEMENT)
                                          DLangCommaExpressionImpl(COMMA_EXPRESSION)
                                            DLangAssignExpressionImpl(ASSIGN_EXPRESSION)
                                              DLangPostfixExpressionImpl(POSTFIX_EXPRESSION)
                                                DLangPrimaryExpressionImpl(PRIMARY_EXPRESSION)
                                                  IDENTIFIER
                                                    PsiElement(DLangTokenType.ID)('writefln')
                                              DLangPostfixExpressionImpl(POSTFIX_EXPRESSION)
                                                DLangPrimaryExpressionImpl(PRIMARY_EXPRESSION)
                                                  PsiElement(DLangTokenType.()('(')
                                                  DLangCommaExpressionImpl(COMMA_EXPRESSION)
                                                    DLangAssignExpressionImpl(ASSIGN_EXPRESSION)
                                                      DLangPostfixExpressionImpl(POSTFIX_EXPRESSION)
                                                        DLangPrimaryExpressionImpl(PRIMARY_EXPRESSION)
                                                          DLangStringLiteralsImpl(STRING_LITERALS)
                                                            DLangStringLiteralImpl(STRING_LITERAL)
                                                              PsiElement(DLangTokenType.DOUBLE_QUOTED_STRING)('"'%s'"')
                                                    PsiElement(DLangTokenType.,)(',')
                                                    DLangAssignExpressionImpl(ASSIGN_EXPRESSION)
                                                      DLangPostfixExpressionImpl(POSTFIX_EXPRESSION)
                                                        DLangPrimaryExpressionImpl(PRIMARY_EXPRESSION)
                                                          IDENTIFIER
                                                            PsiElement(DLangTokenType.ID)('w')
                                                  PsiElement(DLangTokenType.))(')')
                                          PsiElement(DLangTokenType.;)(';')
                                PsiElement(DLangTokenType.})('}')
              PsiElement(DLangTokenType.})('}')
