D Language File
  DLangDeclDefsImpl(DECL_DEFS)
    DLangDeclDefImpl(DECL_DEF)
      DLangDeclarationImpl(DECLARATION)
        DLangVarDeclarationsImpl(VAR_DECLARATIONS)
          DLangBasicTypeImpl(BASIC_TYPE)
            DLangBasicTypeXImpl(BASIC_TYPE_X)
              PsiElement(DLangTokenType.int)('int')
          DLangDeclaratorsImpl(DECLARATORS)
            DECLARATOR_INITIALIZER
              DLangVarDeclaratorImpl(VAR_DECLARATOR)
                IDENTIFIER
                  PsiElement(DLangTokenType.ID)('a')
          PsiElement(DLangTokenType.;)(';')
    PsiComment(DLangTokenType.LINE_COMMENT)('// declare a as type int and initialize it to 0')
    DLangDeclDefImpl(DECL_DEF)
      DLangDeclarationImpl(DECLARATION)
        DLangAggregateDeclarationImpl(AGGREGATE_DECLARATION)
          STRUCT_DECLARATION
            PsiElement(DLangTokenType.struct)('struct')
            IDENTIFIER
              PsiElement(DLangTokenType.ID)('S')
            DLangAggregateBodyImpl(AGGREGATE_BODY)
              PsiElement(DLangTokenType.{)('{')
              PsiElement(DLangTokenType.})('}')
    PsiComment(DLangTokenType.LINE_COMMENT)('// declare struct s')
    DLangDeclDefImpl(DECL_DEF)
      DLangDeclarationImpl(DECLARATION)
        ALIAS_DECLARATION
          PsiElement(DLangTokenType.alias)('alias')
          IDENTIFIER
            PsiElement(DLangTokenType.ID)('myint')
          PsiElement(DLangTokenType.=)('=')
          DLangTypeImpl(TYPE)
            DLangBasicTypeImpl(BASIC_TYPE)
              DLangBasicTypeXImpl(BASIC_TYPE_X)
                PsiElement(DLangTokenType.int)('int')
          PsiElement(DLangTokenType.;)(';')