D Language File
  DLanguageDeclDefsImpl(DECL_DEFS)
    DLanguageDeclDefImpl(DECL_DEF)
      DLanguageDeclarationImpl(DECLARATION)
        DLanguageVarDeclarationsImpl(VAR_DECLARATIONS)
          DLanguageBasicTypeImpl(BASIC_TYPE)
            DLanguageBasicTypeXImpl(BASIC_TYPE_X)
              PsiElement(DLanguageTokenType.int)('int')
          DLanguageDeclaratorsImpl(DECLARATORS)
            DLanguageDeclaratorInitializerImpl(DECLARATOR_INITIALIZER)
              DECLARATOR
                DLanguageVarDeclaratorImpl(VAR_DECLARATOR)
                  IDENTIFIER
                    PsiElement(DLanguageTokenType.ID)('i')
              PsiElement(DLanguageTokenType.=)('=')
              DLanguageInitializerImpl(INITIALIZER)
                DLanguageNonVoidInitializerImpl(NON_VOID_INITIALIZER)
                  DLanguageAssignExpressionImpl(ASSIGN_EXPRESSION)
                    DLanguagePostfixExpressionImpl(POSTFIX_EXPRESSION)
                      DLanguagePrimaryExpressionImpl(PRIMARY_EXPRESSION)
                        PsiElement(DLanguageTokenType.INTEGER_LITERAL)('0')
          PsiElement(DLanguageTokenType.;)(';')
  DLanguageStatementImpl(STATEMENT)
    DLanguageNonEmptyStatementImpl(NON_EMPTY_STATEMENT)
      DLanguageNonEmptyStatementNoCaseNoDefaultImpl(NON_EMPTY_STATEMENT_NO_CASE_NO_DEFAULT)
        DLanguageDoStatementImpl(DO_STATEMENT)
          PsiElement(DLanguageTokenType.do)('do')
          DLanguageScopeStatementImpl(SCOPE_STATEMENT)
            DLanguageNonEmptyStatementImpl(NON_EMPTY_STATEMENT)
              DLanguageNonEmptyStatementNoCaseNoDefaultImpl(NON_EMPTY_STATEMENT_NO_CASE_NO_DEFAULT)
                DLanguageBlockStatementImpl(BLOCK_STATEMENT)
                  PsiElement(DLanguageTokenType.{)('{')
                  DLanguageStatementListImpl(STATEMENT_LIST)
                    DLanguageStatementImpl(STATEMENT)
                      DLanguageNonEmptyStatementImpl(NON_EMPTY_STATEMENT)
                        DLanguageNonEmptyStatementNoCaseNoDefaultImpl(NON_EMPTY_STATEMENT_NO_CASE_NO_DEFAULT)
                          DLanguageDeclarationStatementImpl(DECLARATION_STATEMENT)
                            DLanguageDeclarationImpl(DECLARATION)
                              DLanguageVarDeclarationsImpl(VAR_DECLARATIONS)
                                DLanguageBasicTypeImpl(BASIC_TYPE)
                                  DLanguageIdentifierListImpl(IDENTIFIER_LIST)
                                    IDENTIFIER
                                      PsiElement(DLanguageTokenType.ID)('foo')
                                DLanguageDeclaratorsImpl(DECLARATORS)
                                  DLanguageDeclaratorInitializerImpl(DECLARATOR_INITIALIZER)
                                    DECLARATOR
                                      DLanguageAltDeclaratorImpl(ALT_DECLARATOR)
                                        PsiElement(DLanguageTokenType.()('(')
                                        DLanguageAltDeclaratorXImpl(ALT_DECLARATOR_X)
                                          IDENTIFIER
                                            PsiElement(DLanguageTokenType.ID)('i')
                                        PsiElement(DLanguageTokenType.))(')')
                                PsiElement(DLanguageTokenType.;)(';')
                  PsiElement(DLanguageTokenType.})('}')
          PsiElement(DLanguageTokenType.while)('while')
          PsiElement(DLanguageTokenType.()('(')
          DLanguageCommaExpressionImpl(COMMA_EXPRESSION)
            DLanguageAssignExpressionImpl(ASSIGN_EXPRESSION)
              PsiElement(DLanguageTokenType.++)('++')
              DLanguagePostfixExpressionImpl(POSTFIX_EXPRESSION)
                DLanguagePrimaryExpressionImpl(PRIMARY_EXPRESSION)
                  IDENTIFIER
                    PsiElement(DLanguageTokenType.ID)('i')
              DLanguageRelExpressionImpl(REL_EXPRESSION)
                PsiElement(DLanguageTokenType.<)('<')
                DLanguagePostfixExpressionImpl(POSTFIX_EXPRESSION)
                  DLanguagePrimaryExpressionImpl(PRIMARY_EXPRESSION)
                    PsiElement(DLanguageTokenType.INTEGER_LITERAL)('10')
          PsiElement(DLanguageTokenType.))(')')
          PsiElement(DLanguageTokenType.;)(';')