D Language File
  DLangDeclDefsImpl(DECL_DEFS)
    DLangDeclDefImpl(DECL_DEF)
      DLangDeclarationImpl(DECLARATION)
        DLangVarDeclarationsImpl(VAR_DECLARATIONS)
          DLangBasicTypeImpl(BASIC_TYPE)
            DLangBasicTypeXImpl(BASIC_TYPE_X)
              PsiElement(DLangTokenType.double)('double')
          DLangDeclaratorsImpl(DECLARATORS)
            DECLARATOR_INITIALIZER
              DLangVarDeclaratorImpl(VAR_DECLARATOR)
                DLangBasicType2Impl(BASIC_TYPE_2)
                  DLangBasicType2XImpl(BASIC_TYPE_2_X)
                    PsiElement(DLangTokenType.[)('[')
                    DLangTypeImpl(TYPE)
                      DLangBasicTypeImpl(BASIC_TYPE)
                        DLangIdentifierListImpl(IDENTIFIER_LIST)
                          IDENTIFIER
                            PsiElement(DLangTokenType.ID)('string')
                    PsiElement(DLangTokenType.])(']')
                IDENTIFIER
                  PsiElement(DLangTokenType.ID)('a')
          PsiElement(DLangTokenType.;)(';')
  PsiComment(DLangTokenType.LINE_COMMENT)('// index type is string, value type is double')
  DLangStatementImpl(STATEMENT)
    DLangNonEmptyStatementImpl(NON_EMPTY_STATEMENT)
      DLangNonEmptyStatementNoCaseNoDefaultImpl(NON_EMPTY_STATEMENT_NO_CASE_NO_DEFAULT)
        DLangForeachStatementImpl(FOREACH_STATEMENT)
          DLangForeachImpl(FOREACH)
            PsiElement(DLangTokenType.foreach)('foreach')
          PsiElement(DLangTokenType.()('(')
          DLangForeachTypeListImpl(FOREACH_TYPE_LIST)
            FOREACH_TYPE
              DLangTypeImpl(TYPE)
                DLangBasicTypeImpl(BASIC_TYPE)
                  DLangIdentifierListImpl(IDENTIFIER_LIST)
                    IDENTIFIER
                      PsiElement(DLangTokenType.ID)('string')
              IDENTIFIER
                PsiElement(DLangTokenType.ID)('s')
            PsiElement(DLangTokenType.,)(',')
            FOREACH_TYPE
              DLangTypeImpl(TYPE)
                DLangBasicTypeImpl(BASIC_TYPE)
                  DLangBasicTypeXImpl(BASIC_TYPE_X)
                    PsiElement(DLangTokenType.double)('double')
              IDENTIFIER
                PsiElement(DLangTokenType.ID)('d')
          PsiElement(DLangTokenType.;)(';')
          DLangForeachAggregateImpl(FOREACH_AGGREGATE)
            DLangCommaExpressionImpl(COMMA_EXPRESSION)
              DLangAssignExpressionImpl(ASSIGN_EXPRESSION)
                DLangPostfixExpressionImpl(POSTFIX_EXPRESSION)
                  DLangPrimaryExpressionImpl(PRIMARY_EXPRESSION)
                    IDENTIFIER
                      PsiElement(DLangTokenType.ID)('a')
          PsiElement(DLangTokenType.))(')')
          DLangStatementImpl(STATEMENT)
            DLangNonEmptyStatementImpl(NON_EMPTY_STATEMENT)
              DLangNonEmptyStatementNoCaseNoDefaultImpl(NON_EMPTY_STATEMENT_NO_CASE_NO_DEFAULT)
                DLangBlockStatementImpl(BLOCK_STATEMENT)
                  PsiElement(DLangTokenType.{)('{')
                  DLangStatementListImpl(STATEMENT_LIST)
                    DLangStatementImpl(STATEMENT)
                      DLangNonEmptyStatementImpl(NON_EMPTY_STATEMENT)
                        DLangNonEmptyStatementNoCaseNoDefaultImpl(NON_EMPTY_STATEMENT_NO_CASE_NO_DEFAULT)
                          DLangExpressionStatementImpl(EXPRESSION_STATEMENT)
                            DLangCommaExpressionImpl(COMMA_EXPRESSION)
                              DLangAssignExpressionImpl(ASSIGN_EXPRESSION)
                                DLangPostfixExpressionImpl(POSTFIX_EXPRESSION)
                                  DLangPrimaryExpressionImpl(PRIMARY_EXPRESSION)
                                    IDENTIFIER
                                      PsiElement(DLangTokenType.ID)('writefln')
                                DLangPostfixExpressionImpl(POSTFIX_EXPRESSION)
                                  DLangPrimaryExpressionImpl(PRIMARY_EXPRESSION)
                                    PsiElement(DLangTokenType.()('(')
                                    DLangCommaExpressionImpl(COMMA_EXPRESSION)
                                      DLangAssignExpressionImpl(ASSIGN_EXPRESSION)
                                        DLangPostfixExpressionImpl(POSTFIX_EXPRESSION)
                                          DLangPrimaryExpressionImpl(PRIMARY_EXPRESSION)
                                            DLangStringLiteralsImpl(STRING_LITERALS)
                                              DLangStringLiteralImpl(STRING_LITERAL)
                                                PsiElement(DLangTokenType.DOUBLE_QUOTED_STRING)('"a['%s'] = %g"')
                                      PsiElement(DLangTokenType.,)(',')
                                      DLangAssignExpressionImpl(ASSIGN_EXPRESSION)
                                        DLangPostfixExpressionImpl(POSTFIX_EXPRESSION)
                                          DLangPrimaryExpressionImpl(PRIMARY_EXPRESSION)
                                            IDENTIFIER
                                              PsiElement(DLangTokenType.ID)('s')
                                      PsiElement(DLangTokenType.,)(',')
                                      DLangAssignExpressionImpl(ASSIGN_EXPRESSION)
                                        DLangPostfixExpressionImpl(POSTFIX_EXPRESSION)
                                          DLangPrimaryExpressionImpl(PRIMARY_EXPRESSION)
                                            IDENTIFIER
                                              PsiElement(DLangTokenType.ID)('d')
                                    PsiElement(DLangTokenType.))(')')
                            PsiElement(DLangTokenType.;)(';')
                  PsiElement(DLangTokenType.})('}')