D Language File
  DLangDeclDefsImpl(DECL_DEFS)
    DLangDeclDefImpl(DECL_DEF)
      DLangDeclarationImpl(DECLARATION)
        DLangAggregateDeclarationImpl(AGGREGATE_DECLARATION)
          STRUCT_DECLARATION
            PsiElement(DLangTokenType.struct)('struct')
            IDENTIFIER
              PsiElement(DLangTokenType.ID)('S')
            DLangAggregateBodyImpl(AGGREGATE_BODY)
              PsiElement(DLangTokenType.{)('{')
              PsiElement(DLangTokenType.})('}')
    PsiComment(DLangTokenType.LINE_COMMENT)('// S has postblit or destructor')
    DLangDeclDefImpl(DECL_DEF)
      DLangDeclarationImpl(DECLARATION)
        DLangVarDeclarationsImpl(VAR_DECLARATIONS)
          DLangBasicTypeImpl(BASIC_TYPE)
            DLangIdentifierListImpl(IDENTIFIER_LIST)
              IDENTIFIER
                PsiElement(DLangTokenType.ID)('S')
          DLangDeclaratorsImpl(DECLARATORS)
            DECLARATOR_INITIALIZER
              DLangVarDeclaratorImpl(VAR_DECLARATOR)
                IDENTIFIER
                  PsiElement(DLangTokenType.ID)('s')
          PsiElement(DLangTokenType.;)(';')
    PsiComment(DLangTokenType.LINE_COMMENT)('// default construction of s')
    DLangDeclDefImpl(DECL_DEF)
      DLangDeclarationImpl(DECLARATION)
        DLangVarDeclarationsImpl(VAR_DECLARATIONS)
          DLangBasicTypeImpl(BASIC_TYPE)
            DLangIdentifierListImpl(IDENTIFIER_LIST)
              IDENTIFIER
                PsiElement(DLangTokenType.ID)('S')
          DLangDeclaratorsImpl(DECLARATORS)
            DECLARATOR_INITIALIZER
              DLangVarDeclaratorImpl(VAR_DECLARATOR)
                IDENTIFIER
                  PsiElement(DLangTokenType.ID)('t')
              PsiElement(DLangTokenType.=)('=')
              DLangInitializerImpl(INITIALIZER)
                DLangNonVoidInitializerImpl(NON_VOID_INITIALIZER)
                  DLangAssignExpressionImpl(ASSIGN_EXPRESSION)
                    DLangPostfixExpressionImpl(POSTFIX_EXPRESSION)
                      DLangPrimaryExpressionImpl(PRIMARY_EXPRESSION)
                        IDENTIFIER
                          PsiElement(DLangTokenType.ID)('s')
          PsiElement(DLangTokenType.;)(';')
    PsiComment(DLangTokenType.LINE_COMMENT)('// t is copy-constructed from s')
    DLangDeclDefImpl(DECL_DEF)
      DLangDeclarationImpl(DECLARATION)
        DLangVarDeclarationsImpl(VAR_DECLARATIONS)
          DLangAutoDeclarationImpl(AUTO_DECLARATION)
            DLangAutoDeclarationXImpl(AUTO_DECLARATION_X)
              AUTO_DECLARATION_Y
                IDENTIFIER
                  PsiElement(DLangTokenType.ID)('t')
                PsiElement(DLangTokenType.=)('=')
                DLangInitializerImpl(INITIALIZER)
                  DLangNonVoidInitializerImpl(NON_VOID_INITIALIZER)
                    DLangAssignExpressionImpl(ASSIGN_EXPRESSION)
                      DLangPostfixExpressionImpl(POSTFIX_EXPRESSION)
                        DLangPrimaryExpressionImpl(PRIMARY_EXPRESSION)
                          IDENTIFIER
                            PsiElement(DLangTokenType.ID)('s')
            PsiElement(DLangTokenType.;)(';')
    PsiComment(DLangTokenType.LINE_COMMENT)('// t is assigned from s')
    DLangDeclDefImpl(DECL_DEF)
      DLangDeclarationImpl(DECLARATION)
        DLangVarDeclarationsImpl(VAR_DECLARATIONS)
          DLangBasicTypeImpl(BASIC_TYPE)
            DLangIdentifierListImpl(IDENTIFIER_LIST)
              IDENTIFIER
                PsiElement(DLangTokenType.ID)('t')
              PsiElement(DLangTokenType..)('.')
              DLangIdentifierListImpl(IDENTIFIER_LIST)
                IDENTIFIER
                  PsiElement(DLangTokenType.ID)('opAssign')
          DLangDeclaratorsImpl(DECLARATORS)
            DECLARATOR_INITIALIZER
              DLangAltDeclaratorImpl(ALT_DECLARATOR)
                PsiElement(DLangTokenType.()('(')
                DLangAltDeclaratorXImpl(ALT_DECLARATOR_X)
                  IDENTIFIER
                    PsiElement(DLangTokenType.ID)('s')
                PsiElement(DLangTokenType.))(')')
          PsiElement(DLangTokenType.;)(';')
    DLangDeclDefImpl(DECL_DEF)
      DLangAttributeSpecifierImpl(ATTRIBUTE_SPECIFIER)
        DLangAttributeImpl(ATTRIBUTE)
          PsiElement(DLangTokenType.ref)('ref')
        DLangDeclarationBlockImpl(DECLARATION_BLOCK)
          DLangDeclDefImpl(DECL_DEF)
            DLangDeclarationImpl(DECLARATION)
              FUNC_DECLARATION
                DLangBasicTypeImpl(BASIC_TYPE)
                  DLangIdentifierListImpl(IDENTIFIER_LIST)
                    IDENTIFIER
                      PsiElement(DLangTokenType.ID)('S')
                IDENTIFIER
                  PsiElement(DLangTokenType.ID)('opAssign')
                DLangFuncDeclaratorSuffixImpl(FUNC_DECLARATOR_SUFFIX)
                  DLangParametersImpl(PARAMETERS)
                    PsiElement(DLangTokenType.()('(')
                    DLangParameterListImpl(PARAMETER_LIST)
                      PARAMETER
                        DLangBasicTypeImpl(BASIC_TYPE)
                          DLangIdentifierListImpl(IDENTIFIER_LIST)
                            IDENTIFIER
                              PsiElement(DLangTokenType.ID)('S')
                        DLangDeclaratorImpl(DECLARATOR)
                          DLangVarDeclaratorImpl(VAR_DECLARATOR)
                            IDENTIFIER
                              PsiElement(DLangTokenType.ID)('s')
                    PsiElement(DLangTokenType.))(')')
                DLangFunctionBodyImpl(FUNCTION_BODY)
                  DLangBlockStatementImpl(BLOCK_STATEMENT)
                    PsiElement(DLangTokenType.{)('{')
                    DLangStatementListImpl(STATEMENT_LIST)
                      DLangStatementImpl(STATEMENT)
                        DLangNonEmptyStatementImpl(NON_EMPTY_STATEMENT)
                          DLangNonEmptyStatementNoCaseNoDefaultImpl(NON_EMPTY_STATEMENT_NO_CASE_NO_DEFAULT)
                            DLangDeclarationStatementImpl(DECLARATION_STATEMENT)
                              DLangDeclarationImpl(DECLARATION)
                                DLangVarDeclarationsImpl(VAR_DECLARATIONS)
                                  DLangBasicTypeImpl(BASIC_TYPE)
                                    DLangIdentifierListImpl(IDENTIFIER_LIST)
                                      IDENTIFIER
                                        PsiElement(DLangTokenType.ID)('S')
                                  DLangDeclaratorsImpl(DECLARATORS)
                                    DECLARATOR_INITIALIZER
                                      DLangVarDeclaratorImpl(VAR_DECLARATOR)
                                        IDENTIFIER
                                          PsiElement(DLangTokenType.ID)('tmp')
                                      PsiElement(DLangTokenType.=)('=')
                                      DLangInitializerImpl(INITIALIZER)
                                        DLangNonVoidInitializerImpl(NON_VOID_INITIALIZER)
                                          DLangAssignExpressionImpl(ASSIGN_EXPRESSION)
                                            DLangPostfixExpressionImpl(POSTFIX_EXPRESSION)
                                              DLangPrimaryExpressionImpl(PRIMARY_EXPRESSION)
                                                PsiElement(DLangTokenType.this)('this')
                                  PsiElement(DLangTokenType.;)(';')
                      PsiComment(DLangTokenType.LINE_COMMENT)('// bitcopy this into tmp')
                      DLangStatementImpl(STATEMENT)
                        DLangNonEmptyStatementImpl(NON_EMPTY_STATEMENT)
                          DLangNonEmptyStatementNoCaseNoDefaultImpl(NON_EMPTY_STATEMENT_NO_CASE_NO_DEFAULT)
                            DLangExpressionStatementImpl(EXPRESSION_STATEMENT)
                              DLangCommaExpressionImpl(COMMA_EXPRESSION)
                                DLangAssignExpressionImpl(ASSIGN_EXPRESSION)
                                  DLangPostfixExpressionImpl(POSTFIX_EXPRESSION)
                                    DLangPrimaryExpressionImpl(PRIMARY_EXPRESSION)
                                      PsiElement(DLangTokenType.this)('this')
                                  PsiElement(DLangTokenType.=)('=')
                                  DLangAssignExpressionImpl(ASSIGN_EXPRESSION)
                                    DLangPostfixExpressionImpl(POSTFIX_EXPRESSION)
                                      DLangPrimaryExpressionImpl(PRIMARY_EXPRESSION)
                                        IDENTIFIER
                                          PsiElement(DLangTokenType.ID)('s')
                              PsiElement(DLangTokenType.;)(';')
                      PsiComment(DLangTokenType.LINE_COMMENT)('// bitcopy s into this')
                      DLangStatementImpl(STATEMENT)
                        DLangNonEmptyStatementImpl(NON_EMPTY_STATEMENT)
                          DLangNonEmptyStatementNoCaseNoDefaultImpl(NON_EMPTY_STATEMENT_NO_CASE_NO_DEFAULT)
                            DLangExpressionStatementImpl(EXPRESSION_STATEMENT)
                              DLangCommaExpressionImpl(COMMA_EXPRESSION)
                                DLangAssignExpressionImpl(ASSIGN_EXPRESSION)
                                  DLangPostfixExpressionImpl(POSTFIX_EXPRESSION)
                                    DLangPrimaryExpressionImpl(PRIMARY_EXPRESSION)
                                      IDENTIFIER
                                        PsiElement(DLangTokenType.ID)('tmp')
                                  DLangPostfixExpressionImpl(POSTFIX_EXPRESSION)
                                    DLangPrimaryExpressionImpl(PRIMARY_EXPRESSION)
                                      PsiElement(DLangTokenType.FLOAT_LITERAL)('.__')
                                  DLangPostfixExpressionImpl(POSTFIX_EXPRESSION)
                                    DLangPrimaryExpressionImpl(PRIMARY_EXPRESSION)
                                      IDENTIFIER
                                        PsiElement(DLangTokenType.ID)('dtor')
                                  DLangPostfixExpressionImpl(POSTFIX_EXPRESSION)
                                    DLangPrimaryExpressionImpl(PRIMARY_EXPRESSION)
                                      DLangFunctionLiteralImpl(FUNCTION_LITERAL)
                                        DLangParameterMemberAttributesImpl(PARAMETER_MEMBER_ATTRIBUTES)
                                          DLangParametersImpl(PARAMETERS)
                                            PsiElement(DLangTokenType.()('(')
                                            PsiElement(DLangTokenType.))(')')
                              PsiElement(DLangTokenType.;)(';')
                      PsiComment(DLangTokenType.LINE_COMMENT)('// call destructor on tmp')
                      DLangStatementImpl(STATEMENT)
                        DLangNonEmptyStatementImpl(NON_EMPTY_STATEMENT)
                          DLangNonEmptyStatementNoCaseNoDefaultImpl(NON_EMPTY_STATEMENT_NO_CASE_NO_DEFAULT)
                            DLangReturnStatementImpl(RETURN_STATEMENT)
                              PsiElement(DLangTokenType.return)('return')
                              DLangCommaExpressionImpl(COMMA_EXPRESSION)
                                DLangAssignExpressionImpl(ASSIGN_EXPRESSION)
                                  DLangPostfixExpressionImpl(POSTFIX_EXPRESSION)
                                    DLangPrimaryExpressionImpl(PRIMARY_EXPRESSION)
                                      PsiElement(DLangTokenType.this)('this')
                              PsiElement(DLangTokenType.;)(';')
                    PsiElement(DLangTokenType.})('}')
    DLangDeclDefImpl(DECL_DEF)
      DLangDeclarationImpl(DECLARATION)
        DLangAggregateDeclarationImpl(AGGREGATE_DECLARATION)
          STRUCT_DECLARATION
            PsiElement(DLangTokenType.struct)('struct')
            IDENTIFIER
              PsiElement(DLangTokenType.ID)('S')
            DLangAggregateBodyImpl(AGGREGATE_BODY)
              PsiElement(DLangTokenType.{)('{')
              DLangDeclDefsImpl(DECL_DEFS)
                DLangDeclDefImpl(DECL_DEF)
                  DLangDeclarationImpl(DECLARATION)
                    DLangVarDeclarationsImpl(VAR_DECLARATIONS)
                      DLangBasicTypeImpl(BASIC_TYPE)
                        DLangBasicTypeXImpl(BASIC_TYPE_X)
                          PsiElement(DLangTokenType.int)('int')
                      DLangDeclaratorsImpl(DECLARATORS)
                        DECLARATOR_INITIALIZER
                          DLangVarDeclaratorImpl(VAR_DECLARATOR)
                            DLangBasicType2Impl(BASIC_TYPE_2)
                              DLangBasicType2XImpl(BASIC_TYPE_2_X)
                                PsiElement(DLangTokenType.[)('[')
                                PsiElement(DLangTokenType.])(']')
                            IDENTIFIER
                              PsiElement(DLangTokenType.ID)('buf')
                      PsiElement(DLangTokenType.;)(';')
                DLangDeclDefImpl(DECL_DEF)
                  DLangDeclarationImpl(DECLARATION)
                    DLangVarDeclarationsImpl(VAR_DECLARATIONS)
                      DLangBasicTypeImpl(BASIC_TYPE)
                        DLangBasicTypeXImpl(BASIC_TYPE_X)
                          PsiElement(DLangTokenType.int)('int')
                      DLangDeclaratorsImpl(DECLARATORS)
                        DECLARATOR_INITIALIZER
                          DLangVarDeclaratorImpl(VAR_DECLARATOR)
                            IDENTIFIER
                              PsiElement(DLangTokenType.ID)('a')
                      PsiElement(DLangTokenType.;)(';')
                DLangDeclDefImpl(DECL_DEF)
                  DLangAttributeSpecifierImpl(ATTRIBUTE_SPECIFIER)
                    DLangAttributeImpl(ATTRIBUTE)
                      PsiElement(DLangTokenType.ref)('ref')
                    DLangDeclarationBlockImpl(DECLARATION_BLOCK)
                      DLangDeclDefImpl(DECL_DEF)
                        DLangDeclarationImpl(DECLARATION)
                          FUNC_DECLARATION
                            DLangBasicTypeImpl(BASIC_TYPE)
                              DLangIdentifierListImpl(IDENTIFIER_LIST)
                                IDENTIFIER
                                  PsiElement(DLangTokenType.ID)('S')
                            IDENTIFIER
                              PsiElement(DLangTokenType.ID)('opAssign')
                            DLangFuncDeclaratorSuffixImpl(FUNC_DECLARATOR_SUFFIX)
                              DLangParametersImpl(PARAMETERS)
                                PsiElement(DLangTokenType.()('(')
                                DLangParameterListImpl(PARAMETER_LIST)
                                  PARAMETER
                                    DLangInOutImpl(IN_OUT)
                                      DLangInOutXImpl(IN_OUT_X)
                                        PsiElement(DLangTokenType.ref)('ref')
                                      DLangInOutXImpl(IN_OUT_X)
                                        DLangTypeCtorImpl(TYPE_CTOR)
                                          PsiElement(DLangTokenType.const)('const')
                                    DLangBasicTypeImpl(BASIC_TYPE)
                                      DLangIdentifierListImpl(IDENTIFIER_LIST)
                                        IDENTIFIER
                                          PsiElement(DLangTokenType.ID)('S')
                                    DLangDeclaratorImpl(DECLARATOR)
                                      DLangVarDeclaratorImpl(VAR_DECLARATOR)
                                        IDENTIFIER
                                          PsiElement(DLangTokenType.ID)('s')
                                PsiElement(DLangTokenType.))(')')
                            DLangFunctionBodyImpl(FUNCTION_BODY)
                              DLangBlockStatementImpl(BLOCK_STATEMENT)
                                PsiElement(DLangTokenType.{)('{')
                                DLangStatementListImpl(STATEMENT_LIST)
                                  DLangStatementImpl(STATEMENT)
                                    DLangNonEmptyStatementImpl(NON_EMPTY_STATEMENT)
                                      DLangNonEmptyStatementNoCaseNoDefaultImpl(NON_EMPTY_STATEMENT_NO_CASE_NO_DEFAULT)
                                        DLangDeclarationStatementImpl(DECLARATION_STATEMENT)
                                          DLangDeclarationImpl(DECLARATION)
                                            DLangVarDeclarationsImpl(VAR_DECLARATIONS)
                                              DLangAutoDeclarationImpl(AUTO_DECLARATION)
                                                DLangAutoDeclarationXImpl(AUTO_DECLARATION_X)
                                                  AUTO_DECLARATION_Y
                                                    IDENTIFIER
                                                      PsiElement(DLangTokenType.ID)('a')
                                                    PsiElement(DLangTokenType.=)('=')
                                                    DLangInitializerImpl(INITIALIZER)
                                                      DLangNonVoidInitializerImpl(NON_VOID_INITIALIZER)
                                                        DLangAssignExpressionImpl(ASSIGN_EXPRESSION)
                                                          DLangPostfixExpressionImpl(POSTFIX_EXPRESSION)
                                                            DLangPrimaryExpressionImpl(PRIMARY_EXPRESSION)
                                                              IDENTIFIER
                                                                PsiElement(DLangTokenType.ID)('s')
                                                          DLangPostfixExpressionImpl(POSTFIX_EXPRESSION)
                                                            DLangPrimaryExpressionImpl(PRIMARY_EXPRESSION)
                                                              PsiElement(DLangTokenType..)('.')
                                                              IDENTIFIER
                                                                PsiElement(DLangTokenType.ID)('a')
                                                PsiElement(DLangTokenType.;)(';')
                                  DLangStatementImpl(STATEMENT)
                                    DLangNonEmptyStatementImpl(NON_EMPTY_STATEMENT)
                                      DLangNonEmptyStatementNoCaseNoDefaultImpl(NON_EMPTY_STATEMENT_NO_CASE_NO_DEFAULT)
                                        DLangReturnStatementImpl(RETURN_STATEMENT)
                                          PsiElement(DLangTokenType.return)('return')
                                          DLangCommaExpressionImpl(COMMA_EXPRESSION)
                                            DLangAssignExpressionImpl(ASSIGN_EXPRESSION)
                                              DLangPostfixExpressionImpl(POSTFIX_EXPRESSION)
                                                DLangPrimaryExpressionImpl(PRIMARY_EXPRESSION)
                                                  PsiElement(DLangTokenType.this)('this')
                                          PsiElement(DLangTokenType.;)(';')
                                PsiElement(DLangTokenType.})('}')
                DLangDeclDefImpl(DECL_DEF)
                  DLangPostblitImpl(POSTBLIT)
                    PsiElement(DLangTokenType.this)('this')
                    PsiElement(DLangTokenType.()('(')
                    PsiElement(DLangTokenType.this)('this')
                    PsiElement(DLangTokenType.))(')')
                    DLangFunctionBodyImpl(FUNCTION_BODY)
                      DLangBlockStatementImpl(BLOCK_STATEMENT)
                        PsiElement(DLangTokenType.{)('{')
                        DLangStatementListImpl(STATEMENT_LIST)
                          DLangStatementImpl(STATEMENT)
                            DLangNonEmptyStatementImpl(NON_EMPTY_STATEMENT)
                              DLangNonEmptyStatementNoCaseNoDefaultImpl(NON_EMPTY_STATEMENT_NO_CASE_NO_DEFAULT)
                                DLangDeclarationStatementImpl(DECLARATION_STATEMENT)
                                  DLangDeclarationImpl(DECLARATION)
                                    DLangVarDeclarationsImpl(VAR_DECLARATIONS)
                                      DLangAutoDeclarationImpl(AUTO_DECLARATION)
                                        DLangAutoDeclarationXImpl(AUTO_DECLARATION_X)
                                          AUTO_DECLARATION_Y
                                            IDENTIFIER
                                              PsiElement(DLangTokenType.ID)('buf')
                                            PsiElement(DLangTokenType.=)('=')
                                            DLangInitializerImpl(INITIALIZER)
                                              DLangNonVoidInitializerImpl(NON_VOID_INITIALIZER)
                                                DLangAssignExpressionImpl(ASSIGN_EXPRESSION)
                                                  DLangPostfixExpressionImpl(POSTFIX_EXPRESSION)
                                                    DLangPrimaryExpressionImpl(PRIMARY_EXPRESSION)
                                                      IDENTIFIER
                                                        PsiElement(DLangTokenType.ID)('buf')
                                                  DLangPostfixExpressionImpl(POSTFIX_EXPRESSION)
                                                    DLangPrimaryExpressionImpl(PRIMARY_EXPRESSION)
                                                      PsiElement(DLangTokenType..)('.')
                                                      IDENTIFIER
                                                        PsiElement(DLangTokenType.ID)('dup')
                                        PsiElement(DLangTokenType.;)(';')
                        PsiElement(DLangTokenType.})('}')
              PsiElement(DLangTokenType.})('}')