D Language File
  DLanguageDeclDefsImpl(DECL_DEFS)
    DLanguageDeclDefImpl(DECL_DEF)
      DLanguageDeclarationImpl(DECLARATION)
        DLanguageAggregateDeclarationImpl(AGGREGATE_DECLARATION)
          STRUCT_DECLARATION
            PsiElement(DLanguageTokenType.struct)('struct')
            IDENTIFIER
              PsiElement(DLanguageTokenType.ID)('S')
            DLanguageAggregateBodyImpl(AGGREGATE_BODY)
              PsiElement(DLanguageTokenType.{)('{')
              DLanguageDeclDefsImpl(DECL_DEFS)
                DLanguageDeclDefImpl(DECL_DEF)
                  DLanguageDeclarationImpl(DECLARATION)
                    DLanguageVarDeclarationsImpl(VAR_DECLARATIONS)
                      DLanguageBasicTypeImpl(BASIC_TYPE)
                        DLanguageBasicTypeXImpl(BASIC_TYPE_X)
                          PsiElement(DLanguageTokenType.int)('int')
                      DLanguageDeclaratorsImpl(DECLARATORS)
                        DLanguageDeclaratorInitializerImpl(DECLARATOR_INITIALIZER)
                          DECLARATOR
                            DLanguageVarDeclaratorImpl(VAR_DECLARATOR)
                              IDENTIFIER
                                PsiElement(DLanguageTokenType.ID)('x')
                      PsiElement(DLanguageTokenType.;)(';')
                DLanguageDeclDefImpl(DECL_DEF)
                  DLanguageDeclarationImpl(DECLARATION)
                    DLanguageVarDeclarationsImpl(VAR_DECLARATIONS)
                      DLanguageBasicTypeImpl(BASIC_TYPE)
                        DLanguageBasicTypeXImpl(BASIC_TYPE_X)
                          PsiElement(DLanguageTokenType.float)('float')
                      DLanguageDeclaratorsImpl(DECLARATORS)
                        DLanguageDeclaratorInitializerImpl(DECLARATOR_INITIALIZER)
                          DECLARATOR
                            DLanguageVarDeclaratorImpl(VAR_DECLARATOR)
                              IDENTIFIER
                                PsiElement(DLanguageTokenType.ID)('y')
                      PsiElement(DLanguageTokenType.;)(';')
              PsiElement(DLanguageTokenType.})('}')
    DLanguageDeclDefImpl(DECL_DEF)
      DLanguageDeclarationImpl(DECLARATION)
        FUNC_DECLARATION
          DLanguageBasicTypeImpl(BASIC_TYPE)
            DLanguageBasicTypeXImpl(BASIC_TYPE_X)
              PsiElement(DLanguageTokenType.int)('int')
          IDENTIFIER
            PsiElement(DLanguageTokenType.ID)('foo')
          DLanguageFuncDeclaratorSuffixImpl(FUNC_DECLARATOR_SUFFIX)
            DLanguageParametersImpl(PARAMETERS)
              PsiElement(DLanguageTokenType.()('(')
              DLanguageParameterListImpl(PARAMETER_LIST)
                DLanguageParameterImpl(PARAMETER)
                  DLanguageBasicTypeImpl(BASIC_TYPE)
                    DLanguageIdentifierListImpl(IDENTIFIER_LIST)
                      IDENTIFIER
                        PsiElement(DLanguageTokenType.ID)('S')
                  DECLARATOR
                    DLanguageVarDeclaratorImpl(VAR_DECLARATOR)
                      IDENTIFIER
                        PsiElement(DLanguageTokenType.ID)('s')
              PsiElement(DLanguageTokenType.))(')')
          DLanguageFunctionBodyImpl(FUNCTION_BODY)
            DLanguageBlockStatementImpl(BLOCK_STATEMENT)
              PsiElement(DLanguageTokenType.{)('{')
              DLanguageStatementListImpl(STATEMENT_LIST)
                DLanguageStatementImpl(STATEMENT)
                  DLanguageNonEmptyStatementImpl(NON_EMPTY_STATEMENT)
                    DLanguageNonEmptyStatementNoCaseNoDefaultImpl(NON_EMPTY_STATEMENT_NO_CASE_NO_DEFAULT)
                      DLanguageReturnStatementImpl(RETURN_STATEMENT)
                        PsiElement(DLanguageTokenType.return)('return')
                        DLanguageCommaExpressionImpl(COMMA_EXPRESSION)
                          DLanguageAssignExpressionImpl(ASSIGN_EXPRESSION)
                            DLanguagePostfixExpressionImpl(POSTFIX_EXPRESSION)
                              DLanguagePrimaryExpressionImpl(PRIMARY_EXPRESSION)
                                IDENTIFIER
                                  PsiElement(DLanguageTokenType.ID)('s')
                            DLanguagePostfixExpressionImpl(POSTFIX_EXPRESSION)
                              DLanguagePrimaryExpressionImpl(PRIMARY_EXPRESSION)
                                PsiElement(DLanguageTokenType..)('.')
                                IDENTIFIER
                                  PsiElement(DLanguageTokenType.ID)('x')
                        PsiElement(DLanguageTokenType.;)(';')
              PsiElement(DLanguageTokenType.})('}')
  DLanguageStatementImpl(STATEMENT)
    DLanguageNonEmptyStatementImpl(NON_EMPTY_STATEMENT)
      DLanguageNonEmptyStatementNoCaseNoDefaultImpl(NON_EMPTY_STATEMENT_NO_CASE_NO_DEFAULT)
        DLanguageExpressionStatementImpl(EXPRESSION_STATEMENT)
          DLanguageCommaExpressionImpl(COMMA_EXPRESSION)
            DLanguageAssignExpressionImpl(ASSIGN_EXPRESSION)
              DLanguagePostfixExpressionImpl(POSTFIX_EXPRESSION)
                DLanguagePrimaryExpressionImpl(PRIMARY_EXPRESSION)
                  IDENTIFIER
                    PsiElement(DLanguageTokenType.ID)('foo')
              DLanguagePostfixExpressionImpl(POSTFIX_EXPRESSION)
                DLanguagePrimaryExpressionImpl(PRIMARY_EXPRESSION)
                  PsiElement(DLanguageTokenType.()('(')
                  DLanguageCommaExpressionImpl(COMMA_EXPRESSION)
                    DLanguageAssignExpressionImpl(ASSIGN_EXPRESSION)
                      DLanguagePostfixExpressionImpl(POSTFIX_EXPRESSION)
                        DLanguagePrimaryExpressionImpl(PRIMARY_EXPRESSION)
                          IDENTIFIER
                            PsiElement(DLanguageTokenType.ID)('S')
                      DLanguagePostfixExpressionImpl(POSTFIX_EXPRESSION)
                        DLanguagePrimaryExpressionImpl(PRIMARY_EXPRESSION)
                          PsiElement(DLanguageTokenType.()('(')
                          DLanguageCommaExpressionImpl(COMMA_EXPRESSION)
                            DLanguageAssignExpressionImpl(ASSIGN_EXPRESSION)
                              DLanguagePostfixExpressionImpl(POSTFIX_EXPRESSION)
                                DLanguagePrimaryExpressionImpl(PRIMARY_EXPRESSION)
                                  PsiElement(DLanguageTokenType.INTEGER_LITERAL)('1')
                            PsiElement(DLanguageTokenType.,)(',')
                            DLanguageAssignExpressionImpl(ASSIGN_EXPRESSION)
                              DLanguagePostfixExpressionImpl(POSTFIX_EXPRESSION)
                                DLanguagePrimaryExpressionImpl(PRIMARY_EXPRESSION)
                                  PsiElement(DLanguageTokenType.INTEGER_LITERAL)('2')
                          PsiElement(DLanguageTokenType.))(')')
                  PsiElement(DLanguageTokenType.))(')')
          PsiElement(DLanguageTokenType.;)(';')
  PsiComment(DLanguageTokenType.LINE_COMMENT)('// set field x to 1, field y to 2')