D Language File
  DLangDeclDefsImpl(DECL_DEFS)
    DLangDeclDefImpl(DECL_DEF)
      DLangDeclarationImpl(DECLARATION)
        TEMPLATE_DECLARATION
          PsiElement(DLangTokenType.template)('template')
          IDENTIFIER
            PsiElement(DLangTokenType.ID)('Foo')
          DLangTemplateParametersImpl(TEMPLATE_PARAMETERS)
            PsiElement(DLangTokenType.()('(')
            DLangTemplateParameterListImpl(TEMPLATE_PARAMETER_LIST)
              TEMPLATE_PARAMETER
                DLangTemplateTypeParameterImpl(TEMPLATE_TYPE_PARAMETER)
                  DLangTypeImpl(TYPE)
                    DLangBasicTypeImpl(BASIC_TYPE)
                      DLangIdentifierListImpl(IDENTIFIER_LIST)
                        IDENTIFIER
                          PsiElement(DLangTokenType.ID)('T')
            PsiElement(DLangTokenType.))(')')
          DLangAggregateBodyImpl(AGGREGATE_BODY)
            PsiElement(DLangTokenType.{)('{')
            PsiElement(DLangTokenType.})('}')
    PsiComment(DLangTokenType.LINE_COMMENT)('// #1')
    DLangDeclDefImpl(DECL_DEF)
      DLangDeclarationImpl(DECLARATION)
        TEMPLATE_DECLARATION
          PsiElement(DLangTokenType.template)('template')
          IDENTIFIER
            PsiElement(DLangTokenType.ID)('Foo')
          DLangTemplateParametersImpl(TEMPLATE_PARAMETERS)
            PsiElement(DLangTokenType.()('(')
            DLangTemplateParameterListImpl(TEMPLATE_PARAMETER_LIST)
              TEMPLATE_PARAMETER
                DLangTemplateTypeParameterImpl(TEMPLATE_TYPE_PARAMETER)
                  DLangTypeImpl(TYPE)
                    DLangBasicTypeImpl(BASIC_TYPE)
                      DLangBasicTypeXImpl(BASIC_TYPE_X)
                        PsiElement(DLangTokenType.int)('int')
                  IDENTIFIER
                    PsiElement(DLangTokenType.ID)('n')
            PsiElement(DLangTokenType.))(')')
          DLangAggregateBodyImpl(AGGREGATE_BODY)
            PsiElement(DLangTokenType.{)('{')
            PsiElement(DLangTokenType.})('}')
    PsiComment(DLangTokenType.LINE_COMMENT)('// #2')
    DLangDeclDefImpl(DECL_DEF)
      DLangDeclarationImpl(DECLARATION)
        TEMPLATE_DECLARATION
          PsiElement(DLangTokenType.template)('template')
          IDENTIFIER
            PsiElement(DLangTokenType.ID)('Foo')
          DLangTemplateParametersImpl(TEMPLATE_PARAMETERS)
            PsiElement(DLangTokenType.()('(')
            DLangTemplateParameterListImpl(TEMPLATE_PARAMETER_LIST)
              TEMPLATE_PARAMETER
                DLangTemplateAliasParameterImpl(TEMPLATE_ALIAS_PARAMETER)
                  PsiElement(DLangTokenType.alias)('alias')
                  DLangTypeImpl(TYPE)
                    DLangBasicTypeImpl(BASIC_TYPE)
                      DLangIdentifierListImpl(IDENTIFIER_LIST)
                        IDENTIFIER
                          PsiElement(DLangTokenType.ID)('sym')
            PsiElement(DLangTokenType.))(')')
          DLangAggregateBodyImpl(AGGREGATE_BODY)
            PsiElement(DLangTokenType.{)('{')
            PsiElement(DLangTokenType.})('}')
    PsiComment(DLangTokenType.LINE_COMMENT)('// #3')
    DLangDeclDefImpl(DECL_DEF)
      DLangDeclarationImpl(DECLARATION)
        DLangAggregateDeclarationImpl(AGGREGATE_DECLARATION)
          STRUCT_DECLARATION
            PsiElement(DLangTokenType.struct)('struct')
            IDENTIFIER
              PsiElement(DLangTokenType.ID)('S')
            DLangAggregateBodyImpl(AGGREGATE_BODY)
              PsiElement(DLangTokenType.{)('{')
              PsiElement(DLangTokenType.})('}')
    DLangDeclDefImpl(DECL_DEF)
      DLangDeclarationImpl(DECLARATION)
        DLangVarDeclarationsImpl(VAR_DECLARATIONS)
          DLangBasicTypeImpl(BASIC_TYPE)
            DLangBasicTypeXImpl(BASIC_TYPE_X)
              PsiElement(DLangTokenType.int)('int')
          DLangDeclaratorsImpl(DECLARATORS)
            DECLARATOR_INITIALIZER
              DLangVarDeclaratorImpl(VAR_DECLARATOR)
                IDENTIFIER
                  PsiElement(DLangTokenType.ID)('var')
          PsiElement(DLangTokenType.;)(';')
    DLangDeclDefImpl(DECL_DEF)
      DLangDeclarationImpl(DECLARATION)
        ALIAS_DECLARATION
          PsiElement(DLangTokenType.alias)('alias')
          IDENTIFIER
            PsiElement(DLangTokenType.ID)('foo1')
          PsiElement(DLangTokenType.=)('=')
          DLangTypeImpl(TYPE)
            DLangBasicTypeImpl(BASIC_TYPE)
              DLangIdentifierListImpl(IDENTIFIER_LIST)
                IDENTIFIER
                  PsiElement(DLangTokenType.ID)('Foo')
                DLangTemplateInstanceImpl(TEMPLATE_INSTANCE)
                  DLangTemplateArgumentsImpl(TEMPLATE_ARGUMENTS)
                    PsiElement(DLangTokenType.!)('!')
                    PsiElement(DLangTokenType.()('(')
                    DLangTemplateArgumentListImpl(TEMPLATE_ARGUMENT_LIST)
                      DLangTemplateArgumentImpl(TEMPLATE_ARGUMENT)
                        DLangAssignExpressionImpl(ASSIGN_EXPRESSION)
                          DLangPostfixExpressionImpl(POSTFIX_EXPRESSION)
                            DLangPrimaryExpressionImpl(PRIMARY_EXPRESSION)
                              IDENTIFIER
                                PsiElement(DLangTokenType.ID)('S')
                    PsiElement(DLangTokenType.))(')')
          PsiElement(DLangTokenType.;)(';')
    PsiComment(DLangTokenType.LINE_COMMENT)('// instantiates #1')
    DLangDeclDefImpl(DECL_DEF)
      DLangDeclarationImpl(DECLARATION)
        ALIAS_DECLARATION
          PsiElement(DLangTokenType.alias)('alias')
          IDENTIFIER
            PsiElement(DLangTokenType.ID)('foo2')
          PsiElement(DLangTokenType.=)('=')
          DLangTypeImpl(TYPE)
            DLangBasicTypeImpl(BASIC_TYPE)
              DLangIdentifierListImpl(IDENTIFIER_LIST)
                IDENTIFIER
                  PsiElement(DLangTokenType.ID)('Foo')
                DLangTemplateInstanceImpl(TEMPLATE_INSTANCE)
                  DLangTemplateArgumentsImpl(TEMPLATE_ARGUMENTS)
                    PsiElement(DLangTokenType.!)('!')
                    PsiElement(DLangTokenType.()('(')
                    DLangTemplateArgumentListImpl(TEMPLATE_ARGUMENT_LIST)
                      DLangTemplateArgumentImpl(TEMPLATE_ARGUMENT)
                        DLangAssignExpressionImpl(ASSIGN_EXPRESSION)
                          DLangPostfixExpressionImpl(POSTFIX_EXPRESSION)
                            DLangPrimaryExpressionImpl(PRIMARY_EXPRESSION)
                              PsiElement(DLangTokenType.INTEGER_LITERAL)('1')
                    PsiElement(DLangTokenType.))(')')
          PsiElement(DLangTokenType.;)(';')
    PsiComment(DLangTokenType.LINE_COMMENT)('// instantiates #2')
    DLangDeclDefImpl(DECL_DEF)
      DLangDeclarationImpl(DECLARATION)
        ALIAS_DECLARATION
          PsiElement(DLangTokenType.alias)('alias')
          IDENTIFIER
            PsiElement(DLangTokenType.ID)('foo3a')
          PsiElement(DLangTokenType.=)('=')
          DLangTypeImpl(TYPE)
            DLangBasicTypeImpl(BASIC_TYPE)
              DLangIdentifierListImpl(IDENTIFIER_LIST)
                IDENTIFIER
                  PsiElement(DLangTokenType.ID)('Foo')
                DLangTemplateInstanceImpl(TEMPLATE_INSTANCE)
                  DLangTemplateArgumentsImpl(TEMPLATE_ARGUMENTS)
                    PsiElement(DLangTokenType.!)('!')
                    PsiElement(DLangTokenType.()('(')
                    DLangTemplateArgumentListImpl(TEMPLATE_ARGUMENT_LIST)
                      DLangTemplateArgumentImpl(TEMPLATE_ARGUMENT)
                        DLangAssignExpressionImpl(ASSIGN_EXPRESSION)
                          DLangPostfixExpressionImpl(POSTFIX_EXPRESSION)
                            DLangPrimaryExpressionImpl(PRIMARY_EXPRESSION)
                              DLangArrayLiteralImpl(ARRAY_LITERAL)
                                PsiElement(DLangTokenType.[)('[')
                                DLangArgumentListImpl(ARGUMENT_LIST)
                                  DLangAssignExpressionImpl(ASSIGN_EXPRESSION)
                                    DLangPostfixExpressionImpl(POSTFIX_EXPRESSION)
                                      DLangPrimaryExpressionImpl(PRIMARY_EXPRESSION)
                                        PsiElement(DLangTokenType.INTEGER_LITERAL)('1')
                                  PsiElement(DLangTokenType.,)(',')
                                  DLangAssignExpressionImpl(ASSIGN_EXPRESSION)
                                    DLangPostfixExpressionImpl(POSTFIX_EXPRESSION)
                                      DLangPrimaryExpressionImpl(PRIMARY_EXPRESSION)
                                        PsiElement(DLangTokenType.INTEGER_LITERAL)('2')
                                PsiElement(DLangTokenType.])(']')
                    PsiElement(DLangTokenType.))(')')
          PsiElement(DLangTokenType.;)(';')
    PsiComment(DLangTokenType.LINE_COMMENT)('// instantiates #3')
    DLangDeclDefImpl(DECL_DEF)
      DLangDeclarationImpl(DECLARATION)
        ALIAS_DECLARATION
          PsiElement(DLangTokenType.alias)('alias')
          IDENTIFIER
            PsiElement(DLangTokenType.ID)('foo3b')
          PsiElement(DLangTokenType.=)('=')
          DLangTypeImpl(TYPE)
            DLangBasicTypeImpl(BASIC_TYPE)
              DLangIdentifierListImpl(IDENTIFIER_LIST)
                IDENTIFIER
                  PsiElement(DLangTokenType.ID)('Foo')
                DLangTemplateInstanceImpl(TEMPLATE_INSTANCE)
                  DLangTemplateArgumentsImpl(TEMPLATE_ARGUMENTS)
                    PsiElement(DLangTokenType.!)('!')
                    PsiElement(DLangTokenType.()('(')
                    DLangTemplateArgumentListImpl(TEMPLATE_ARGUMENT_LIST)
                      DLangTemplateArgumentImpl(TEMPLATE_ARGUMENT)
                        DLangAssignExpressionImpl(ASSIGN_EXPRESSION)
                          DLangPostfixExpressionImpl(POSTFIX_EXPRESSION)
                            DLangPrimaryExpressionImpl(PRIMARY_EXPRESSION)
                              IDENTIFIER
                                PsiElement(DLangTokenType.ID)('var')
                    PsiElement(DLangTokenType.))(')')
          PsiElement(DLangTokenType.;)(';')
    PsiComment(DLangTokenType.LINE_COMMENT)('// instantiates #3')
    DLangDeclDefImpl(DECL_DEF)
      DLangDeclarationImpl(DECLARATION)
        TEMPLATE_DECLARATION
          PsiElement(DLangTokenType.template)('template')
          IDENTIFIER
            PsiElement(DLangTokenType.ID)('Bar')
          DLangTemplateParametersImpl(TEMPLATE_PARAMETERS)
            PsiElement(DLangTokenType.()('(')
            DLangTemplateParameterListImpl(TEMPLATE_PARAMETER_LIST)
              TEMPLATE_PARAMETER
                DLangTemplateAliasParameterImpl(TEMPLATE_ALIAS_PARAMETER)
                  PsiElement(DLangTokenType.alias)('alias')
                  DLangTypeImpl(TYPE)
                    DLangBasicTypeImpl(BASIC_TYPE)
                      DLangIdentifierListImpl(IDENTIFIER_LIST)
                        IDENTIFIER
                          PsiElement(DLangTokenType.ID)('A')
            PsiElement(DLangTokenType.))(')')
          DLangAggregateBodyImpl(AGGREGATE_BODY)
            PsiElement(DLangTokenType.{)('{')
            PsiElement(DLangTokenType.})('}')
    PsiComment(DLangTokenType.LINE_COMMENT)('// #4')
    DLangDeclDefImpl(DECL_DEF)
      DLangDeclarationImpl(DECLARATION)
        TEMPLATE_DECLARATION
          PsiElement(DLangTokenType.template)('template')
          IDENTIFIER
            PsiElement(DLangTokenType.ID)('Bar')
          DLangTemplateParametersImpl(TEMPLATE_PARAMETERS)
            PsiElement(DLangTokenType.()('(')
            DLangTemplateParameterListImpl(TEMPLATE_PARAMETER_LIST)
              TEMPLATE_PARAMETER
                DLangTemplateTypeParameterImpl(TEMPLATE_TYPE_PARAMETER)
                  DLangTypeImpl(TYPE)
                    DLangBasicTypeImpl(BASIC_TYPE)
                      DLangIdentifierListImpl(IDENTIFIER_LIST)
                        IDENTIFIER
                          PsiElement(DLangTokenType.ID)('T')
                  PsiElement(DLangTokenType.:)(':')
                  DLangTypeImpl(TYPE)
                    DLangBasicTypeImpl(BASIC_TYPE)
                      DLangIdentifierListImpl(IDENTIFIER_LIST)
                        IDENTIFIER
                          PsiElement(DLangTokenType.ID)('U')
                        DLangTemplateInstanceImpl(TEMPLATE_INSTANCE)
                          DLangTemplateArgumentsImpl(TEMPLATE_ARGUMENTS)
                            PsiElement(DLangTokenType.!)('!')
                            DLangTemplateSingleArgumentImpl(TEMPLATE_SINGLE_ARGUMENT)
                              DLangIdentifierListImpl(IDENTIFIER_LIST)
                                IDENTIFIER
                                  PsiElement(DLangTokenType.ID)('V')
              PsiElement(DLangTokenType.,)(',')
              TEMPLATE_PARAMETER
                DLangTemplateAliasParameterImpl(TEMPLATE_ALIAS_PARAMETER)
                  PsiElement(DLangTokenType.alias)('alias')
                  DLangTypeImpl(TYPE)
                    DLangBasicTypeImpl(BASIC_TYPE)
                      DLangIdentifierListImpl(IDENTIFIER_LIST)
                        IDENTIFIER
                          PsiElement(DLangTokenType.ID)('U')
              PsiElement(DLangTokenType.,)(',')
              TEMPLATE_PARAMETER
                DLangTemplateTypeParameterImpl(TEMPLATE_TYPE_PARAMETER)
                  DLangTypeImpl(TYPE)
                    DLangBasicTypeImpl(BASIC_TYPE)
                      DLangIdentifierListImpl(IDENTIFIER_LIST)
                        IDENTIFIER
                          PsiElement(DLangTokenType.ID)('V')
                  PsiElement(DLangTokenType....)('...')
            PsiElement(DLangTokenType.))(')')
          DLangAggregateBodyImpl(AGGREGATE_BODY)
            PsiElement(DLangTokenType.{)('{')
            PsiElement(DLangTokenType.})('}')
    PsiComment(DLangTokenType.LINE_COMMENT)('// #5')
    DLangDeclDefImpl(DECL_DEF)
      DLangDeclarationImpl(DECLARATION)
        DLangAggregateDeclarationImpl(AGGREGATE_DECLARATION)
          CLASS_DECLARATION
            DLangClassTemplateDeclarationImpl(CLASS_TEMPLATE_DECLARATION)
              PsiElement(DLangTokenType.class)('class')
              IDENTIFIER
                PsiElement(DLangTokenType.ID)('C')
              DLangTemplateParametersImpl(TEMPLATE_PARAMETERS)
                PsiElement(DLangTokenType.()('(')
                DLangTemplateParameterListImpl(TEMPLATE_PARAMETER_LIST)
                  TEMPLATE_PARAMETER
                    DLangTemplateTypeParameterImpl(TEMPLATE_TYPE_PARAMETER)
                      DLangTypeImpl(TYPE)
                        DLangBasicTypeImpl(BASIC_TYPE)
                          DLangIdentifierListImpl(IDENTIFIER_LIST)
                            IDENTIFIER
                              PsiElement(DLangTokenType.ID)('T')
                PsiElement(DLangTokenType.))(')')
              DLangAggregateBodyImpl(AGGREGATE_BODY)
                PsiElement(DLangTokenType.{)('{')
                PsiElement(DLangTokenType.})('}')
    DLangDeclDefImpl(DECL_DEF)
      DLangDeclarationImpl(DECLARATION)
        ALIAS_DECLARATION
          PsiElement(DLangTokenType.alias)('alias')
          IDENTIFIER
            PsiElement(DLangTokenType.ID)('bar')
          PsiElement(DLangTokenType.=)('=')
          DLangTypeImpl(TYPE)
            DLangBasicTypeImpl(BASIC_TYPE)
              DLangIdentifierListImpl(IDENTIFIER_LIST)
                IDENTIFIER
                  PsiElement(DLangTokenType.ID)('Bar')
                DLangTemplateInstanceImpl(TEMPLATE_INSTANCE)
                  DLangTemplateArgumentsImpl(TEMPLATE_ARGUMENTS)
                    PsiElement(DLangTokenType.!)('!')
                    PsiElement(DLangTokenType.()('(')
                    DLangTemplateArgumentListImpl(TEMPLATE_ARGUMENT_LIST)
                      DLangTemplateArgumentImpl(TEMPLATE_ARGUMENT)
                        DLangAssignExpressionImpl(ASSIGN_EXPRESSION)
                          DLangPostfixExpressionImpl(POSTFIX_EXPRESSION)
                            DLangPrimaryExpressionImpl(PRIMARY_EXPRESSION)
                              DLangTemplateInstanceImpl(TEMPLATE_INSTANCE)
                                IDENTIFIER
                                  PsiElement(DLangTokenType.ID)('C')
                                DLangTemplateArgumentsImpl(TEMPLATE_ARGUMENTS)
                                  PsiElement(DLangTokenType.!)('!')
                                  DLangTemplateSingleArgumentImpl(TEMPLATE_SINGLE_ARGUMENT)
                                    DLangBasicTypeXImpl(BASIC_TYPE_X)
                                      PsiElement(DLangTokenType.int)('int')
                    PsiElement(DLangTokenType.))(')')
          PsiElement(DLangTokenType.;)(';')
  PsiComment(DLangTokenType.LINE_COMMENT)('// instantiates #5')