D Language File
  DLangDeclDefsImpl(DECL_DEFS)
    DLangDeclDefImpl(DECL_DEF)
      DLangDeclarationImpl(DECLARATION)
        DLangAggregateDeclarationImpl(AGGREGATE_DECLARATION)
          CLASS_DECLARATION
            PsiElement(DLangTokenType.class)('class')
            IDENTIFIER
              PsiElement(DLangTokenType.ID)('C')
            DLangAggregateBodyImpl(AGGREGATE_BODY)
              PsiElement(DLangTokenType.{)('{')
              DLangDeclDefsImpl(DECL_DEFS)
                DLangDeclDefImpl(DECL_DEF)
                  DLangDeclarationImpl(DECLARATION)
                    DLangVarDeclarationsImpl(VAR_DECLARATIONS)
                      DLangBasicTypeImpl(BASIC_TYPE)
                        DLangBasicTypeXImpl(BASIC_TYPE_X)
                          PsiElement(DLangTokenType.int)('int')
                      DLangDeclaratorsImpl(DECLARATORS)
                        DECLARATOR_INITIALIZER
                          DLangVarDeclaratorImpl(VAR_DECLARATOR)
                            IDENTIFIER
                              PsiElement(DLangTokenType.ID)('num')
                      PsiElement(DLangTokenType.;)(';')
                DLangDeclDefImpl(DECL_DEF)
                  DLangDeclarationImpl(DECLARATION)
                    FUNC_DECLARATION
                      DLangBasicTypeImpl(BASIC_TYPE)
                        DLangBasicTypeXImpl(BASIC_TYPE_X)
                          PsiElement(DLangTokenType.void)('void')
                      IDENTIFIER
                        PsiElement(DLangTokenType.ID)('foo')
                      DLangFuncDeclaratorSuffixImpl(FUNC_DECLARATOR_SUFFIX)
                        DLangTemplateParametersImpl(TEMPLATE_PARAMETERS)
                          PsiElement(DLangTokenType.()('(')
                          DLangTemplateParameterListImpl(TEMPLATE_PARAMETER_LIST)
                            DLangTemplateParameterImpl(TEMPLATE_PARAMETER)
                              DLangTemplateAliasParameterImpl(TEMPLATE_ALIAS_PARAMETER)
                                PsiElement(DLangTokenType.alias)('alias')
                                DLangTypeImpl(TYPE)
                                  DLangBasicTypeImpl(BASIC_TYPE)
                                    DLangIdentifierListImpl(IDENTIFIER_LIST)
                                      IDENTIFIER
                                        PsiElement(DLangTokenType.ID)('sym')
                          PsiElement(DLangTokenType.))(')')
                        DLangParametersImpl(PARAMETERS)
                          PsiElement(DLangTokenType.()('(')
                          PsiElement(DLangTokenType.))(')')
                      DLangFunctionBodyImpl(FUNCTION_BODY)
                        DLangBlockStatementImpl(BLOCK_STATEMENT)
                          PsiElement(DLangTokenType.{)('{')
                          DLangStatementListImpl(STATEMENT_LIST)
                            DLangStatementImpl(STATEMENT)
                              DLangNonEmptyStatementImpl(NON_EMPTY_STATEMENT)
                                DLangNonEmptyStatementNoCaseNoDefaultImpl(NON_EMPTY_STATEMENT_NO_CASE_NO_DEFAULT)
                                  DLangDeclarationStatementImpl(DECLARATION_STATEMENT)
                                    DLangDeclarationImpl(DECLARATION)
                                      DLangVarDeclarationsImpl(VAR_DECLARATIONS)
                                        DLangAutoDeclarationImpl(AUTO_DECLARATION)
                                          DLangAutoDeclarationXImpl(AUTO_DECLARATION_X)
                                            AUTO_DECLARATION_Y
                                              IDENTIFIER
                                                PsiElement(DLangTokenType.ID)('num')
                                              PsiElement(DLangTokenType.=)('=')
                                              DLangInitializerImpl(INITIALIZER)
                                                DLangNonVoidInitializerImpl(NON_VOID_INITIALIZER)
                                                  DLangAssignExpressionImpl(ASSIGN_EXPRESSION)
                                                    DLangPostfixExpressionImpl(POSTFIX_EXPRESSION)
                                                      DLangPrimaryExpressionImpl(PRIMARY_EXPRESSION)
                                                        IDENTIFIER
                                                          PsiElement(DLangTokenType.ID)('sym')
                                                    DLangMulExpression_Impl(MUL_EXPRESSION_)
                                                      PsiElement(DLangTokenType.*)('*')
                                                      DLangPostfixExpressionImpl(POSTFIX_EXPRESSION)
                                                        DLangPrimaryExpressionImpl(PRIMARY_EXPRESSION)
                                                          PsiElement(DLangTokenType.INTEGER_LITERAL)('2')
                                          PsiElement(DLangTokenType.;)(';')
                          PsiElement(DLangTokenType.})('}')
              PsiElement(DLangTokenType.})('}')
    DLangDeclDefImpl(DECL_DEF)
      DLangDeclarationImpl(DECLARATION)
        FUNC_DECLARATION
          DLangBasicTypeImpl(BASIC_TYPE)
            DLangBasicTypeXImpl(BASIC_TYPE_X)
              PsiElement(DLangTokenType.void)('void')
          IDENTIFIER
            PsiElement(DLangTokenType.ID)('main')
          DLangFuncDeclaratorSuffixImpl(FUNC_DECLARATOR_SUFFIX)
            DLangParametersImpl(PARAMETERS)
              PsiElement(DLangTokenType.()('(')
              PsiElement(DLangTokenType.))(')')
          DLangFunctionBodyImpl(FUNCTION_BODY)
            DLangBlockStatementImpl(BLOCK_STATEMENT)
              PsiElement(DLangTokenType.{)('{')
              DLangStatementListImpl(STATEMENT_LIST)
                DLangStatementImpl(STATEMENT)
                  DLangNonEmptyStatementImpl(NON_EMPTY_STATEMENT)
                    DLangNonEmptyStatementNoCaseNoDefaultImpl(NON_EMPTY_STATEMENT_NO_CASE_NO_DEFAULT)
                      DLangDeclarationStatementImpl(DECLARATION_STATEMENT)
                        DLangStorageClassesImpl(STORAGE_CLASSES)
                          DLangStorageClassImpl(STORAGE_CLASS)
                            PsiElement(DLangTokenType.auto)('auto')
                        DLangDeclarationImpl(DECLARATION)
                          DLangVarDeclarationsImpl(VAR_DECLARATIONS)
                            DLangAutoDeclarationImpl(AUTO_DECLARATION)
                              DLangAutoDeclarationXImpl(AUTO_DECLARATION_X)
                                AUTO_DECLARATION_Y
                                  IDENTIFIER
                                    PsiElement(DLangTokenType.ID)('c')
                                  PsiElement(DLangTokenType.=)('=')
                                  DLangInitializerImpl(INITIALIZER)
                                    DLangNonVoidInitializerImpl(NON_VOID_INITIALIZER)
                                      DLangAssignExpressionImpl(ASSIGN_EXPRESSION)
                                        DLangPostfixExpressionImpl(POSTFIX_EXPRESSION)
                                          DLangPrimaryExpressionImpl(PRIMARY_EXPRESSION)
                                            DLangNewExpressionWithArgsImpl(NEW_EXPRESSION_WITH_ARGS)
                                              PsiElement(DLangTokenType.new)('new')
                                              DLangTypeImpl(TYPE)
                                                DLangBasicTypeImpl(BASIC_TYPE)
                                                  DLangIdentifierListImpl(IDENTIFIER_LIST)
                                                    IDENTIFIER
                                                      PsiElement(DLangTokenType.ID)('C')
                                              PsiElement(DLangTokenType.()('(')
                                              PsiElement(DLangTokenType.))(')')
                              PsiElement(DLangTokenType.;)(';')
                DLangStatementImpl(STATEMENT)
                  DLangNonEmptyStatementImpl(NON_EMPTY_STATEMENT)
                    DLangNonEmptyStatementNoCaseNoDefaultImpl(NON_EMPTY_STATEMENT_NO_CASE_NO_DEFAULT)
                      DLangDeclarationStatementImpl(DECLARATION_STATEMENT)
                        DLangDeclarationImpl(DECLARATION)
                          DLangVarDeclarationsImpl(VAR_DECLARATIONS)
                            DLangBasicTypeImpl(BASIC_TYPE)
                              DLangBasicTypeXImpl(BASIC_TYPE_X)
                                PsiElement(DLangTokenType.int)('int')
                            DLangDeclaratorsImpl(DECLARATORS)
                              DECLARATOR_INITIALIZER
                                DLangVarDeclaratorImpl(VAR_DECLARATOR)
                                  IDENTIFIER
                                    PsiElement(DLangTokenType.ID)('var')
                                PsiElement(DLangTokenType.=)('=')
                                DLangInitializerImpl(INITIALIZER)
                                  DLangNonVoidInitializerImpl(NON_VOID_INITIALIZER)
                                    DLangAssignExpressionImpl(ASSIGN_EXPRESSION)
                                      DLangPostfixExpressionImpl(POSTFIX_EXPRESSION)
                                        DLangPrimaryExpressionImpl(PRIMARY_EXPRESSION)
                                          PsiElement(DLangTokenType.INTEGER_LITERAL)('10')
                            PsiElement(DLangTokenType.;)(';')
                DLangStatementImpl(STATEMENT)
                  DLangNonEmptyStatementImpl(NON_EMPTY_STATEMENT)
                    DLangNonEmptyStatementNoCaseNoDefaultImpl(NON_EMPTY_STATEMENT_NO_CASE_NO_DEFAULT)
                      DLangExpressionStatementImpl(EXPRESSION_STATEMENT)
                        DLangCommaExpressionImpl(COMMA_EXPRESSION)
                          DLangAssignExpressionImpl(ASSIGN_EXPRESSION)
                            DLangPostfixExpressionImpl(POSTFIX_EXPRESSION)
                              DLangPrimaryExpressionImpl(PRIMARY_EXPRESSION)
                                IDENTIFIER
                                  PsiElement(DLangTokenType.ID)('c')
                            DLangPostfixExpressionImpl(POSTFIX_EXPRESSION)
                              DLangPrimaryExpressionImpl(PRIMARY_EXPRESSION)
                                PsiElement(DLangTokenType..)('.')
                                DLangTemplateInstanceImpl(TEMPLATE_INSTANCE)
                                  IDENTIFIER
                                    PsiElement(DLangTokenType.ID)('foo')
                                  DLangTemplateArgumentsImpl(TEMPLATE_ARGUMENTS)
                                    PsiElement(DLangTokenType.!)('!')
                                    DLangTemplateSingleArgumentImpl(TEMPLATE_SINGLE_ARGUMENT)
                                      DLangIdentifierListImpl(IDENTIFIER_LIST)
                                        IDENTIFIER
                                          PsiElement(DLangTokenType.ID)('var')
                            DLangPostfixExpressionImpl(POSTFIX_EXPRESSION)
                              DLangPrimaryExpressionImpl(PRIMARY_EXPRESSION)
                                DLangFunctionLiteralImpl(FUNCTION_LITERAL)
                                  DLangParameterMemberAttributesImpl(PARAMETER_MEMBER_ATTRIBUTES)
                                    DLangParametersImpl(PARAMETERS)
                                      PsiElement(DLangTokenType.()('(')
                                      PsiElement(DLangTokenType.))(')')
                        PsiElement(DLangTokenType.;)(';')
              PsiComment(DLangTokenType.LINE_COMMENT)('// NG, foo!var requires two contexts, 'this' and 'main()'')
              PsiElement(DLangTokenType.})('}')
    DLangDeclDefImpl(DECL_DEF)
      DLangDeclarationImpl(DECLARATION)
        FUNC_DECLARATION
          DLangBasicTypeImpl(BASIC_TYPE)
            DLangBasicTypeXImpl(BASIC_TYPE_X)
              PsiElement(DLangTokenType.int)('int')
          IDENTIFIER
            PsiElement(DLangTokenType.ID)('sum')
          DLangFuncDeclaratorSuffixImpl(FUNC_DECLARATOR_SUFFIX)
            DLangTemplateParametersImpl(TEMPLATE_PARAMETERS)
              PsiElement(DLangTokenType.()('(')
              DLangTemplateParameterListImpl(TEMPLATE_PARAMETER_LIST)
                DLangTemplateParameterImpl(TEMPLATE_PARAMETER)
                  DLangTemplateAliasParameterImpl(TEMPLATE_ALIAS_PARAMETER)
                    PsiElement(DLangTokenType.alias)('alias')
                    DLangTypeImpl(TYPE)
                      DLangBasicTypeImpl(BASIC_TYPE)
                        DLangIdentifierListImpl(IDENTIFIER_LIST)
                          IDENTIFIER
                            PsiElement(DLangTokenType.ID)('x')
                PsiElement(DLangTokenType.,)(',')
                DLangTemplateParameterImpl(TEMPLATE_PARAMETER)
                  DLangTemplateAliasParameterImpl(TEMPLATE_ALIAS_PARAMETER)
                    PsiElement(DLangTokenType.alias)('alias')
                    DLangTypeImpl(TYPE)
                      DLangBasicTypeImpl(BASIC_TYPE)
                        DLangIdentifierListImpl(IDENTIFIER_LIST)
                          IDENTIFIER
                            PsiElement(DLangTokenType.ID)('y')
              PsiElement(DLangTokenType.))(')')
            DLangParametersImpl(PARAMETERS)
              PsiElement(DLangTokenType.()('(')
              PsiElement(DLangTokenType.))(')')
          DLangFunctionBodyImpl(FUNCTION_BODY)
            DLangBlockStatementImpl(BLOCK_STATEMENT)
              PsiElement(DLangTokenType.{)('{')
              DLangStatementListImpl(STATEMENT_LIST)
                DLangStatementImpl(STATEMENT)
                  DLangNonEmptyStatementImpl(NON_EMPTY_STATEMENT)
                    DLangNonEmptyStatementNoCaseNoDefaultImpl(NON_EMPTY_STATEMENT_NO_CASE_NO_DEFAULT)
                      DLangReturnStatementImpl(RETURN_STATEMENT)
                        PsiElement(DLangTokenType.return)('return')
                        DLangCommaExpressionImpl(COMMA_EXPRESSION)
                          DLangAssignExpressionImpl(ASSIGN_EXPRESSION)
                            DLangPostfixExpressionImpl(POSTFIX_EXPRESSION)
                              DLangPrimaryExpressionImpl(PRIMARY_EXPRESSION)
                                IDENTIFIER
                                  PsiElement(DLangTokenType.ID)('x')
                            DLangAddExpression_Impl(ADD_EXPRESSION_)
                              PsiElement(DLangTokenType.+)('+')
                              DLangPostfixExpressionImpl(POSTFIX_EXPRESSION)
                                DLangPrimaryExpressionImpl(PRIMARY_EXPRESSION)
                                  IDENTIFIER
                                    PsiElement(DLangTokenType.ID)('y')
                        PsiElement(DLangTokenType.;)(';')
              PsiElement(DLangTokenType.})('}')
    DLangDeclDefImpl(DECL_DEF)
      DLangDeclarationImpl(DECLARATION)
        FUNC_DECLARATION
          DLangBasicTypeImpl(BASIC_TYPE)
            DLangBasicTypeXImpl(BASIC_TYPE_X)
              PsiElement(DLangTokenType.void)('void')
          IDENTIFIER
            PsiElement(DLangTokenType.ID)('main')
          DLangFuncDeclaratorSuffixImpl(FUNC_DECLARATOR_SUFFIX)
            DLangParametersImpl(PARAMETERS)
              PsiElement(DLangTokenType.()('(')
              PsiElement(DLangTokenType.))(')')
          DLangFunctionBodyImpl(FUNCTION_BODY)
            DLangBlockStatementImpl(BLOCK_STATEMENT)
              PsiElement(DLangTokenType.{)('{')
              DLangStatementListImpl(STATEMENT_LIST)
                DLangStatementImpl(STATEMENT)
                  DLangNonEmptyStatementImpl(NON_EMPTY_STATEMENT)
                    DLangNonEmptyStatementNoCaseNoDefaultImpl(NON_EMPTY_STATEMENT_NO_CASE_NO_DEFAULT)
                      DLangDeclarationStatementImpl(DECLARATION_STATEMENT)
                        DLangDeclarationImpl(DECLARATION)
                          DLangVarDeclarationsImpl(VAR_DECLARATIONS)
                            DLangBasicTypeImpl(BASIC_TYPE)
                              DLangBasicTypeXImpl(BASIC_TYPE_X)
                                PsiElement(DLangTokenType.int)('int')
                            DLangDeclaratorsImpl(DECLARATORS)
                              DECLARATOR_INITIALIZER
                                DLangVarDeclaratorImpl(VAR_DECLARATOR)
                                  IDENTIFIER
                                    PsiElement(DLangTokenType.ID)('a')
                                PsiElement(DLangTokenType.=)('=')
                                DLangInitializerImpl(INITIALIZER)
                                  DLangNonVoidInitializerImpl(NON_VOID_INITIALIZER)
                                    DLangAssignExpressionImpl(ASSIGN_EXPRESSION)
                                      DLangPostfixExpressionImpl(POSTFIX_EXPRESSION)
                                        DLangPrimaryExpressionImpl(PRIMARY_EXPRESSION)
                                          PsiElement(DLangTokenType.INTEGER_LITERAL)('10')
                            PsiElement(DLangTokenType.;)(';')
                DLangStatementImpl(STATEMENT)
                  DLangNonEmptyStatementImpl(NON_EMPTY_STATEMENT)
                    DLangNonEmptyStatementNoCaseNoDefaultImpl(NON_EMPTY_STATEMENT_NO_CASE_NO_DEFAULT)
                      DLangDeclarationStatementImpl(DECLARATION_STATEMENT)
                        DLangDeclarationImpl(DECLARATION)
                          FUNC_DECLARATION
                            DLangBasicTypeImpl(BASIC_TYPE)
                              DLangBasicTypeXImpl(BASIC_TYPE_X)
                                PsiElement(DLangTokenType.void)('void')
                            IDENTIFIER
                              PsiElement(DLangTokenType.ID)('nested')
                            DLangFuncDeclaratorSuffixImpl(FUNC_DECLARATOR_SUFFIX)
                              DLangParametersImpl(PARAMETERS)
                                PsiElement(DLangTokenType.()('(')
                                PsiElement(DLangTokenType.))(')')
                            DLangFunctionBodyImpl(FUNCTION_BODY)
                              DLangBlockStatementImpl(BLOCK_STATEMENT)
                                PsiElement(DLangTokenType.{)('{')
                                DLangStatementListImpl(STATEMENT_LIST)
                                  DLangStatementImpl(STATEMENT)
                                    DLangNonEmptyStatementImpl(NON_EMPTY_STATEMENT)
                                      DLangNonEmptyStatementNoCaseNoDefaultImpl(NON_EMPTY_STATEMENT_NO_CASE_NO_DEFAULT)
                                        DLangDeclarationStatementImpl(DECLARATION_STATEMENT)
                                          DLangDeclarationImpl(DECLARATION)
                                            DLangVarDeclarationsImpl(VAR_DECLARATIONS)
                                              DLangBasicTypeImpl(BASIC_TYPE)
                                                DLangBasicTypeXImpl(BASIC_TYPE_X)
                                                  PsiElement(DLangTokenType.int)('int')
                                              DLangDeclaratorsImpl(DECLARATORS)
                                                DECLARATOR_INITIALIZER
                                                  DLangVarDeclaratorImpl(VAR_DECLARATOR)
                                                    IDENTIFIER
                                                      PsiElement(DLangTokenType.ID)('b')
                                                  PsiElement(DLangTokenType.=)('=')
                                                  DLangInitializerImpl(INITIALIZER)
                                                    DLangNonVoidInitializerImpl(NON_VOID_INITIALIZER)
                                                      DLangAssignExpressionImpl(ASSIGN_EXPRESSION)
                                                        DLangPostfixExpressionImpl(POSTFIX_EXPRESSION)
                                                          DLangPrimaryExpressionImpl(PRIMARY_EXPRESSION)
                                                            PsiElement(DLangTokenType.INTEGER_LITERAL)('20')
                                              PsiElement(DLangTokenType.;)(';')
                                  DLangStatementImpl(STATEMENT)
                                    DLangNonEmptyStatementImpl(NON_EMPTY_STATEMENT)
                                      DLangNonEmptyStatementNoCaseNoDefaultImpl(NON_EMPTY_STATEMENT_NO_CASE_NO_DEFAULT)
                                        DLangExpressionStatementImpl(EXPRESSION_STATEMENT)
                                          DLangCommaExpressionImpl(COMMA_EXPRESSION)
                                            DLangAssignExpressionImpl(ASSIGN_EXPRESSION)
                                              DLangPostfixExpressionImpl(POSTFIX_EXPRESSION)
                                                DLangPrimaryExpressionImpl(PRIMARY_EXPRESSION)
                                                  DLangAssertExpressionImpl(ASSERT_EXPRESSION)
                                                    PsiElement(DLangTokenType.assert)('assert')
                                                    PsiElement(DLangTokenType.()('(')
                                                    DLangAssignExpressionImpl(ASSIGN_EXPRESSION)
                                                      DLangPostfixExpressionImpl(POSTFIX_EXPRESSION)
                                                        DLangPrimaryExpressionImpl(PRIMARY_EXPRESSION)
                                                          DLangTemplateInstanceImpl(TEMPLATE_INSTANCE)
                                                            IDENTIFIER
                                                              PsiElement(DLangTokenType.ID)('sum')
                                                            DLangTemplateArgumentsImpl(TEMPLATE_ARGUMENTS)
                                                              PsiElement(DLangTokenType.!)('!')
                                                              PsiElement(DLangTokenType.()('(')
                                                              DLangTemplateArgumentListImpl(TEMPLATE_ARGUMENT_LIST)
                                                                DLangTemplateArgumentImpl(TEMPLATE_ARGUMENT)
                                                                  DLangAssignExpressionImpl(ASSIGN_EXPRESSION)
                                                                    DLangPostfixExpressionImpl(POSTFIX_EXPRESSION)
                                                                      DLangPrimaryExpressionImpl(PRIMARY_EXPRESSION)
                                                                        IDENTIFIER
                                                                          PsiElement(DLangTokenType.ID)('a')
                                                                PsiElement(DLangTokenType.,)(',')
                                                                DLangTemplateArgumentListImpl(TEMPLATE_ARGUMENT_LIST)
                                                                  DLangTemplateArgumentImpl(TEMPLATE_ARGUMENT)
                                                                    DLangAssignExpressionImpl(ASSIGN_EXPRESSION)
                                                                      DLangPostfixExpressionImpl(POSTFIX_EXPRESSION)
                                                                        DLangPrimaryExpressionImpl(PRIMARY_EXPRESSION)
                                                                          IDENTIFIER
                                                                            PsiElement(DLangTokenType.ID)('b')
                                                              PsiElement(DLangTokenType.))(')')
                                                      DLangPostfixExpressionImpl(POSTFIX_EXPRESSION)
                                                        DLangPrimaryExpressionImpl(PRIMARY_EXPRESSION)
                                                          DLangFunctionLiteralImpl(FUNCTION_LITERAL)
                                                            DLangParameterMemberAttributesImpl(PARAMETER_MEMBER_ATTRIBUTES)
                                                              DLangParametersImpl(PARAMETERS)
                                                                PsiElement(DLangTokenType.()('(')
                                                                PsiElement(DLangTokenType.))(')')
                                                      DLangEqualExpressionImpl(EQUAL_EXPRESSION)
                                                        PsiElement(DLangTokenType.==)('==')
                                                        DLangPostfixExpressionImpl(POSTFIX_EXPRESSION)
                                                          DLangPrimaryExpressionImpl(PRIMARY_EXPRESSION)
                                                            PsiElement(DLangTokenType.INTEGER_LITERAL)('30')
                                                    PsiElement(DLangTokenType.))(')')
                                          PsiElement(DLangTokenType.;)(';')
                                PsiElement(DLangTokenType.})('}')
                DLangStatementImpl(STATEMENT)
                  DLangNonEmptyStatementImpl(NON_EMPTY_STATEMENT)
                    DLangNonEmptyStatementNoCaseNoDefaultImpl(NON_EMPTY_STATEMENT_NO_CASE_NO_DEFAULT)
                      DLangExpressionStatementImpl(EXPRESSION_STATEMENT)
                        DLangCommaExpressionImpl(COMMA_EXPRESSION)
                          DLangAssignExpressionImpl(ASSIGN_EXPRESSION)
                            DLangPostfixExpressionImpl(POSTFIX_EXPRESSION)
                              DLangPrimaryExpressionImpl(PRIMARY_EXPRESSION)
                                IDENTIFIER
                                  PsiElement(DLangTokenType.ID)('nested')
                            DLangPostfixExpressionImpl(POSTFIX_EXPRESSION)
                              DLangPrimaryExpressionImpl(PRIMARY_EXPRESSION)
                                DLangFunctionLiteralImpl(FUNCTION_LITERAL)
                                  DLangParameterMemberAttributesImpl(PARAMETER_MEMBER_ATTRIBUTES)
                                    DLangParametersImpl(PARAMETERS)
                                      PsiElement(DLangTokenType.()('(')
                                      PsiElement(DLangTokenType.))(')')
                        PsiElement(DLangTokenType.;)(';')
              PsiElement(DLangTokenType.})('}')
    DLangDeclDefImpl(DECL_DEF)
      DLangDeclarationImpl(DECLARATION)
        DLangAggregateDeclarationImpl(AGGREGATE_DECLARATION)
          CLASS_DECLARATION
            PsiElement(DLangTokenType.class)('class')
            IDENTIFIER
              PsiElement(DLangTokenType.ID)('Foo')
            DLangAggregateBodyImpl(AGGREGATE_BODY)
              PsiElement(DLangTokenType.{)('{')
              DLangDeclDefsImpl(DECL_DEFS)
                DLangDeclDefImpl(DECL_DEF)
                  DLangDeclarationImpl(DECLARATION)
                    TEMPLATE_DECLARATION
                      PsiElement(DLangTokenType.template)('template')
                      IDENTIFIER
                        PsiElement(DLangTokenType.ID)('TBar')
                      DLangTemplateParametersImpl(TEMPLATE_PARAMETERS)
                        PsiElement(DLangTokenType.()('(')
                        DLangTemplateParameterListImpl(TEMPLATE_PARAMETER_LIST)
                          DLangTemplateParameterImpl(TEMPLATE_PARAMETER)
                            DLangTemplateTypeParameterImpl(TEMPLATE_TYPE_PARAMETER)
                              DLangTypeImpl(TYPE)
                                DLangBasicTypeImpl(BASIC_TYPE)
                                  DLangIdentifierListImpl(IDENTIFIER_LIST)
                                    IDENTIFIER
                                      PsiElement(DLangTokenType.ID)('T')
                        PsiElement(DLangTokenType.))(')')
                      PsiElement(DLangTokenType.{)('{')
                      DLangDeclDefsImpl(DECL_DEFS)
                        DLangDeclDefImpl(DECL_DEF)
                          DLangDeclarationImpl(DECLARATION)
                            DLangVarDeclarationsImpl(VAR_DECLARATIONS)
                              DLangBasicTypeImpl(BASIC_TYPE)
                                DLangIdentifierListImpl(IDENTIFIER_LIST)
                                  IDENTIFIER
                                    PsiElement(DLangTokenType.ID)('T')
                              DLangDeclaratorsImpl(DECLARATORS)
                                DECLARATOR_INITIALIZER
                                  DLangVarDeclaratorImpl(VAR_DECLARATOR)
                                    IDENTIFIER
                                      PsiElement(DLangTokenType.ID)('xx')
                              PsiElement(DLangTokenType.;)(';')
                        PsiComment(DLangTokenType.LINE_COMMENT)('// becomes a static member of Foo')
                        DLangDeclDefImpl(DECL_DEF)
                          DLangDeclarationImpl(DECLARATION)
                            FUNC_DECLARATION
                              DLangBasicTypeImpl(BASIC_TYPE)
                                DLangBasicTypeXImpl(BASIC_TYPE_X)
                                  PsiElement(DLangTokenType.int)('int')
                              IDENTIFIER
                                PsiElement(DLangTokenType.ID)('func')
                              DLangFuncDeclaratorSuffixImpl(FUNC_DECLARATOR_SUFFIX)
                                DLangParametersImpl(PARAMETERS)
                                  PsiElement(DLangTokenType.()('(')
                                  DLangParameterListImpl(PARAMETER_LIST)
                                    DLangParameterImpl(PARAMETER)
                                      DLangTypeImpl(TYPE)
                                        DLangBasicTypeImpl(BASIC_TYPE)
                                          DLangIdentifierListImpl(IDENTIFIER_LIST)
                                            IDENTIFIER
                                              PsiElement(DLangTokenType.ID)('T')
                                  PsiElement(DLangTokenType.))(')')
                              DLangFunctionBodyImpl(FUNCTION_BODY)
                                DLangBlockStatementImpl(BLOCK_STATEMENT)
                                  PsiElement(DLangTokenType.{)('{')
                                  PsiElement(DLangTokenType.})('}')
                        PsiComment(DLangTokenType.LINE_COMMENT)('// non-virtual')
                        DLangDeclDefImpl(DECL_DEF)
                          DLangAttributeSpecifierImpl(ATTRIBUTE_SPECIFIER)
                            DLangAttributeImpl(ATTRIBUTE)
                              PsiElement(DLangTokenType.static)('static')
                            DLangDeclarationBlockImpl(DECLARATION_BLOCK)
                              DLangDeclDefImpl(DECL_DEF)
                                DLangDeclarationImpl(DECLARATION)
                                  DLangVarDeclarationsImpl(VAR_DECLARATIONS)
                                    DLangBasicTypeImpl(BASIC_TYPE)
                                      DLangIdentifierListImpl(IDENTIFIER_LIST)
                                        IDENTIFIER
                                          PsiElement(DLangTokenType.ID)('T')
                                    DLangDeclaratorsImpl(DECLARATORS)
                                      DECLARATOR_INITIALIZER
                                        DLangVarDeclaratorImpl(VAR_DECLARATOR)
                                          IDENTIFIER
                                            PsiElement(DLangTokenType.ID)('yy')
                                    PsiElement(DLangTokenType.;)(';')
                        PsiComment(DLangTokenType.LINE_COMMENT)('// Ok')
                        DLangDeclDefImpl(DECL_DEF)
                          DLangAttributeSpecifierImpl(ATTRIBUTE_SPECIFIER)
                            DLangAttributeImpl(ATTRIBUTE)
                              PsiElement(DLangTokenType.static)('static')
                            DLangDeclarationBlockImpl(DECLARATION_BLOCK)
                              DLangDeclDefImpl(DECL_DEF)
                                DLangDeclarationImpl(DECLARATION)
                                  FUNC_DECLARATION
                                    DLangBasicTypeImpl(BASIC_TYPE)
                                      DLangBasicTypeXImpl(BASIC_TYPE_X)
                                        PsiElement(DLangTokenType.int)('int')
                                    IDENTIFIER
                                      PsiElement(DLangTokenType.ID)('func')
                                    DLangFuncDeclaratorSuffixImpl(FUNC_DECLARATOR_SUFFIX)
                                      DLangParametersImpl(PARAMETERS)
                                        PsiElement(DLangTokenType.()('(')
                                        DLangParameterListImpl(PARAMETER_LIST)
                                          DLangParameterImpl(PARAMETER)
                                            DLangBasicTypeImpl(BASIC_TYPE)
                                              DLangIdentifierListImpl(IDENTIFIER_LIST)
                                                IDENTIFIER
                                                  PsiElement(DLangTokenType.ID)('T')
                                            DLangDeclaratorImpl(DECLARATOR)
                                              DLangVarDeclaratorImpl(VAR_DECLARATOR)
                                                IDENTIFIER
                                                  PsiElement(DLangTokenType.ID)('t')
                                          PsiElement(DLangTokenType.,)(',')
                                          DLangParameterImpl(PARAMETER)
                                            DLangBasicTypeImpl(BASIC_TYPE)
                                              DLangBasicTypeXImpl(BASIC_TYPE_X)
                                                PsiElement(DLangTokenType.int)('int')
                                            DLangDeclaratorImpl(DECLARATOR)
                                              DLangVarDeclaratorImpl(VAR_DECLARATOR)
                                                IDENTIFIER
                                                  PsiElement(DLangTokenType.ID)('y')
                                        PsiElement(DLangTokenType.))(')')
                                    DLangFunctionBodyImpl(FUNCTION_BODY)
                                      DLangBlockStatementImpl(BLOCK_STATEMENT)
                                        PsiElement(DLangTokenType.{)('{')
                                        PsiElement(DLangTokenType.})('}')
                      PsiComment(DLangTokenType.LINE_COMMENT)('// Ok')
                      PsiElement(DLangTokenType.})('}')
              PsiElement(DLangTokenType.})('}')
