D Language File
  MODULE_DECLARATION
    PsiElement(DLangTokenType.module)('module')
    DLangModuleFullyQualifiedNameImpl(MODULE_FULLY_QUALIFIED_NAME)
      IDENTIFIER
        PsiElement(DLangTokenType.ID)('test')
    PsiElement(DLangTokenType.;)(';')
  DLangDeclDefsImpl(DECL_DEFS)
    DLangDeclDefImpl(DECL_DEF)
      DLangDeclarationImpl(DECLARATION)
        DLangImportDeclarationImpl(IMPORT_DECLARATION)
          PsiElement(DLangTokenType.import)('import')
          DLangImportListImpl(IMPORT_LIST)
            IMPORT
              DLangModuleFullyQualifiedNameImpl(MODULE_FULLY_QUALIFIED_NAME)
                IDENTIFIER
                  PsiElement(DLangTokenType.ID)('std')
                PsiElement(DLangTokenType..)('.')
                DLangModuleFullyQualifiedNameImpl(MODULE_FULLY_QUALIFIED_NAME)
                  IDENTIFIER
                    PsiElement(DLangTokenType.ID)('stdio')
          PsiElement(DLangTokenType.;)(';')
    DLangDeclDefImpl(DECL_DEF)
      DLangDeclarationImpl(DECLARATION)
        FUNC_DECLARATION
          DLangBasicTypeImpl(BASIC_TYPE)
            DLangBasicTypeXImpl(BASIC_TYPE_X)
              PsiElement(DLangTokenType.void)('void')
          IDENTIFIER
            PsiElement(DLangTokenType.ID)('test')
          DLangFuncDeclaratorSuffixImpl(FUNC_DECLARATOR_SUFFIX)
            DLangParametersImpl(PARAMETERS)
              PsiElement(DLangTokenType.()('(')
              DLangParameterListImpl(PARAMETER_LIST)
                PARAMETER
                  DLangBasicTypeImpl(BASIC_TYPE)
                    DLangIdentifierListImpl(IDENTIFIER_LIST)
                      IDENTIFIER
                        PsiElement(DLangTokenType.ID)('string')
                  DLangDeclaratorImpl(DECLARATOR)
                    DLangVarDeclaratorImpl(VAR_DECLARATOR)
                      IDENTIFIER
                        PsiElement(DLangTokenType.ID)('file')
                  PsiElement(DLangTokenType.=)('=')
                  DLangAssignExpressionImpl(ASSIGN_EXPRESSION)
                    DLangPostfixExpressionImpl(POSTFIX_EXPRESSION)
                      DLangPrimaryExpressionImpl(PRIMARY_EXPRESSION)
                        DLangSpecialKeywordImpl(SPECIAL_KEYWORD)
                          PsiElement(DLangTokenType.__FILE__)('__FILE__')
                PsiElement(DLangTokenType.,)(',')
                PARAMETER
                  DLangBasicTypeImpl(BASIC_TYPE)
                    DLangIdentifierListImpl(IDENTIFIER_LIST)
                      IDENTIFIER
                        PsiElement(DLangTokenType.ID)('size_t')
                  DLangDeclaratorImpl(DECLARATOR)
                    DLangVarDeclaratorImpl(VAR_DECLARATOR)
                      IDENTIFIER
                        PsiElement(DLangTokenType.ID)('line')
                  PsiElement(DLangTokenType.=)('=')
                  DLangAssignExpressionImpl(ASSIGN_EXPRESSION)
                    DLangPostfixExpressionImpl(POSTFIX_EXPRESSION)
                      DLangPrimaryExpressionImpl(PRIMARY_EXPRESSION)
                        DLangSpecialKeywordImpl(SPECIAL_KEYWORD)
                          PsiElement(DLangTokenType.__LINE__)('__LINE__')
                PsiElement(DLangTokenType.,)(',')
                PARAMETER
                  DLangBasicTypeImpl(BASIC_TYPE)
                    DLangIdentifierListImpl(IDENTIFIER_LIST)
                      IDENTIFIER
                        PsiElement(DLangTokenType.ID)('string')
                  DLangDeclaratorImpl(DECLARATOR)
                    DLangVarDeclaratorImpl(VAR_DECLARATOR)
                      IDENTIFIER
                        PsiElement(DLangTokenType.ID)('mod')
                  PsiElement(DLangTokenType.=)('=')
                  DLangAssignExpressionImpl(ASSIGN_EXPRESSION)
                    DLangPostfixExpressionImpl(POSTFIX_EXPRESSION)
                      DLangPrimaryExpressionImpl(PRIMARY_EXPRESSION)
                        DLangSpecialKeywordImpl(SPECIAL_KEYWORD)
                          PsiElement(DLangTokenType.__MODULE__)('__MODULE__')
                PsiElement(DLangTokenType.,)(',')
                PARAMETER
                  DLangBasicTypeImpl(BASIC_TYPE)
                    DLangIdentifierListImpl(IDENTIFIER_LIST)
                      IDENTIFIER
                        PsiElement(DLangTokenType.ID)('string')
                  DLangDeclaratorImpl(DECLARATOR)
                    DLangVarDeclaratorImpl(VAR_DECLARATOR)
                      IDENTIFIER
                        PsiElement(DLangTokenType.ID)('func')
                  PsiElement(DLangTokenType.=)('=')
                  DLangAssignExpressionImpl(ASSIGN_EXPRESSION)
                    DLangPostfixExpressionImpl(POSTFIX_EXPRESSION)
                      DLangPrimaryExpressionImpl(PRIMARY_EXPRESSION)
                        DLangSpecialKeywordImpl(SPECIAL_KEYWORD)
                          PsiElement(DLangTokenType.__FUNCTION__)('__FUNCTION__')
                PsiElement(DLangTokenType.,)(',')
                PARAMETER
                  DLangBasicTypeImpl(BASIC_TYPE)
                    DLangIdentifierListImpl(IDENTIFIER_LIST)
                      IDENTIFIER
                        PsiElement(DLangTokenType.ID)('string')
                  DLangDeclaratorImpl(DECLARATOR)
                    DLangVarDeclaratorImpl(VAR_DECLARATOR)
                      IDENTIFIER
                        PsiElement(DLangTokenType.ID)('pretty')
                  PsiElement(DLangTokenType.=)('=')
                  DLangAssignExpressionImpl(ASSIGN_EXPRESSION)
                    DLangPostfixExpressionImpl(POSTFIX_EXPRESSION)
                      DLangPrimaryExpressionImpl(PRIMARY_EXPRESSION)
                        DLangSpecialKeywordImpl(SPECIAL_KEYWORD)
                          PsiElement(DLangTokenType.__PRETTY_FUNCTION__)('__PRETTY_FUNCTION__')
              PsiElement(DLangTokenType.))(')')
          DLangFunctionBodyImpl(FUNCTION_BODY)
            DLangBlockStatementImpl(BLOCK_STATEMENT)
              PsiElement(DLangTokenType.{)('{')
              DLangStatementListImpl(STATEMENT_LIST)
                DLangStatementImpl(STATEMENT)
                  DLangNonEmptyStatementImpl(NON_EMPTY_STATEMENT)
                    DLangNonEmptyStatementNoCaseNoDefaultImpl(NON_EMPTY_STATEMENT_NO_CASE_NO_DEFAULT)
                      DLangExpressionStatementImpl(EXPRESSION_STATEMENT)
                        DLangCommaExpressionImpl(COMMA_EXPRESSION)
                          DLangAssignExpressionImpl(ASSIGN_EXPRESSION)
                            DLangPostfixExpressionImpl(POSTFIX_EXPRESSION)
                              DLangPrimaryExpressionImpl(PRIMARY_EXPRESSION)
                                IDENTIFIER
                                  PsiElement(DLangTokenType.ID)('writefln')
                            DLangPostfixExpressionImpl(POSTFIX_EXPRESSION)
                              DLangPrimaryExpressionImpl(PRIMARY_EXPRESSION)
                                PsiElement(DLangTokenType.()('(')
                                DLangCommaExpressionImpl(COMMA_EXPRESSION)
                                  DLangAssignExpressionImpl(ASSIGN_EXPRESSION)
                                    DLangPostfixExpressionImpl(POSTFIX_EXPRESSION)
                                      DLangPrimaryExpressionImpl(PRIMARY_EXPRESSION)
                                        DLangStringLiteralsImpl(STRING_LITERALS)
                                          DLangStringLiteralImpl(STRING_LITERAL)
                                            PsiElement(DLangTokenType.DOUBLE_QUOTED_STRING)('"file: '%s', line: '%s', module: '%s',\nfunction: '%s', pretty function: '%s'"')
                                  PsiElement(DLangTokenType.,)(',')
                                  DLangAssignExpressionImpl(ASSIGN_EXPRESSION)
                                    DLangPostfixExpressionImpl(POSTFIX_EXPRESSION)
                                      DLangPrimaryExpressionImpl(PRIMARY_EXPRESSION)
                                        IDENTIFIER
                                          PsiElement(DLangTokenType.ID)('file')
                                  PsiElement(DLangTokenType.,)(',')
                                  DLangAssignExpressionImpl(ASSIGN_EXPRESSION)
                                    DLangPostfixExpressionImpl(POSTFIX_EXPRESSION)
                                      DLangPrimaryExpressionImpl(PRIMARY_EXPRESSION)
                                        IDENTIFIER
                                          PsiElement(DLangTokenType.ID)('line')
                                  PsiElement(DLangTokenType.,)(',')
                                  DLangAssignExpressionImpl(ASSIGN_EXPRESSION)
                                    DLangPostfixExpressionImpl(POSTFIX_EXPRESSION)
                                      DLangPrimaryExpressionImpl(PRIMARY_EXPRESSION)
                                        IDENTIFIER
                                          PsiElement(DLangTokenType.ID)('mod')
                                  PsiElement(DLangTokenType.,)(',')
                                  DLangAssignExpressionImpl(ASSIGN_EXPRESSION)
                                    DLangPostfixExpressionImpl(POSTFIX_EXPRESSION)
                                      DLangPrimaryExpressionImpl(PRIMARY_EXPRESSION)
                                        IDENTIFIER
                                          PsiElement(DLangTokenType.ID)('func')
                                  PsiElement(DLangTokenType.,)(',')
                                  DLangAssignExpressionImpl(ASSIGN_EXPRESSION)
                                    DLangPostfixExpressionImpl(POSTFIX_EXPRESSION)
                                      DLangPrimaryExpressionImpl(PRIMARY_EXPRESSION)
                                        IDENTIFIER
                                          PsiElement(DLangTokenType.ID)('pretty')
                                PsiElement(DLangTokenType.))(')')
                        PsiElement(DLangTokenType.;)(';')
              PsiElement(DLangTokenType.})('}')
    DLangDeclDefImpl(DECL_DEF)
      DLangDeclarationImpl(DECLARATION)
        FUNC_DECLARATION
          DLangBasicTypeImpl(BASIC_TYPE)
            DLangBasicTypeXImpl(BASIC_TYPE_X)
              PsiElement(DLangTokenType.int)('int')
          IDENTIFIER
            PsiElement(DLangTokenType.ID)('main')
          DLangFuncDeclaratorSuffixImpl(FUNC_DECLARATOR_SUFFIX)
            DLangParametersImpl(PARAMETERS)
              PsiElement(DLangTokenType.()('(')
              DLangParameterListImpl(PARAMETER_LIST)
                PARAMETER
                  DLangBasicTypeImpl(BASIC_TYPE)
                    DLangIdentifierListImpl(IDENTIFIER_LIST)
                      IDENTIFIER
                        PsiElement(DLangTokenType.ID)('string')
                  DLangDeclaratorImpl(DECLARATOR)
                    DLangVarDeclaratorImpl(VAR_DECLARATOR)
                      DLangBasicType2Impl(BASIC_TYPE_2)
                        DLangBasicType2XImpl(BASIC_TYPE_2_X)
                          PsiElement(DLangTokenType.[)('[')
                          PsiElement(DLangTokenType.])(']')
                      IDENTIFIER
                        PsiElement(DLangTokenType.ID)('args')
              PsiElement(DLangTokenType.))(')')
          DLangFunctionBodyImpl(FUNCTION_BODY)
            DLangBlockStatementImpl(BLOCK_STATEMENT)
              PsiElement(DLangTokenType.{)('{')
              DLangStatementListImpl(STATEMENT_LIST)
                DLangStatementImpl(STATEMENT)
                  DLangNonEmptyStatementImpl(NON_EMPTY_STATEMENT)
                    DLangNonEmptyStatementNoCaseNoDefaultImpl(NON_EMPTY_STATEMENT_NO_CASE_NO_DEFAULT)
                      DLangExpressionStatementImpl(EXPRESSION_STATEMENT)
                        DLangCommaExpressionImpl(COMMA_EXPRESSION)
                          DLangAssignExpressionImpl(ASSIGN_EXPRESSION)
                            DLangPostfixExpressionImpl(POSTFIX_EXPRESSION)
                              DLangPrimaryExpressionImpl(PRIMARY_EXPRESSION)
                                IDENTIFIER
                                  PsiElement(DLangTokenType.ID)('test')
                            DLangPostfixExpressionImpl(POSTFIX_EXPRESSION)
                              DLangPrimaryExpressionImpl(PRIMARY_EXPRESSION)
                                DLangFunctionLiteralImpl(FUNCTION_LITERAL)
                                  DLangParameterMemberAttributesImpl(PARAMETER_MEMBER_ATTRIBUTES)
                                    DLangParametersImpl(PARAMETERS)
                                      PsiElement(DLangTokenType.()('(')
                                      PsiElement(DLangTokenType.))(')')
                        PsiElement(DLangTokenType.;)(';')
                DLangStatementImpl(STATEMENT)
                  DLangNonEmptyStatementImpl(NON_EMPTY_STATEMENT)
                    DLangNonEmptyStatementNoCaseNoDefaultImpl(NON_EMPTY_STATEMENT_NO_CASE_NO_DEFAULT)
                      DLangReturnStatementImpl(RETURN_STATEMENT)
                        PsiElement(DLangTokenType.return)('return')
                        DLangCommaExpressionImpl(COMMA_EXPRESSION)
                          DLangAssignExpressionImpl(ASSIGN_EXPRESSION)
                            DLangPostfixExpressionImpl(POSTFIX_EXPRESSION)
                              DLangPrimaryExpressionImpl(PRIMARY_EXPRESSION)
                                PsiElement(DLangTokenType.INTEGER_LITERAL)('0')
                        PsiElement(DLangTokenType.;)(';')
              PsiElement(DLangTokenType.})('}')