D Language File
  DLangDeclDefsImpl(DECL_DEFS)
    DLangDeclDefImpl(DECL_DEF)
      DLangDeclarationImpl(DECLARATION)
        FUNC_DECLARATION
          DLangBasicTypeImpl(BASIC_TYPE)
            DLangBasicTypeXImpl(BASIC_TYPE_X)
              PsiElement(DLangTokenType.void)('void')
          IDENTIFIER
            PsiElement(DLangTokenType.ID)('foo')
          DLangFuncDeclaratorSuffixImpl(FUNC_DECLARATOR_SUFFIX)
            DLangTemplateParametersImpl(TEMPLATE_PARAMETERS)
              PsiElement(DLangTokenType.()('(')
              DLangTemplateParameterListImpl(TEMPLATE_PARAMETER_LIST)
                TEMPLATE_PARAMETER
                  DLangTemplateTypeParameterImpl(TEMPLATE_TYPE_PARAMETER)
                    DLangTypeImpl(TYPE)
                      DLangBasicTypeImpl(BASIC_TYPE)
                        DLangIdentifierListImpl(IDENTIFIER_LIST)
                          IDENTIFIER
                            PsiElement(DLangTokenType.ID)('T')
              PsiElement(DLangTokenType.))(')')
            DLangParametersImpl(PARAMETERS)
              PsiElement(DLangTokenType.()('(')
              PsiElement(DLangTokenType.))(')')
          DLangFunctionBodyImpl(FUNCTION_BODY)
            DLangBlockStatementImpl(BLOCK_STATEMENT)
              PsiElement(DLangTokenType.{)('{')
              PsiElement(DLangTokenType.})('}')
    DLangDeclDefImpl(DECL_DEF)
      DLangStaticAssertImpl(STATIC_ASSERT)
        PsiElement(DLangTokenType.static)('static')
        PsiElement(DLangTokenType.assert)('assert')
        PsiElement(DLangTokenType.()('(')
        DLangAssignExpressionImpl(ASSIGN_EXPRESSION)
          DLangPostfixExpressionImpl(POSTFIX_EXPRESSION)
            DLangPrimaryExpressionImpl(PRIMARY_EXPRESSION)
              DLangTraitsExpressionImpl(TRAITS_EXPRESSION)
                PsiElement(DLangTokenType.__traits)('__traits')
                PsiElement(DLangTokenType.()('(')
                DLangTraitsKeywordImpl(TRAITS_KEYWORD)
                  PsiElement(DLangTokenType.ID)('isTemplate')
                PsiElement(DLangTokenType.,)(',')
                DLangTraitsArgumentsImpl(TRAITS_ARGUMENTS)
                  DLangTraitsArgumentImpl(TRAITS_ARGUMENT)
                    DLangAssignExpressionImpl(ASSIGN_EXPRESSION)
                      DLangPostfixExpressionImpl(POSTFIX_EXPRESSION)
                        DLangPrimaryExpressionImpl(PRIMARY_EXPRESSION)
                          IDENTIFIER
                            PsiElement(DLangTokenType.ID)('foo')
                PsiElement(DLangTokenType.))(')')
        PsiElement(DLangTokenType.))(')')
        PsiElement(DLangTokenType.;)(';')
    DLangDeclDefImpl(DECL_DEF)
      DLangStaticAssertImpl(STATIC_ASSERT)
        PsiElement(DLangTokenType.static)('static')
        PsiElement(DLangTokenType.assert)('assert')
        PsiElement(DLangTokenType.()('(')
        DLangAssignExpressionImpl(ASSIGN_EXPRESSION)
          PsiElement(DLangTokenType.!)('!')
          DLangPostfixExpressionImpl(POSTFIX_EXPRESSION)
            DLangPrimaryExpressionImpl(PRIMARY_EXPRESSION)
              DLangTraitsExpressionImpl(TRAITS_EXPRESSION)
                PsiElement(DLangTokenType.__traits)('__traits')
                PsiElement(DLangTokenType.()('(')
                DLangTraitsKeywordImpl(TRAITS_KEYWORD)
                  PsiElement(DLangTokenType.ID)('isTemplate')
                PsiElement(DLangTokenType.,)(',')
                DLangTraitsArgumentsImpl(TRAITS_ARGUMENTS)
                  DLangTraitsArgumentImpl(TRAITS_ARGUMENT)
                    DLangAssignExpressionImpl(ASSIGN_EXPRESSION)
                      DLangPostfixExpressionImpl(POSTFIX_EXPRESSION)
                        DLangPrimaryExpressionImpl(PRIMARY_EXPRESSION)
                          DLangTemplateInstanceImpl(TEMPLATE_INSTANCE)
                            IDENTIFIER
                              PsiElement(DLangTokenType.ID)('foo')
                            DLangTemplateArgumentsImpl(TEMPLATE_ARGUMENTS)
                              PsiElement(DLangTokenType.!)('!')
                              DLangTemplateSingleArgumentImpl(TEMPLATE_SINGLE_ARGUMENT)
                                DLangBasicTypeXImpl(BASIC_TYPE_X)
                                  PsiElement(DLangTokenType.int)('int')
                      DLangPostfixExpressionImpl(POSTFIX_EXPRESSION)
                        DLangPrimaryExpressionImpl(PRIMARY_EXPRESSION)
                          DLangFunctionLiteralImpl(FUNCTION_LITERAL)
                            DLangParameterMemberAttributesImpl(PARAMETER_MEMBER_ATTRIBUTES)
                              DLangParametersImpl(PARAMETERS)
                                PsiElement(DLangTokenType.()('(')
                                PsiElement(DLangTokenType.))(')')
                PsiElement(DLangTokenType.))(')')
        PsiElement(DLangTokenType.))(')')
        PsiElement(DLangTokenType.;)(';')
    DLangDeclDefImpl(DECL_DEF)
      DLangStaticAssertImpl(STATIC_ASSERT)
        PsiElement(DLangTokenType.static)('static')
        PsiElement(DLangTokenType.assert)('assert')
        PsiElement(DLangTokenType.()('(')
        DLangAssignExpressionImpl(ASSIGN_EXPRESSION)
          PsiElement(DLangTokenType.!)('!')
          DLangPostfixExpressionImpl(POSTFIX_EXPRESSION)
            DLangPrimaryExpressionImpl(PRIMARY_EXPRESSION)
              DLangTraitsExpressionImpl(TRAITS_EXPRESSION)
                PsiElement(DLangTokenType.__traits)('__traits')
                PsiElement(DLangTokenType.()('(')
                DLangTraitsKeywordImpl(TRAITS_KEYWORD)
                  PsiElement(DLangTokenType.ID)('isTemplate')
                PsiElement(DLangTokenType.,)(',')
                DLangTraitsArgumentsImpl(TRAITS_ARGUMENTS)
                  DLangTraitsArgumentImpl(TRAITS_ARGUMENT)
                    DLangAssignExpressionImpl(ASSIGN_EXPRESSION)
                      DLangPostfixExpressionImpl(POSTFIX_EXPRESSION)
                        DLangPrimaryExpressionImpl(PRIMARY_EXPRESSION)
                          DLangStringLiteralsImpl(STRING_LITERALS)
                            DLangStringLiteralImpl(STRING_LITERAL)
                              PsiElement(DLangTokenType.DOUBLE_QUOTED_STRING)('"string"')
                PsiElement(DLangTokenType.))(')')
        PsiElement(DLangTokenType.))(')')
        PsiElement(DLangTokenType.;)(';')