D Language File
  DLangDeclDefsImpl(DECL_DEFS)
    DLangDeclDefImpl(DECL_DEF)
      DLangDeclarationImpl(DECLARATION)
        DLangImportDeclarationImpl(IMPORT_DECLARATION)
          PsiElement(DLangTokenType.import)('import')
          DLangImportListImpl(IMPORT_LIST)
            IMPORT
              DLangModuleFullyQualifiedNameImpl(MODULE_FULLY_QUALIFIED_NAME)
                IDENTIFIER
                  PsiElement(DLangTokenType.ID)('std')
                PsiElement(DLangTokenType..)('.')
                DLangModuleFullyQualifiedNameImpl(MODULE_FULLY_QUALIFIED_NAME)
                  IDENTIFIER
                    PsiElement(DLangTokenType.ID)('stdio')
          PsiElement(DLangTokenType.;)(';')
    DLangDeclDefImpl(DECL_DEF)
      DLangDeclarationImpl(DECLARATION)
        DLangAggregateDeclarationImpl(AGGREGATE_DECLARATION)
          CLASS_DECLARATION
            PsiElement(DLangTokenType.class)('class')
            IDENTIFIER
              PsiElement(DLangTokenType.ID)('D')
            DLangAggregateBodyImpl(AGGREGATE_BODY)
              PsiElement(DLangTokenType.{)('{')
              DLangDeclDefsImpl(DECL_DEFS)
                DLangDeclDefImpl(DECL_DEF)
                  CONSTRUCTOR
                    PsiElement(DLangTokenType.this)('this')
                    DLangParametersImpl(PARAMETERS)
                      PsiElement(DLangTokenType.()('(')
                      PsiElement(DLangTokenType.))(')')
                    DLangFunctionBodyImpl(FUNCTION_BODY)
                      DLangBlockStatementImpl(BLOCK_STATEMENT)
                        PsiElement(DLangTokenType.{)('{')
                        PsiElement(DLangTokenType.})('}')
                DLangDeclDefImpl(DECL_DEF)
                  DESTRUCTOR
                    PsiElement(DLangTokenType.~)('~')
                    PsiElement(DLangTokenType.this)('this')
                    PsiElement(DLangTokenType.()('(')
                    PsiElement(DLangTokenType.))(')')
                    DLangFunctionBodyImpl(FUNCTION_BODY)
                      DLangBlockStatementImpl(BLOCK_STATEMENT)
                        PsiElement(DLangTokenType.{)('{')
                        PsiElement(DLangTokenType.})('}')
                DLangDeclDefImpl(DECL_DEF)
                  DLangDeclarationImpl(DECLARATION)
                    FUNC_DECLARATION
                      DLangBasicTypeImpl(BASIC_TYPE)
                        DLangBasicTypeXImpl(BASIC_TYPE_X)
                          PsiElement(DLangTokenType.void)('void')
                      IDENTIFIER
                        PsiElement(DLangTokenType.ID)('foo')
                      DLangFuncDeclaratorSuffixImpl(FUNC_DECLARATOR_SUFFIX)
                        DLangParametersImpl(PARAMETERS)
                          PsiElement(DLangTokenType.()('(')
                          PsiElement(DLangTokenType.))(')')
                      DLangFunctionBodyImpl(FUNCTION_BODY)
                        DLangBlockStatementImpl(BLOCK_STATEMENT)
                          PsiElement(DLangTokenType.{)('{')
                          PsiElement(DLangTokenType.})('}')
                DLangDeclDefImpl(DECL_DEF)
                  DLangDeclarationImpl(DECLARATION)
                    FUNC_DECLARATION
                      DLangBasicTypeImpl(BASIC_TYPE)
                        DLangBasicTypeXImpl(BASIC_TYPE_X)
                          PsiElement(DLangTokenType.int)('int')
                      IDENTIFIER
                        PsiElement(DLangTokenType.ID)('foo')
                      DLangFuncDeclaratorSuffixImpl(FUNC_DECLARATOR_SUFFIX)
                        DLangParametersImpl(PARAMETERS)
                          PsiElement(DLangTokenType.()('(')
                          DLangParameterListImpl(PARAMETER_LIST)
                            DLangParameterImpl(PARAMETER)
                              DLangTypeImpl(TYPE)
                                DLangBasicTypeImpl(BASIC_TYPE)
                                  DLangBasicTypeXImpl(BASIC_TYPE_X)
                                    PsiElement(DLangTokenType.int)('int')
                          PsiElement(DLangTokenType.))(')')
                      DLangFunctionBodyImpl(FUNCTION_BODY)
                        DLangBlockStatementImpl(BLOCK_STATEMENT)
                          PsiElement(DLangTokenType.{)('{')
                          DLangStatementListImpl(STATEMENT_LIST)
                            DLangStatementImpl(STATEMENT)
                              DLangNonEmptyStatementImpl(NON_EMPTY_STATEMENT)
                                DLangNonEmptyStatementNoCaseNoDefaultImpl(NON_EMPTY_STATEMENT_NO_CASE_NO_DEFAULT)
                                  DLangReturnStatementImpl(RETURN_STATEMENT)
                                    PsiElement(DLangTokenType.return)('return')
                                    DLangCommaExpressionImpl(COMMA_EXPRESSION)
                                      DLangAssignExpressionImpl(ASSIGN_EXPRESSION)
                                        DLangPostfixExpressionImpl(POSTFIX_EXPRESSION)
                                          DLangPrimaryExpressionImpl(PRIMARY_EXPRESSION)
                                            PsiElement(DLangTokenType.INTEGER_LITERAL)('0')
                                    PsiElement(DLangTokenType.;)(';')
                          PsiElement(DLangTokenType.})('}')
              PsiElement(DLangTokenType.})('}')
    DLangDeclDefImpl(DECL_DEF)
      DLangDeclarationImpl(DECLARATION)
        FUNC_DECLARATION
          DLangBasicTypeImpl(BASIC_TYPE)
            DLangBasicTypeXImpl(BASIC_TYPE_X)
              PsiElement(DLangTokenType.void)('void')
          IDENTIFIER
            PsiElement(DLangTokenType.ID)('main')
          DLangFuncDeclaratorSuffixImpl(FUNC_DECLARATOR_SUFFIX)
            DLangParametersImpl(PARAMETERS)
              PsiElement(DLangTokenType.()('(')
              PsiElement(DLangTokenType.))(')')
          DLangFunctionBodyImpl(FUNCTION_BODY)
            DLangBlockStatementImpl(BLOCK_STATEMENT)
              PsiElement(DLangTokenType.{)('{')
              DLangStatementListImpl(STATEMENT_LIST)
                DLangStatementImpl(STATEMENT)
                  DLangNonEmptyStatementImpl(NON_EMPTY_STATEMENT)
                    DLangNonEmptyStatementNoCaseNoDefaultImpl(NON_EMPTY_STATEMENT_NO_CASE_NO_DEFAULT)
                      DLangDeclarationStatementImpl(DECLARATION_STATEMENT)
                        DLangStorageClassesImpl(STORAGE_CLASSES)
                          DLangStorageClassImpl(STORAGE_CLASS)
                            PsiElement(DLangTokenType.auto)('auto')
                        DLangDeclarationImpl(DECLARATION)
                          DLangVarDeclarationsImpl(VAR_DECLARATIONS)
                            DLangAutoDeclarationImpl(AUTO_DECLARATION)
                              DLangAutoDeclarationXImpl(AUTO_DECLARATION_X)
                                AUTO_DECLARATION_Y
                                  IDENTIFIER
                                    PsiElement(DLangTokenType.ID)('a')
                                  PsiElement(DLangTokenType.=)('=')
                                  DLangInitializerImpl(INITIALIZER)
                                    DLangNonVoidInitializerImpl(NON_VOID_INITIALIZER)
                                      DLangAssignExpressionImpl(ASSIGN_EXPRESSION)
                                        DLangPostfixExpressionImpl(POSTFIX_EXPRESSION)
                                          DLangPrimaryExpressionImpl(PRIMARY_EXPRESSION)
                                            DLangArrayLiteralImpl(ARRAY_LITERAL)
                                              PsiElement(DLangTokenType.[)('[')
                                              DLangArgumentListImpl(ARGUMENT_LIST)
                                                DLangAssignExpressionImpl(ASSIGN_EXPRESSION)
                                                  DLangPostfixExpressionImpl(POSTFIX_EXPRESSION)
                                                    DLangPrimaryExpressionImpl(PRIMARY_EXPRESSION)
                                                      DLangTraitsExpressionImpl(TRAITS_EXPRESSION)
                                                        PsiElement(DLangTokenType.__traits)('__traits')
                                                        PsiElement(DLangTokenType.()('(')
                                                        DLangTraitsKeywordImpl(TRAITS_KEYWORD)
                                                          PsiElement(DLangTokenType.ID)('derivedMembers')
                                                        PsiElement(DLangTokenType.,)(',')
                                                        DLangTraitsArgumentsImpl(TRAITS_ARGUMENTS)
                                                          DLangTraitsArgumentImpl(TRAITS_ARGUMENT)
                                                            DLangAssignExpressionImpl(ASSIGN_EXPRESSION)
                                                              DLangPostfixExpressionImpl(POSTFIX_EXPRESSION)
                                                                DLangPrimaryExpressionImpl(PRIMARY_EXPRESSION)
                                                                  IDENTIFIER
                                                                    PsiElement(DLangTokenType.ID)('D')
                                                        PsiElement(DLangTokenType.))(')')
                                              PsiElement(DLangTokenType.])(']')
                              PsiElement(DLangTokenType.;)(';')
                DLangStatementImpl(STATEMENT)
                  DLangNonEmptyStatementImpl(NON_EMPTY_STATEMENT)
                    DLangNonEmptyStatementNoCaseNoDefaultImpl(NON_EMPTY_STATEMENT_NO_CASE_NO_DEFAULT)
                      DLangDeclarationStatementImpl(DECLARATION_STATEMENT)
                        DLangDeclarationImpl(DECLARATION)
                          DLangVarDeclarationsImpl(VAR_DECLARATIONS)
                            DLangBasicTypeImpl(BASIC_TYPE)
                              DLangIdentifierListImpl(IDENTIFIER_LIST)
                                IDENTIFIER
                                  PsiElement(DLangTokenType.ID)('writeln')
                            DLangDeclaratorsImpl(DECLARATORS)
                              DECLARATOR_INITIALIZER
                                DLangAltDeclaratorImpl(ALT_DECLARATOR)
                                  PsiElement(DLangTokenType.()('(')
                                  DLangAltDeclaratorXImpl(ALT_DECLARATOR_X)
                                    IDENTIFIER
                                      PsiElement(DLangTokenType.ID)('a')
                                  PsiElement(DLangTokenType.))(')')
                            PsiElement(DLangTokenType.;)(';')
              PsiComment(DLangTokenType.LINE_COMMENT)('// ["__ctor", "__dtor", "foo"]')
              PsiElement(DLangTokenType.})('}')
