D Language File
  DLangDeclDefsImpl(DECL_DEFS)
    DLangDeclDefImpl(DECL_DEF)
      DLangDeclarationImpl(DECLARATION)
        DLangVarDeclarationsImpl(VAR_DECLARATIONS)
          DLangBasicTypeImpl(BASIC_TYPE)
            DLangBasicTypeXImpl(BASIC_TYPE_X)
              PsiElement(DLangTokenType.int)('int')
          DLangDeclaratorsImpl(DECLARATORS)
            DECLARATOR_INITIALIZER
              DLangAltDeclaratorImpl(ALT_DECLARATOR)
                PsiElement(DLangTokenType.()('(')
                DLangAltDeclaratorXImpl(ALT_DECLARATOR_X)
                  DLangBasicType2Impl(BASIC_TYPE_2)
                    DLangBasicType2XImpl(BASIC_TYPE_2_X)
                      PsiElement(DLangTokenType.*)('*')
                  IDENTIFIER
                    PsiElement(DLangTokenType.ID)('fp')
                PsiElement(DLangTokenType.))(')')
                DLangAltFuncDeclaratorSuffixImpl(ALT_FUNC_DECLARATOR_SUFFIX)
                  DLangParametersImpl(PARAMETERS)
                    PsiElement(DLangTokenType.()('(')
                    DLangParameterListImpl(PARAMETER_LIST)
                      PARAMETER
                        DLangTypeImpl(TYPE)
                          DLangBasicTypeImpl(BASIC_TYPE)
                            DLangBasicTypeXImpl(BASIC_TYPE_X)
                              PsiElement(DLangTokenType.int)('int')
                    PsiElement(DLangTokenType.))(')')
          PsiElement(DLangTokenType.;)(';')
  PsiComment(DLangTokenType.LINE_COMMENT)('// fp is pointer to a function')