DLangTokenType.import ('import')
WHITE_SPACE (' ')
DLangTokenType.ID ('std')
DLangTokenType.. ('.')
DLangTokenType.ID ('stdio')
DLangTokenType.; (';')
WHITE_SPACE ('\n\n')
DLangTokenType.void ('void')
WHITE_SPACE (' ')
DLangTokenType.ID ('main')
DLangTokenType.( ('(')
DLangTokenType.) (')')
DLangTokenType.{ ('{')
WHITE_SPACE ('\n')
WHITE_SPACE ('  ')
DLangTokenType.float ('float')
WHITE_SPACE (' ')
DLangTokenType.ID ('a')
WHITE_SPACE (' ')
DLangTokenType.= ('=')
WHITE_SPACE (' ')
DLangTokenType.FLOAT_LITERAL ('1.2')
DLangTokenType.; (';')
WHITE_SPACE ('\n')
WHITE_SPACE ('  ')
DLangTokenType.float ('float')
WHITE_SPACE (' ')
DLangTokenType.ID ('b')
WHITE_SPACE (' ')
DLangTokenType.= ('=')
WHITE_SPACE (' ')
DLangTokenType.FLOAT_LITERAL ('1.')
DLangTokenType.; (';')
WHITE_SPACE ('\n')
DLangTokenType.} ('}')
