DLangTokenType.interface ('interface')
WHITE_SPACE (' ')
DLangTokenType.ID ('D')
WHITE_SPACE ('\n')
DLangTokenType.{ ('{')
WHITE_SPACE ('\n')
WHITE_SPACE ('    ')
DLangTokenType.void ('void')
WHITE_SPACE (' ')
DLangTokenType.ID ('bar')
DLangTokenType.( ('(')
DLangTokenType.) (')')
WHITE_SPACE (' ')
DLangTokenType.{ ('{')
WHITE_SPACE (' ')
DLangTokenType.} ('}')
WHITE_SPACE ('  ')
DLangTokenType.line_comment ('// error, implementation not allowed')
WHITE_SPACE ('\n')
WHITE_SPACE ('    ')
DLangTokenType.static ('static')
WHITE_SPACE (' ')
DLangTokenType.void ('void')
WHITE_SPACE (' ')
DLangTokenType.ID ('foo')
DLangTokenType.( ('(')
DLangTokenType.) (')')
WHITE_SPACE (' ')
DLangTokenType.{ ('{')
WHITE_SPACE (' ')
DLangTokenType.} ('}')
WHITE_SPACE (' ')
DLangTokenType.line_comment ('// ok')
WHITE_SPACE ('\n')
WHITE_SPACE ('    ')
DLangTokenType.final ('final')
WHITE_SPACE (' ')
DLangTokenType.void ('void')
WHITE_SPACE (' ')
DLangTokenType.ID ('abc')
DLangTokenType.( ('(')
DLangTokenType.) (')')
WHITE_SPACE (' ')
DLangTokenType.{ ('{')
WHITE_SPACE (' ')
DLangTokenType.} ('}')
WHITE_SPACE (' ')
DLangTokenType.line_comment ('// ok')
WHITE_SPACE ('\n')
DLangTokenType.} ('}')