DLangTokenType.long ('long')
WHITE_SPACE (' ')
DLangTokenType.ID ('square_root')
DLangTokenType.( ('(')
DLangTokenType.long ('long')
WHITE_SPACE (' ')
DLangTokenType.ID ('x')
DLangTokenType.) (')')
WHITE_SPACE ('\n')
DLangTokenType.in ('in')
WHITE_SPACE ('\n')
DLangTokenType.{ ('{')
WHITE_SPACE ('\n')
WHITE_SPACE ('    ')
DLangTokenType.assert ('assert')
DLangTokenType.( ('(')
DLangTokenType.ID ('x')
WHITE_SPACE (' ')
DLangTokenType.>= ('>=')
WHITE_SPACE (' ')
DLangTokenType.INTEGER_LITERAL ('0')
DLangTokenType.) (')')
DLangTokenType.; (';')
WHITE_SPACE ('\n')
DLangTokenType.} ('}')
WHITE_SPACE ('\n')
DLangTokenType.out ('out')
WHITE_SPACE (' ')
DLangTokenType.( ('(')
DLangTokenType.ID ('result')
DLangTokenType.) (')')
WHITE_SPACE ('\n')
DLangTokenType.{ ('{')
WHITE_SPACE ('\n')
WHITE_SPACE ('    ')
DLangTokenType.assert ('assert')
DLangTokenType.( ('(')
DLangTokenType.( ('(')
DLangTokenType.ID ('result')
WHITE_SPACE (' ')
DLangTokenType.* ('*')
WHITE_SPACE (' ')
DLangTokenType.ID ('result')
DLangTokenType.) (')')
WHITE_SPACE (' ')
DLangTokenType.<= ('<=')
WHITE_SPACE (' ')
DLangTokenType.ID ('x')
WHITE_SPACE (' ')
DLangTokenType.&& ('&&')
WHITE_SPACE (' ')
DLangTokenType.( ('(')
DLangTokenType.ID ('result')
DLangTokenType.+ ('+')
DLangTokenType.INTEGER_LITERAL ('1')
DLangTokenType.) (')')
WHITE_SPACE (' ')
DLangTokenType.* ('*')
WHITE_SPACE (' ')
DLangTokenType.( ('(')
DLangTokenType.ID ('result')
DLangTokenType.+ ('+')
DLangTokenType.INTEGER_LITERAL ('1')
DLangTokenType.) (')')
WHITE_SPACE (' ')
DLangTokenType.> ('>')
WHITE_SPACE (' ')
DLangTokenType.ID ('x')
DLangTokenType.) (')')
DLangTokenType.; (';')
WHITE_SPACE ('\n')
DLangTokenType.} ('}')
WHITE_SPACE ('\n')
DLangTokenType.body ('body')
WHITE_SPACE ('\n')
DLangTokenType.{ ('{')
WHITE_SPACE ('\n')
WHITE_SPACE ('    ')
DLangTokenType.return ('return')
WHITE_SPACE (' ')
DLangTokenType.cast ('cast')
DLangTokenType.( ('(')
DLangTokenType.long ('long')
DLangTokenType.) (')')
DLangTokenType.ID ('std')
DLangTokenType.. ('.')
DLangTokenType.ID ('math')
DLangTokenType.. ('.')
DLangTokenType.ID ('sqrt')
DLangTokenType.( ('(')
DLangTokenType.cast ('cast')
DLangTokenType.( ('(')
DLangTokenType.real ('real')
DLangTokenType.) (')')
DLangTokenType.ID ('x')
DLangTokenType.) (')')
DLangTokenType.; (';')
WHITE_SPACE ('\n')
DLangTokenType.} ('}')