DLangTokenType.class ('class')
WHITE_SPACE (' ')
DLangTokenType.ID ('Date')
WHITE_SPACE ('\n')
DLangTokenType.{ ('{')
WHITE_SPACE ('\n')
WHITE_SPACE ('    ')
DLangTokenType.int ('int')
WHITE_SPACE (' ')
DLangTokenType.ID ('day')
DLangTokenType.; (';')
WHITE_SPACE ('\n')
WHITE_SPACE ('    ')
DLangTokenType.int ('int')
WHITE_SPACE (' ')
DLangTokenType.ID ('hour')
DLangTokenType.; (';')
WHITE_SPACE ('\n\n')
WHITE_SPACE ('    ')
DLangTokenType.this ('this')
DLangTokenType.( ('(')
DLangTokenType.int ('int')
WHITE_SPACE (' ')
DLangTokenType.ID ('d')
DLangTokenType., (',')
WHITE_SPACE (' ')
DLangTokenType.int ('int')
WHITE_SPACE (' ')
DLangTokenType.ID ('h')
DLangTokenType.) (')')
WHITE_SPACE ('\n')
WHITE_SPACE ('    ')
DLangTokenType.{ ('{')
WHITE_SPACE ('\n')
WHITE_SPACE ('        ')
DLangTokenType.ID ('day')
WHITE_SPACE (' ')
DLangTokenType.= ('=')
WHITE_SPACE (' ')
DLangTokenType.ID ('d')
DLangTokenType.; (';')
WHITE_SPACE ('\n')
WHITE_SPACE ('        ')
DLangTokenType.ID ('hour')
WHITE_SPACE (' ')
DLangTokenType.= ('=')
WHITE_SPACE (' ')
DLangTokenType.ID ('h')
DLangTokenType.; (';')
WHITE_SPACE ('\n')
WHITE_SPACE ('    ')
DLangTokenType.} ('}')
WHITE_SPACE ('\n\n')
WHITE_SPACE ('    ')
DLangTokenType.invariant ('invariant')
DLangTokenType.( ('(')
DLangTokenType.) (')')
WHITE_SPACE ('\n')
WHITE_SPACE ('    ')
DLangTokenType.{ ('{')
WHITE_SPACE ('\n')
WHITE_SPACE ('        ')
DLangTokenType.assert ('assert')
DLangTokenType.( ('(')
DLangTokenType.INTEGER_LITERAL ('1')
WHITE_SPACE (' ')
DLangTokenType.<= ('<=')
WHITE_SPACE (' ')
DLangTokenType.ID ('day')
WHITE_SPACE (' ')
DLangTokenType.&& ('&&')
WHITE_SPACE (' ')
DLangTokenType.ID ('day')
WHITE_SPACE (' ')
DLangTokenType.<= ('<=')
WHITE_SPACE (' ')
DLangTokenType.INTEGER_LITERAL ('31')
DLangTokenType.) (')')
DLangTokenType.; (';')
WHITE_SPACE ('\n')
WHITE_SPACE ('        ')
DLangTokenType.assert ('assert')
DLangTokenType.( ('(')
DLangTokenType.INTEGER_LITERAL ('0')
WHITE_SPACE (' ')
DLangTokenType.<= ('<=')
WHITE_SPACE (' ')
DLangTokenType.ID ('hour')
WHITE_SPACE (' ')
DLangTokenType.&& ('&&')
WHITE_SPACE (' ')
DLangTokenType.ID ('hour')
WHITE_SPACE (' ')
DLangTokenType.< ('<')
WHITE_SPACE (' ')
DLangTokenType.INTEGER_LITERAL ('24')
DLangTokenType.) (')')
DLangTokenType.; (';')
WHITE_SPACE ('\n')
WHITE_SPACE ('    ')
DLangTokenType.} ('}')
WHITE_SPACE ('\n')
DLangTokenType.} ('}')
