DLangTokenType.import ('import')
WHITE_SPACE (' ')
DLangTokenType.ID ('std')
DLangTokenType.. ('.')
DLangTokenType.ID ('stdio')
DLangTokenType.; (';')
WHITE_SPACE ('\n\n')
DLangTokenType.void ('void')
WHITE_SPACE (' ')
DLangTokenType.ID ('main')
DLangTokenType.( ('(')
DLangTokenType.) (')')
DLangTokenType.{ ('{')
WHITE_SPACE ('\n')
WHITE_SPACE ('  ')
DLangTokenType.ID ('string')
WHITE_SPACE (' ')
DLangTokenType.ID ('file')
WHITE_SPACE (' ')
DLangTokenType.= ('=')
WHITE_SPACE (' ')
DLangTokenType.__FILE__ ('__FILE__')
DLangTokenType.; (';')
WHITE_SPACE ('\n')
DLangTokenType.} ('}')
