DLangTokenType.struct ('struct')
WHITE_SPACE (' ')
DLangTokenType.ID ('S')
WHITE_SPACE (' ')
DLangTokenType.{ ('{')
WHITE_SPACE (' ')
DLangTokenType.int ('int')
WHITE_SPACE (' ')
DLangTokenType.ID ('a')
DLangTokenType.; (';')
WHITE_SPACE (' ')
DLangTokenType.int ('int')
WHITE_SPACE (' ')
DLangTokenType.ID ('b')
DLangTokenType.; (';')
WHITE_SPACE (' ')
DLangTokenType.int ('int')
WHITE_SPACE (' ')
DLangTokenType.ID ('c')
DLangTokenType.; (';')
WHITE_SPACE (' ')
DLangTokenType.int ('int')
WHITE_SPACE (' ')
DLangTokenType.ID ('d')
WHITE_SPACE (' ')
DLangTokenType.= ('=')
WHITE_SPACE (' ')
DLangTokenType.INTEGER_LITERAL ('7')
DLangTokenType.; (';')
DLangTokenType.} ('}')