DLangTokenType.union ('union')
WHITE_SPACE (' ')
DLangTokenType.ID ('U')
WHITE_SPACE (' ')
DLangTokenType.{ ('{')
WHITE_SPACE (' ')
DLangTokenType.int ('int')
WHITE_SPACE (' ')
DLangTokenType.ID ('a')
DLangTokenType.; (';')
WHITE_SPACE (' ')
DLangTokenType.double ('double')
WHITE_SPACE (' ')
DLangTokenType.ID ('b')
DLangTokenType.; (';')
WHITE_SPACE (' ')
DLangTokenType.} ('}')
