DLangTokenType.module ('module')
WHITE_SPACE (' ')
DLangTokenType.ID ('net')
DLangTokenType.. ('.')
DLangTokenType.ID ('masterthought')
DLangTokenType.. ('.')
DLangTokenType.ID ('dlanguage')
DLangTokenType.; (';')
