DLangTokenType.import ('import')
WHITE_SPACE (' ')
DLangTokenType.ID ('std')
DLangTokenType.. ('.')
DLangTokenType.ID ('stdio')
DLangTokenType.; (';')
WHITE_SPACE ('\n\n')
DLangTokenType.void ('void')
WHITE_SPACE (' ')
DLangTokenType.ID ('main')
DLangTokenType.( ('(')
DLangTokenType.) (')')
DLangTokenType.{ ('{')
WHITE_SPACE ('\n')
WHITE_SPACE ('  ')
DLangTokenType.alias ('alias')
WHITE_SPACE (' ')
DLangTokenType.ID ('void16')
WHITE_SPACE (' ')
DLangTokenType.= ('=')
WHITE_SPACE (' ')
DLangTokenType.ID ('__vector')
DLangTokenType.( ('(')
DLangTokenType.void ('void')
DLangTokenType.[ ('[')
DLangTokenType.INTEGER_LITERAL ('16')
DLangTokenType.] (']')
DLangTokenType.) (')')
DLangTokenType.; (';')
WHITE_SPACE ('\n')
DLangTokenType.} ('}')