DLangTokenType.import ('import')
WHITE_SPACE (' ')
DLangTokenType.ID ('std')
DLangTokenType.. ('.')
DLangTokenType.ID ('stdio')
DLangTokenType.; (';')
WHITE_SPACE ('\n\n')
DLangTokenType.void ('void')
WHITE_SPACE (' ')
DLangTokenType.ID ('main')
DLangTokenType.( ('(')
DLangTokenType.) (')')
DLangTokenType.{ ('{')
WHITE_SPACE ('\n')
WHITE_SPACE ('  ')
DLangTokenType.ID ('string')
WHITE_SPACE (' ')
DLangTokenType.ID ('a')
WHITE_SPACE (' ')
DLangTokenType.= ('=')
WHITE_SPACE (' ')
DLangTokenType.WYSIWYG_STRING ('r"hello"')
DLangTokenType.; (';')
WHITE_SPACE ('\n')
DLangTokenType.} ('}')