KEYWORD ('module')
WHITE_SPACE (' ')
MODULE_DEFINITION ('syntax_highlighting.cool.nice_yeah')
SEMICOLON (';')
WHITE_SPACE ('\n\n')
KEYWORD ('import')
WHITE_SPACE (' ')
DLangTokenType.ID ('std')
DOT ('.')
DLangTokenType.ID ('stdio')
SEMICOLON (';')
WHITE_SPACE ('\n\n')
KEYWORD ('class')
WHITE_SPACE (' ')
DLangTokenType.ID ('Apple')
WHITE_SPACE ('\n')
BRACES ('{')
WHITE_SPACE ('\n\n')
WHITE_SPACE ('    ')
DLangTokenType.ID ('string')
WHITE_SPACE (' ')
DLangTokenType.ID ('var1')
SEMICOLON (';')
WHITE_SPACE ('\n')
WHITE_SPACE ('    ')
KEYWORD ('int')
WHITE_SPACE (' ')
DLangTokenType.ID ('var2')
SEMICOLON (';')
WHITE_SPACE ('\n\n')
WHITE_SPACE ('    ')
KEYWORD ('public')
WHITE_SPACE (' ')
DLangTokenType.ID ('string')
BRACKETS ('[')
BRACKETS (']')
WHITE_SPACE (' ')
FUNCTION_DEFINITION ('myArray')
PARENTHESES ('(')
PARENTHESES (')')
WHITE_SPACE ('\n')
WHITE_SPACE ('    ')
BRACES ('{')
WHITE_SPACE ('\n')
WHITE_SPACE ('        ')
KEYWORD ('return')
WHITE_SPACE (' ')
BRACKETS ('[')
DLangTokenType.ID ('var1')
COMMA (',')
WHITE_SPACE (' ')
DLangTokenType.ID ('var2')
BRACKETS (']')
SEMICOLON (';')
WHITE_SPACE ('\n')
WHITE_SPACE ('    ')
BRACES ('}')
WHITE_SPACE ('\n\n')
WHITE_SPACE ('    ')
KEYWORD ('public')
WHITE_SPACE (' ')
KEYWORD ('bool')
WHITE_SPACE (' ')
FUNCTION_DEFINITION ('myBool')
PARENTHESES ('(')
DLangTokenType.ID ('string')
WHITE_SPACE (' ')
DLangTokenType.ID ('name')
COMMA (',')
WHITE_SPACE (' ')
KEYWORD ('int')
WHITE_SPACE (' ')
DLangTokenType.ID ('age')
PARENTHESES (')')
WHITE_SPACE ('\n')
WHITE_SPACE ('    ')
BRACES ('{')
WHITE_SPACE ('\n')
WHITE_SPACE ('        ')
KEYWORD ('if')
WHITE_SPACE (' ')
PARENTHESES ('(')
DLangTokenType.ID ('age')
WHITE_SPACE (' ')
OPERATOR ('>')
WHITE_SPACE (' ')
NUMBER ('20')
PARENTHESES (')')
WHITE_SPACE ('\n')
WHITE_SPACE ('        ')
BRACES ('{')
WHITE_SPACE ('\n')
WHITE_SPACE ('            ')
KEYWORD ('return')
WHITE_SPACE (' ')
KEYWORD ('true')
SEMICOLON (';')
WHITE_SPACE ('\n')
WHITE_SPACE ('        ')
BRACES ('}')
WHITE_SPACE ('\n')
WHITE_SPACE ('        ')
KEYWORD ('else')
WHITE_SPACE ('\n')
WHITE_SPACE ('        ')
BRACES ('{')
WHITE_SPACE ('\n')
WHITE_SPACE ('            ')
DLangTokenType.ID ('writeln')
PARENTHESES ('(')
DLangTokenType.ID ('name')
PARENTHESES (')')
SEMICOLON (';')
WHITE_SPACE ('\n')
WHITE_SPACE ('            ')
KEYWORD ('return')
WHITE_SPACE (' ')
KEYWORD ('false')
SEMICOLON (';')
WHITE_SPACE ('\n')
WHITE_SPACE ('        ')
BRACES ('}')
WHITE_SPACE ('\n\n')
WHITE_SPACE ('    ')
BRACES ('}')
WHITE_SPACE ('\n\n')
BRACES ('}')
WHITE_SPACE ('\n\n')
KEYWORD ('struct')
WHITE_SPACE (' ')
DLangTokenType.ID ('Pear')
WHITE_SPACE ('\n')
BRACES ('{')
WHITE_SPACE ('\n')
WHITE_SPACE ('    ')
KEYWORD ('int')
WHITE_SPACE (' ')
DLangTokenType.ID ('age')
SEMICOLON (';')
WHITE_SPACE ('\n')
WHITE_SPACE ('    ')
DLangTokenType.ID ('string')
WHITE_SPACE (' ')
DLangTokenType.ID ('name')
SEMICOLON (';')
WHITE_SPACE ('\n')
BRACES ('}')
WHITE_SPACE ('\n\n')
KEYWORD ('void')
WHITE_SPACE (' ')
FUNCTION_DEFINITION ('main')
PARENTHESES ('(')
PARENTHESES (')')
WHITE_SPACE ('\n')
BRACES ('{')
WHITE_SPACE ('\n')
WHITE_SPACE ('    ')
DLangTokenType.ID ('Apple')
WHITE_SPACE (' ')
DLangTokenType.ID ('apple')
WHITE_SPACE (' ')
OPERATOR ('=')
WHITE_SPACE (' ')
KEYWORD ('new')
WHITE_SPACE (' ')
DLangTokenType.ID ('Apple')
PARENTHESES ('(')
PARENTHESES (')')
SEMICOLON (';')
WHITE_SPACE ('\n')
WHITE_SPACE ('    ')
DLangTokenType.ID ('Pear')
WHITE_SPACE (' ')
DLangTokenType.ID ('pear')
WHITE_SPACE (' ')
OPERATOR ('=')
WHITE_SPACE (' ')
DLangTokenType.ID ('Pear')
PARENTHESES ('(')
NUMBER ('1')
COMMA (',')
WHITE_SPACE (' ')
STRING ('"pear"')
PARENTHESES (')')
SEMICOLON (';')
WHITE_SPACE ('\n')
WHITE_SPACE ('    ')
DLangTokenType.ID ('apple')
DOT ('.')
DLangTokenType.ID ('myArray')
PARENTHESES ('(')
PARENTHESES (')')
SEMICOLON (';')
WHITE_SPACE ('\n')
WHITE_SPACE ('    ')
DLangTokenType.ID ('string')
WHITE_SPACE (' ')
DLangTokenType.ID ('age')
WHITE_SPACE (' ')
OPERATOR ('=')
WHITE_SPACE (' ')
NUMBER ('21')
SEMICOLON (';')
WHITE_SPACE ('\n')
WHITE_SPACE ('    ')
DLangTokenType.ID ('apple')
DOT ('.')
DLangTokenType.ID ('myBool')
PARENTHESES ('(')
STRING ('"name"')
COMMA (',')
WHITE_SPACE (' ')
DLangTokenType.ID ('age')
PARENTHESES (')')
SEMICOLON (';')
WHITE_SPACE ('\n')
WHITE_SPACE ('    ')
DLangTokenType.ID ('pear')
DOT ('.')
DLangTokenType.ID ('name')
SEMICOLON (';')
WHITE_SPACE ('\n')
BRACES ('}')
